Archive member included because of file (symbol)

.\CortexM3\ARM_GCC_493\Debug\Energus_Temp_Sense.a(cyfitter_cfg.o)
                              .\CortexM3\ARM_GCC_493\Debug\Cm3Start.o (cyfitter_cfg)
.\CortexM3\ARM_GCC_493\Debug\Energus_Temp_Sense.a(UART.o)
                              .\CortexM3\ARM_GCC_493\Debug\main.o (UART_Start)
.\CortexM3\ARM_GCC_493\Debug\Energus_Temp_Sense.a(UART_IntClock.o)
                              .\CortexM3\ARM_GCC_493\Debug\Energus_Temp_Sense.a(UART.o) (UART_IntClock_Start)
.\CortexM3\ARM_GCC_493\Debug\Energus_Temp_Sense.a(CyBootAsmGnu.o)
                              .\CortexM3\ARM_GCC_493\Debug\Energus_Temp_Sense.a(cyfitter_cfg.o) (CyDelayCycles)
.\CortexM3\ARM_GCC_493\Debug\Energus_Temp_Sense.a(CyDmac.o)
                              .\CortexM3\ARM_GCC_493\Debug\Cm3Start.o (CyDmacConfigure)
.\CortexM3\ARM_GCC_493\Debug\Energus_Temp_Sense.a(CyFlash.o)
                              .\CortexM3\ARM_GCC_493\Debug\Energus_Temp_Sense.a(cyfitter_cfg.o) (CyEEPROM_Start)
.\CortexM3\ARM_GCC_493\Debug\Energus_Temp_Sense.a(CyLib.o)
                              .\CortexM3\ARM_GCC_493\Debug\Cm3Start.o (CyHalt)
.\CortexM3\ARM_GCC_493\Debug\Energus_Temp_Sense.a(cyPm.o)
                              .\CortexM3\ARM_GCC_493\Debug\Energus_Temp_Sense.a(CyLib.o) (CyPmReadStatus)
.\CortexM3\ARM_GCC_493\Debug\Energus_Temp_Sense.a(CySpc.o)
                              .\CortexM3\ARM_GCC_493\Debug\Energus_Temp_Sense.a(CyFlash.o) (CySpcStart)
.\CortexM3\ARM_GCC_493\Debug\Energus_Temp_Sense.a(ADC_SAR_Seq_1.o)
                              .\CortexM3\ARM_GCC_493\Debug\main.o (ADC_SAR_Seq_1_Start)
.\CortexM3\ARM_GCC_493\Debug\Energus_Temp_Sense.a(ADC_SAR_Seq_1_INT.o)
                              .\CortexM3\ARM_GCC_493\Debug\Energus_Temp_Sense.a(ADC_SAR_Seq_1.o) (ADC_SAR_Seq_1_ISR)
.\CortexM3\ARM_GCC_493\Debug\Energus_Temp_Sense.a(ADC_SAR_Seq_1_SAR.o)
                              .\CortexM3\ARM_GCC_493\Debug\Energus_Temp_Sense.a(ADC_SAR_Seq_1.o) (ADC_SAR_Seq_1_SAR_shift)
.\CortexM3\ARM_GCC_493\Debug\Energus_Temp_Sense.a(ADC_SAR_Seq_1_TempBuf_dma.o)
                              .\CortexM3\ARM_GCC_493\Debug\Energus_Temp_Sense.a(ADC_SAR_Seq_1.o) (ADC_SAR_Seq_1_TempBuf_DmaInitialize)
.\CortexM3\ARM_GCC_493\Debug\Energus_Temp_Sense.a(ADC_SAR_Seq_1_FinalBuf_dma.o)
                              .\CortexM3\ARM_GCC_493\Debug\Energus_Temp_Sense.a(ADC_SAR_Seq_1.o) (ADC_SAR_Seq_1_FinalBuf_DmaInitialize)
.\CortexM3\ARM_GCC_493\Debug\Energus_Temp_Sense.a(ADC_SAR_Seq_1_IRQ.o)
                              .\CortexM3\ARM_GCC_493\Debug\Energus_Temp_Sense.a(ADC_SAR_Seq_1.o) (ADC_SAR_Seq_1_IRQ_SetVector)
.\CortexM3\ARM_GCC_493\Debug\Energus_Temp_Sense.a(EEPROM_1.o)
                              .\CortexM3\ARM_GCC_493\Debug\main.o (EEPROM_1_Start)
.\CortexM3\ARM_GCC_493\Debug\Energus_Temp_Sense.a(Pin_3.o)
                              .\CortexM3\ARM_GCC_493\Debug\main.o (Pin_3_Write)
c:/program files (x86)/cypress/psoc creator/3.3/psoc creator/import/gnu/arm/4.9.3/bin/../lib/gcc/arm-none-eabi/4.9.3/armv7-m\libgcc.a(_arm_addsubsf3.o)
                              .\CortexM3\ARM_GCC_493\Debug\Energus_Temp_Sense.a(ADC_SAR_Seq_1_SAR.o) (__aeabi_i2f)
c:/program files (x86)/cypress/psoc creator/3.3/psoc creator/import/gnu/arm/4.9.3/bin/../lib/gcc/arm-none-eabi/4.9.3/armv7-m\libgcc.a(_arm_muldivsf3.o)
                              .\CortexM3\ARM_GCC_493\Debug\Energus_Temp_Sense.a(ADC_SAR_Seq_1_SAR.o) (__aeabi_fmul)
c:/program files (x86)/cypress/psoc creator/3.3/psoc creator/import/gnu/arm/4.9.3/bin/../lib/gcc/arm-none-eabi/4.9.3/armv7-m\libgcc.a(_aeabi_ldivmod.o)
                              .\CortexM3\ARM_GCC_493\Debug\Energus_Temp_Sense.a(ADC_SAR_Seq_1_SAR.o) (__aeabi_ldivmod)
c:/program files (x86)/cypress/psoc creator/3.3/psoc creator/import/gnu/arm/4.9.3/bin/../lib/gcc/arm-none-eabi/4.9.3/armv7-m\libgcc.a(bpabi.o)
                              c:/program files (x86)/cypress/psoc creator/3.3/psoc creator/import/gnu/arm/4.9.3/bin/../lib/gcc/arm-none-eabi/4.9.3/armv7-m\libgcc.a(_aeabi_ldivmod.o) (__gnu_ldivmod_helper)
c:/program files (x86)/cypress/psoc creator/3.3/psoc creator/import/gnu/arm/4.9.3/bin/../lib/gcc/arm-none-eabi/4.9.3/armv7-m\libgcc.a(_dvmd_tls.o)
                              c:/program files (x86)/cypress/psoc creator/3.3/psoc creator/import/gnu/arm/4.9.3/bin/../lib/gcc/arm-none-eabi/4.9.3/armv7-m\libgcc.a(_aeabi_ldivmod.o) (__aeabi_ldiv0)
c:/program files (x86)/cypress/psoc creator/3.3/psoc creator/import/gnu/arm/4.9.3/bin/../lib/gcc/arm-none-eabi/4.9.3/armv7-m\libgcc.a(_divdi3.o)
                              c:/program files (x86)/cypress/psoc creator/3.3/psoc creator/import/gnu/arm/4.9.3/bin/../lib/gcc/arm-none-eabi/4.9.3/armv7-m\libgcc.a(bpabi.o) (__divdi3)
c:/program files (x86)/cypress/psoc creator/3.3/psoc creator/import/gnu/arm/4.9.3/bin/../lib/gcc/arm-none-eabi/4.9.3/armv7-m\libgcc.a(_udivdi3.o)
[...]
Memory Configuration

Name             Origin             Length             Attributes
rom              0x00000000         0x00040000         xr
ram              0x1fff8000         0x00010000         xrw
*default*        0x00000000         0xffffffff

Linker script and memory map

LOAD c:/program files (x86)/cypress/psoc creator/3.3/psoc creator/import/gnu/arm/4.9.3/bin/../lib/gcc/arm-none-eabi/4.9.3/armv7-m/crti.o
LOAD c:/program files (x86)/cypress/psoc creator/3.3/psoc creator/import/gnu/arm/4.9.3/bin/../lib/gcc/arm-none-eabi/4.9.3/armv7-m/crtbegin.o
LOAD c:/program files (x86)/cypress/psoc creator/3.3/psoc creator/import/gnu/arm/4.9.3/bin/../lib/gcc/arm-none-eabi/4.9.3/../../../../arm-none-eabi/lib/armv7-m/crt0.o
START GROUP
LOAD .\CortexM3\ARM_GCC_493\Debug\main.o
LOAD .\CortexM3\ARM_GCC_493\Debug\measurement.o
LOAD .\CortexM3\ARM_GCC_493\Debug\cymetadata.o
LOAD .\CortexM3\ARM_GCC_493\Debug\Cm3Start.o
LOAD .\CortexM3\ARM_GCC_493\Debug\Energus_Temp_Sense.a
LOAD C:\Program Files (x86)\Cypress\PSoC Creator\3.3\PSoC Creator\psoc\content\cycomponentlibrary\CyComponentLibrary.cylib\CortexM3\ARM_GCC_493\Debug\CyComponentLibrary.a
END GROUP
START GROUP
LOAD c:/program files (x86)/cypress/psoc creator/3.3/psoc creator/import/gnu/arm/4.9.3/bin/../lib/gcc/arm-none-eabi/4.9.3/armv7-m\libgcc.a
LOAD c:/program files (x86)/cypress/psoc creator/3.3/psoc creator/import/gnu/arm/4.9.3/bin/../lib/gcc/arm-none-eabi/4.9.3/../../../../arm-none-eabi/lib/armv7-m\libg_nano.a
LOAD c:/program files (x86)/cypress/psoc creator/3.3/psoc creator/import/gnu/arm/4.9.3/bin/../lib/gcc/arm-none-eabi/4.9.3/../../../../arm-none-eabi/lib/armv7-m\libc_nano.a
END GROUP
START GROUP
LOAD c:/program files (x86)/cypress/psoc creator/3.3/psoc creator/import/gnu/arm/4.9.3/bin/../lib/gcc/arm-none-eabi/4.9.3/armv7-m\libgcc.a
LOAD c:/program files (x86)/cypress/psoc creator/3.3/psoc creator/import/gnu/arm/4.9.3/bin/../lib/gcc/arm-none-eabi/4.9.3/../../../../arm-none-eabi/lib/armv7-m\libc_nano.a
END GROUP
LOAD c:/program files (x86)/cypress/psoc creator/3.3/psoc creator/import/gnu/arm/4.9.3/bin/../lib/gcc/arm-none-eabi/4.9.3/armv7-m/crtend.o
LOAD c:/program files (x86)/cypress/psoc creator/3.3/psoc creator/import/gnu/arm/4.9.3/bin/../lib/gcc/arm-none-eabi/4.9.3/armv7-m/crtn.o
START GROUP
LOAD c:/program files (x86)/cypress/psoc creator/3.3/psoc creator/import/gnu/arm/4.9.3/bin/../lib/gcc/arm-none-eabi/4.9.3/armv7-m\libgcc.a
LOAD c:/program files (x86)/cypress/psoc creator/3.3/psoc creator/import/gnu/arm/4.9.3/bin/../lib/gcc/arm-none-eabi/4.9.3/../../../../arm-none-eabi/lib/armv7-m\libc.a
LOAD c:/program files (x86)/cypress/psoc creator/3.3/psoc creator/import/gnu/arm/4.9.3/bin/../lib/gcc/arm-none-eabi/4.9.3/../../../../arm-none-eabi/lib/armv7-m\libnosys.a
END GROUP
                0x00000000                CY_APPL_ORIGIN = 0x0
                0x00000100                CY_FLASH_ROW_SIZE = 0x100
                0x00000020                CY_ECC_ROW_SIZE = 0x20
                0x00000000                CY_EE_IN_BTLDR = 0x0
                0x00000000                CY_APPL_LOADABLE = 0x0
                0x00000800                CY_EE_SIZE = 0x800
                0x00000001                CY_APPL_NUM = 0x1
                0x00000001                CY_APPL_MAX = 0x1
                0x00000040                CY_METADATA_SIZE = 0x40
                0x00000000                CY_APPL_LOADABLE = 0x0
                0x00000000                CY_CHECKSUM_EXCLUDE_SIZE = ALIGN (0x0, CY_FLASH_ROW_SIZE)
                0x1fff8178                PROVIDE (__cy_heap_start, _end)
                0x00000001                PROVIDE (__cy_region_num, ((__cy_regions_end - __cy_regions) / 0x10))
                0x20008000                PROVIDE (__cy_stack, (ORIGIN (ram) + 0x10000))
                0x20007800                PROVIDE (__cy_heap_end, (__cy_stack - 0x800))

.cybootloader   0x00000000        0x0
 *(.cybootloader)
                0x00000000                appl1_start = CY_APPL_ORIGIN?CY_APPL_ORIGIN:ALIGN (CY_FLASH_ROW_SIZE)
                0x0001ff00                appl2_start = (appl1_start + ALIGN ((((0x40000 - appl1_start) - (0x2 * CY_FLASH_ROW_SIZE)) / 0x2), CY_FLASH_ROW_SIZE))
                0x00000000                appl_start = (CY_APPL_NUM == 0x1)?appl1_start:appl2_start
                0x00000000                ecc_offset = ((appl_start / CY_FLASH_ROW_SIZE) * CY_ECC_ROW_SIZE)
                0x00000000                ee_offset = (CY_APPL_LOADABLE && ! (CY_EE_IN_BTLDR))?((CY_EE_SIZE / CY_APPL_MAX) * (CY_APPL_NUM - 0x1)):0x0
                0x00000800                ee_size = (CY_APPL_LOADABLE && ! (CY_EE_IN_BTLDR))?(CY_EE_SIZE / CY_APPL_MAX):CY_EE_SIZE
                0x00000000                PROVIDE (CY_ECC_OFFSET, ecc_offset)

.text           0x00000000      0xdd2
 CREATE_OBJECT_SYMBOLS
                0x00000000                PROVIDE (__cy_interrupt_vector, RomVectors)
 *(.romvectors)
 .romvectors    0x00000000       0x10 .\CortexM3\ARM_GCC_493\Debug\Cm3Start.o
                0x00000000                RomVectors
                0x00000001                ASSERT ((. != __cy_interrupt_vector), No interrupt vector)
                0x00000001                ASSERT (CY_APPL_ORIGIN?(SIZEOF (.cybootloader) <= CY_APPL_ORIGIN):0x1, Wrong image location)
                0x00000010                PROVIDE (__cy_reset, Reset)
 *(.text.Reset)
 .text.Reset    0x00000010       0x18 .\CortexM3\ARM_GCC_493\Debug\Cm3Start.o
                0x00000010                Reset
                0x00000001                ASSERT ((. != __cy_reset), No reset code)
 *(.dma_init)
                0x00000001                ASSERT ((((appl_start + .) <= 0x10000) || 0x1), DMA Init must be within the first 64k of flash)
 *(.text .text.* .gnu.linkonce.t.*)
 .text          0x00000028       0x5c c:/program files (x86)/cypress/psoc creator/3.3/psoc creator/import/gnu/arm/4.9.3/bin/../lib/gcc/arm-none-eabi/4.9.3/armv7-m/crtbegin.o
 .text.main     0x00000084       0x54 .\CortexM3\ARM_GCC_493\Debug\main.o
                0x00000084                main
 .text.MeasureSensorVoltage
                0x000000d8       0x1c .\CortexM3\ARM_GCC_493\Debug\measurement.o
                0x000000d8                MeasureSensorVoltage
 .text.IntDefaultHandler
                0x000000f4        0x4 .\CortexM3\ARM_GCC_493\Debug\Cm3Start.o
                0x000000f4                IntDefaultHandler
 .text.Start_c  0x000000f8       0x4c .\CortexM3\ARM_GCC_493\Debug\Cm3Start.o
                0x000000f8                Start_c
 .text.initialize_psoc
                0x00000144       0x78 .\CortexM3\ARM_GCC_493\Debug\Cm3Start.o
                0x00000144                initialize_psoc
 .text.CyClockStartupError
                0x000001bc        0x4 .\CortexM3\ARM_GCC_493\Debug\Energus_Temp_Sense.a(cyfitter_cfg.o)
 .text.cfg_write_bytes32
                0x000001c0       0x34 .\CortexM3\ARM_GCC_493\Debug\Energus_Temp_Sense.a(cyfitter_cfg.o)
 .text.AnalogSetDefault
                0x000001f4       0x80 .\CortexM3\ARM_GCC_493\Debug\Energus_Temp_Sense.a(cyfitter_cfg.o)
 .text.CYMEMZERO
                0x00000274        0xc .\CortexM3\ARM_GCC_493\Debug\Energus_Temp_Sense.a(cyfitter_cfg.o)
 .text.ClockSetup
                0x00000280       0xc4 .\CortexM3\ARM_GCC_493\Debug\Energus_Temp_Sense.a(cyfitter_cfg.o)
 .text.CYCONFIGCPY
                0x00000344        0x8 .\CortexM3\ARM_GCC_493\Debug\Energus_Temp_Sense.a(cyfitter_cfg.o)
 .text.cyfitter_cfg
                0x0000034c       0xec .\CortexM3\ARM_GCC_493\Debug\Energus_Temp_Sense.a(cyfitter_cfg.o)
                0x0000034c                cyfitter_cfg
 .text.UART_Init
                0x00000438       0x18 .\CortexM3\ARM_GCC_493\Debug\Energus_Temp_Sense.a(UART.o)
                0x00000438                UART_Init
 .text.UART_Enable
                0x00000450       0x24 .\CortexM3\ARM_GCC_493\Debug\Energus_Temp_Sense.a(UART.o)
                0x00000450                UART_Enable
 .text.UART_Start
                0x00000474       0x1c .\CortexM3\ARM_GCC_493\Debug\Energus_Temp_Sense.a(UART.o)
                0x00000474                UART_Start
 .text.UART_IntClock_Start
                0x00000490       0x1c .\CortexM3\ARM_GCC_493\Debug\Energus_Temp_Sense.a(UART_IntClock.o)
                0x00000490                UART_IntClock_Start
 *fill*         0x000004ac        0x4 
 .text          0x000004b0       0x20 .\CortexM3\ARM_GCC_493\Debug\Energus_Temp_Sense.a(CyBootAsmGnu.o)
                0x000004b0                CyDelayCycles
                0x000004c0                CyEnterCriticalSection
                0x000004c8                CyExitCriticalSection
 .text.CyDmacConfigure
                0x000004d0       0x34 .\CortexM3\ARM_GCC_493\Debug\Energus_Temp_Sense.a(CyDmac.o)
                0x000004d0                CyDmacConfigure
 .text.CyDmaChEnable
                0x00000504       0x38 .\CortexM3\ARM_GCC_493\Debug\Energus_Temp_Sense.a(CyDmac.o)
                0x00000504                CyDmaChEnable
 .text.CyDmaClearPendingDrq
                0x0000053c       0x28 .\CortexM3\ARM_GCC_493\Debug\Energus_Temp_Sense.a(CyDmac.o)
                0x0000053c                CyDmaClearPendingDrq
 .text.CyDmaChPriority
                0x00000564       0x24 .\CortexM3\ARM_GCC_493\Debug\Energus_Temp_Sense.a(CyDmac.o)
                0x00000564                CyDmaChPriority
 .text.CyDmaChSetExtendedAddress
                0x00000588       0x34 .\CortexM3\ARM_GCC_493\Debug\Energus_Temp_Sense.a(CyDmac.o)
                0x00000588                CyDmaChSetExtendedAddress
 .text.CyDmaChSetInitialTd
                0x000005bc       0x18 .\CortexM3\ARM_GCC_493\Debug\Energus_Temp_Sense.a(CyDmac.o)
                0x000005bc                CyDmaChSetInitialTd
 .text.CyDmaChSetConfiguration
                0x000005d4       0x48 .\CortexM3\ARM_GCC_493\Debug\Energus_Temp_Sense.a(CyDmac.o)
                0x000005d4                CyDmaChSetConfiguration
 .text.CyDmaTdAllocate
                0x0000061c       0x34 .\CortexM3\ARM_GCC_493\Debug\Energus_Temp_Sense.a(CyDmac.o)
                0x0000061c                CyDmaTdAllocate
 .text.CyDmaTdSetConfiguration
                0x00000650       0x28 .\CortexM3\ARM_GCC_493\Debug\Energus_Temp_Sense.a(CyDmac.o)
                0x00000650                CyDmaTdSetConfiguration
 .text.CyDmaTdSetAddress
                0x00000678       0x1c .\CortexM3\ARM_GCC_493\Debug\Energus_Temp_Sense.a(CyDmac.o)
                0x00000678                CyDmaTdSetAddress
 .text.CyFlashGetSpcAlgorithm
                0x00000694       0x4c .\CortexM3\ARM_GCC_493\Debug\Energus_Temp_Sense.a(CyFlash.o)
 .text.CySetTempInt
                0x000006e0       0x60 .\CortexM3\ARM_GCC_493\Debug\Energus_Temp_Sense.a(CyFlash.o)
 .text.CySetTemp
                0x00000740       0x14 .\CortexM3\ARM_GCC_493\Debug\Energus_Temp_Sense.a(CyFlash.o)
                0x00000740                CySetTemp
 .text.CyEEPROM_Start
                0x00000754       0x54 .\CortexM3\ARM_GCC_493\Debug\Energus_Temp_Sense.a(CyFlash.o)
                0x00000754                CyEEPROM_Start
 .text.CyEEPROM_ReadReserve
                0x000007a8       0x1c .\CortexM3\ARM_GCC_493\Debug\Energus_Temp_Sense.a(CyFlash.o)
                0x000007a8                CyEEPROM_ReadReserve
 .text.CyEEPROM_ReadRelease
                0x000007c4       0x10 .\CortexM3\ARM_GCC_493\Debug\Energus_Temp_Sense.a(CyFlash.o)
                0x000007c4                CyEEPROM_ReadRelease
 .text.CyHalt   0x000007d4        0x4 .\CortexM3\ARM_GCC_493\Debug\Energus_Temp_Sense.a(CyLib.o)
                0x000007d4                CyHalt
 .text.CyDelayUs
                0x000007d8       0x14 .\CortexM3\ARM_GCC_493\Debug\Energus_Temp_Sense.a(CyLib.o)
                0x000007d8                CyDelayUs
 .text.CySpcStart
                0x000007ec       0x24 .\CortexM3\ARM_GCC_493\Debug\Energus_Temp_Sense.a(CySpc.o)
                0x000007ec                CySpcStart
 .text.CySpcReadData
                0x00000810       0x34 .\CortexM3\ARM_GCC_493\Debug\Energus_Temp_Sense.a(CySpc.o)
                0x00000810                CySpcReadData
 .text.CySpcGetTemp
                0x00000844       0x3c .\CortexM3\ARM_GCC_493\Debug\Energus_Temp_Sense.a(CySpc.o)
                0x00000844                CySpcGetTemp
 .text.CySpcLock
                0x00000880       0x4c .\CortexM3\ARM_GCC_493\Debug\Energus_Temp_Sense.a(CySpc.o)
                0x00000880                CySpcLock
 .text.CySpcUnlock
                0x000008cc       0x38 .\CortexM3\ARM_GCC_493\Debug\Energus_Temp_Sense.a(CySpc.o)
                0x000008cc                CySpcUnlock
 .text.CySpcGetAlgorithm
                0x00000904       0x28 .\CortexM3\ARM_GCC_493\Debug\Energus_Temp_Sense.a(CySpc.o)
                0x00000904                CySpcGetAlgorithm
 .text.ADC_SAR_Seq_1_Init
                0x0000092c       0x3c .\CortexM3\ARM_GCC_493\Debug\Energus_Temp_Sense.a(ADC_SAR_Seq_1.o)
                0x0000092c                ADC_SAR_Seq_1_Init
 .text.ADC_SAR_Seq_1_Enable
                0x00000968       0xcc .\CortexM3\ARM_GCC_493\Debug\Energus_Temp_Sense.a(ADC_SAR_Seq_1.o)
                0x00000968                ADC_SAR_Seq_1_Enable
 .text.ADC_SAR_Seq_1_Start
                0x00000a34       0x28 .\CortexM3\ARM_GCC_493\Debug\Energus_Temp_Sense.a(ADC_SAR_Seq_1.o)
                0x00000a34                ADC_SAR_Seq_1_Start
 .text.ADC_SAR_Seq_1_StartConvert
                0x00000a5c        0x8 .\CortexM3\ARM_GCC_493\Debug\Energus_Temp_Sense.a(ADC_SAR_Seq_1.o)
                0x00000a5c                ADC_SAR_Seq_1_StartConvert
 .text.ADC_SAR_Seq_1_IsEndConversion
                0x00000a64       0x18 .\CortexM3\ARM_GCC_493\Debug\Energus_Temp_Sense.a(ADC_SAR_Seq_1.o)
                0x00000a64                ADC_SAR_Seq_1_IsEndConversion
 .text.ADC_SAR_Seq_1_GetResult16
                0x00000a7c       0x1c .\CortexM3\ARM_GCC_493\Debug\Energus_Temp_Sense.a(ADC_SAR_Seq_1.o)
                0x00000a7c                ADC_SAR_Seq_1_GetResult16
 .text.ADC_SAR_Seq_1_CountsTo_mVolts
                0x00000a98        0x8 .\CortexM3\ARM_GCC_493\Debug\Energus_Temp_Sense.a(ADC_SAR_Seq_1.o)
                0x00000a98                ADC_SAR_Seq_1_CountsTo_mVolts
 .text.ADC_SAR_Seq_1_ISR
                0x00000aa0        0x4 .\CortexM3\ARM_GCC_493\Debug\Energus_Temp_Sense.a(ADC_SAR_Seq_1_INT.o)
                0x00000aa0                ADC_SAR_Seq_1_ISR
 .text.ADC_SAR_Seq_1_SAR_CalcGain
                0x00000aa4       0x64 .\CortexM3\ARM_GCC_493\Debug\Energus_Temp_Sense.a(ADC_SAR_Seq_1_SAR.o)
 .text.ADC_SAR_Seq_1_SAR_Enable
                0x00000b08       0x78 .\CortexM3\ARM_GCC_493\Debug\Energus_Temp_Sense.a(ADC_SAR_Seq_1_SAR.o)
                0x00000b08                ADC_SAR_Seq_1_SAR_Enable
 .text.ADC_SAR_Seq_1_SAR_SetResolution
                0x00000b80       0x38 .\CortexM3\ARM_GCC_493\Debug\Energus_Temp_Sense.a(ADC_SAR_Seq_1_SAR.o)
                0x00000b80                ADC_SAR_Seq_1_SAR_SetResolution
 .text.ADC_SAR_Seq_1_SAR_Init
                0x00000bb8       0x24 .\CortexM3\ARM_GCC_493\Debug\Energus_Temp_Sense.a(ADC_SAR_Seq_1_SAR.o)
                0x00000bb8                ADC_SAR_Seq_1_SAR_Init
 .text.ADC_SAR_Seq_1_SAR_Start
                0x00000bdc       0x1c .\CortexM3\ARM_GCC_493\Debug\Energus_Temp_Sense.a(ADC_SAR_Seq_1_SAR.o)
                0x00000bdc                ADC_SAR_Seq_1_SAR_Start
 .text.ADC_SAR_Seq_1_SAR_StartConvert
                0x00000bf8       0x10 .\CortexM3\ARM_GCC_493\Debug\Energus_Temp_Sense.a(ADC_SAR_Seq_1_SAR.o)
                0x00000bf8                ADC_SAR_Seq_1_SAR_StartConvert
 .text.ADC_SAR_Seq_1_SAR_CountsTo_mVolts
                0x00000c08       0x54 .\CortexM3\ARM_GCC_493\Debug\Energus_Temp_Sense.a(ADC_SAR_Seq_1_SAR.o)
                0x00000c08                ADC_SAR_Seq_1_SAR_CountsTo_mVolts
 .text.ADC_SAR_Seq_1_TempBuf_DmaInitialize
                0x00000c5c       0x40 .\CortexM3\ARM_GCC_493\Debug\Energus_Temp_Sense.a(ADC_SAR_Seq_1_TempBuf_dma.o)
                0x00000c5c                ADC_SAR_Seq_1_TempBuf_DmaInitialize
 .text.ADC_SAR_Seq_1_FinalBuf_DmaInitialize
                0x00000c9c       0x3c .\CortexM3\ARM_GCC_493\Debug\Energus_Temp_Sense.a(ADC_SAR_Seq_1_FinalBuf_dma.o)
                0x00000c9c                ADC_SAR_Seq_1_FinalBuf_DmaInitialize
 .text.ADC_SAR_Seq_1_IRQ_SetVector
                0x00000cd8        0xc .\CortexM3\ARM_GCC_493\Debug\Energus_Temp_Sense.a(ADC_SAR_Seq_1_IRQ.o)
                0x00000cd8                ADC_SAR_Seq_1_IRQ_SetVector
 .text.ADC_SAR_Seq_1_IRQ_SetPriority
                0x00000ce4       0x10 .\CortexM3\ARM_GCC_493\Debug\Energus_Temp_Sense.a(ADC_SAR_Seq_1_IRQ.o)
                0x00000ce4                ADC_SAR_Seq_1_IRQ_SetPriority
 .text.EEPROM_1_Enable
                0x00000cf4        0xc .\CortexM3\ARM_GCC_493\Debug\Energus_Temp_Sense.a(EEPROM_1.o)
                0x00000cf4                EEPROM_1_Enable
 .text.EEPROM_1_Start
                0x00000d00        0x8 .\CortexM3\ARM_GCC_493\Debug\Energus_Temp_Sense.a(EEPROM_1.o)
                0x00000d00                EEPROM_1_Start
 .text.EEPROM_1_ReadByte
                0x00000d08       0x28 .\CortexM3\ARM_GCC_493\Debug\Energus_Temp_Sense.a(EEPROM_1.o)
                0x00000d08                EEPROM_1_ReadByte
 .text.Pin_3_Write
                0x00000d30       0x18 .\CortexM3\ARM_GCC_493\Debug\Energus_Temp_Sense.a(Pin_3.o)
                0x00000d30                Pin_3_Write
 .text.Pin_3_SetDriveMode
                0x00000d48       0x18 .\CortexM3\ARM_GCC_493\Debug\Energus_Temp_Sense.a(Pin_3.o)
                0x00000d48                Pin_3_SetDriveMode
 .text.__libc_init_array
                0x00000d60       0x4c c:/program files (x86)/cypress/psoc creator/3.3/psoc creator/import/gnu/arm/4.9.3/bin/../lib/gcc/arm-none-eabi/4.9.3/../../../../arm-none-eabi/lib/armv7-m\libg_nano.a(lib_a-init.o)
                0x00000d60                __libc_init_array
 .text.memcpy   0x00000dac       0x16 c:/program files (x86)/cypress/psoc creator/3.3/psoc creator/import/gnu/arm/4.9.3/bin/../lib/gcc/arm-none-eabi/4.9.3/../../../../arm-none-eabi/lib/armv7-m\libg_nano.a(lib_a-memcpy.o)
                0x00000dac                memcpy
 .text.memset   0x00000dc2       0x10 c:/program files (x86)/cypress/psoc creator/3.3/psoc creator/import/gnu/arm/4.9.3/bin/../lib/gcc/arm-none-eabi/4.9.3/../../../../arm-none-eabi/lib/armv7-m\libg_nano.a(lib_a-memset.o)
                0x00000dc2                memset
 *(.plt)
 *(.gnu.warning)
 *(.glue_7t)
 .glue_7t       0x00000000        0x0 linker stubs
 *(.glue_7)
 .glue_7        0x00000000        0x0 linker stubs
 *(.vfp11_veneer)
 .vfp11_veneer  0x00000000        0x0 linker stubs
 *(.bootloader)
 *(.ARM.extab* .gnu.linkonce.armextab.*)
 *(.gcc_except_table)

.v4_bx          0x00000dd4        0x0
 .v4_bx         0x00000000        0x0 linker stubs

.iplt           0x00000dd4        0x0
 .iplt          0x00000000        0x0 c:/program files (x86)/cypress/psoc creator/3.3/psoc creator/import/gnu/arm/4.9.3/bin/../lib/gcc/arm-none-eabi/4.9.3/armv7-m/crtbegin.o

.eh_frame_hdr
 *(.eh_frame_hdr)

.eh_frame       0x00000dd4        0x4
 *(.eh_frame)
 .eh_frame      0x00000dd4        0x0 c:/program files (x86)/cypress/psoc creator/3.3/psoc creator/import/gnu/arm/4.9.3/bin/../lib/gcc/arm-none-eabi/4.9.3/armv7-m/crtbegin.o
 .eh_frame      0x00000dd4        0x4 c:/program files (x86)/cypress/psoc creator/3.3/psoc creator/import/gnu/arm/4.9.3/bin/../lib/gcc/arm-none-eabi/4.9.3/armv7-m/crtend.o
                0x00000dd8                PROVIDE (__exidx_start, .)

.ARM.exidx
 *(.ARM.exidx* .gnu.linkonce.armexidx.*)
                0x00000dd8                __exidx_end = .

.rodata         0x00000dd8       0x68
 *(.rodata .rodata.* .gnu.linkonce.r.*)
 .rodata        0x00000dd8       0x30 .\CortexM3\ARM_GCC_493\Debug\Energus_Temp_Sense.a(cyfitter_cfg.o)
                0x00000e08                . = ALIGN (0x4)
 *(.init)
 .init          0x00000e08        0x4 c:/program files (x86)/cypress/psoc creator/3.3/psoc creator/import/gnu/arm/4.9.3/bin/../lib/gcc/arm-none-eabi/4.9.3/armv7-m/crti.o
                0x00000e08                _init
 .init          0x00000e0c        0x8 c:/program files (x86)/cypress/psoc creator/3.3/psoc creator/import/gnu/arm/4.9.3/bin/../lib/gcc/arm-none-eabi/4.9.3/armv7-m/crtn.o
                0x00000e14                . = ALIGN (0x4)
                0x00000e14                __preinit_array_start = .
 *(.preinit_array)
                0x00000e14                __preinit_array_end = .
                0x00000e14                . = ALIGN (0x4)
                0x00000e14                __init_array_start = .
 *(SORT(.init_array.*))
 *(.init_array)
 .init_array    0x00000e14        0x4 c:/program files (x86)/cypress/psoc creator/3.3/psoc creator/import/gnu/arm/4.9.3/bin/../lib/gcc/arm-none-eabi/4.9.3/armv7-m/crtbegin.o
 .init_array    0x00000e18        0x4 .\CortexM3\ARM_GCC_493\Debug\Cm3Start.o
                0x00000e1c                __init_array_end = .
                0x00000e1c                . = ALIGN (0x4)
 *(.fini)
 .fini          0x00000e1c        0x4 c:/program files (x86)/cypress/psoc creator/3.3/psoc creator/import/gnu/arm/4.9.3/bin/../lib/gcc/arm-none-eabi/4.9.3/armv7-m/crti.o
                0x00000e1c                _fini
 .fini          0x00000e20        0x8 c:/program files (x86)/cypress/psoc creator/3.3/psoc creator/import/gnu/arm/4.9.3/bin/../lib/gcc/arm-none-eabi/4.9.3/armv7-m/crtn.o
                0x00000e28                . = ALIGN (0x4)
                0x00000e28                __fini_array_start = .
 *(.fini_array)
 .fini_array    0x00000e28        0x4 c:/program files (x86)/cypress/psoc creator/3.3/psoc creator/import/gnu/arm/4.9.3/bin/../lib/gcc/arm-none-eabi/4.9.3/armv7-m/crtbegin.o
 *(SORT(.fini_array.*))
                0x00000e2c                __fini_array_end = .
                0x00000e2c                . = ALIGN (0x4)
 *crtbegin.o(.ctors)
 *(EXCLUDE_FILE(*crtend.o) .ctors)
 *(SORT(.ctors.*))
 *crtend.o(.ctors)
                0x00000e2c                . = ALIGN (0x4)
 *crtbegin.o(.dtors)
 *(EXCLUDE_FILE(*crtend.o) .dtors)
 *(SORT(.dtors.*))
 *crtend.o(.dtors)
                0x00000e2c                . = ALIGN (0x4)
                0x00000e2c                __cy_regions = .
                0x00000e2c        0x4 LONG 0xe40 __cy_region_init_ram
                0x00000e30        0x4 LONG 0x1fff8108 __cy_region_start_data
                0x00000e34        0x4 LONG 0x20 __cy_region_init_size_ram
                0x00000e38        0x4 LONG 0x50 __cy_region_zero_size_ram
                0x00000e3c                __cy_regions_end = .
                0x00000e40                . = ALIGN (0x8)
 *fill*         0x00000e3c        0x4 
                0x00000e40                _etext = .

.cy_checksum_exclude
                0x00000e40        0x0
 *(.cy_checksum_exclude)

.ramvectors     0x1fff8000      0x100
                0x1fff8000                __cy_region_start_ram = .
 *(.ramvectors)
 .ramvectors    0x1fff8000      0x100 .\CortexM3\ARM_GCC_493\Debug\Cm3Start.o
                0x1fff8000                CyRamVectors

.noinit         0x1fff8100        0x5
 *(.noinit)
 .noinit        0x1fff8100        0x4 .\CortexM3\ARM_GCC_493\Debug\Cm3Start.o
 .noinit        0x1fff8104        0x1 .\CortexM3\ARM_GCC_493\Debug\Energus_Temp_Sense.a(CyLib.o)
                0x1fff8104                CyResetStatus

.data           0x1fff8108       0x20 load address 0x00000e40
                0x1fff8108                __cy_region_start_data = .
 *(.jcr)
 .jcr           0x1fff8108        0x0 c:/program files (x86)/cypress/psoc creator/3.3/psoc creator/import/gnu/arm/4.9.3/bin/../lib/gcc/arm-none-eabi/4.9.3/armv7-m/crtbegin.o
 .jcr           0x1fff8108        0x4 c:/program files (x86)/cypress/psoc creator/3.3/psoc creator/import/gnu/arm/4.9.3/bin/../lib/gcc/arm-none-eabi/4.9.3/armv7-m/crtend.o
 *(.got.plt)
 *(.got)
 *(.shdata)
 *(.data .data.* .gnu.linkonce.d.*)
 .data          0x1fff810c        0x8 .\CortexM3\ARM_GCC_493\Debug\Energus_Temp_Sense.a(CyDmac.o)
 .data          0x1fff8114       0x10 .\CortexM3\ARM_GCC_493\Debug\Energus_Temp_Sense.a(CyLib.o)
                0x1fff8114                cydelay_32k_ms
                0x1fff8118                cydelay_freq_khz
                0x1fff811c                cydelay_freq_mhz
                0x1fff8120                cydelay_freq_hz
 .data          0x1fff8124        0x2 .\CortexM3\ARM_GCC_493\Debug\Energus_Temp_Sense.a(ADC_SAR_Seq_1.o)
 .data          0x1fff8126        0x1 .\CortexM3\ARM_GCC_493\Debug\Energus_Temp_Sense.a(ADC_SAR_Seq_1_TempBuf_dma.o)
                0x1fff8126                ADC_SAR_Seq_1_TempBuf_DmaHandle
 .data          0x1fff8127        0x1 .\CortexM3\ARM_GCC_493\Debug\Energus_Temp_Sense.a(ADC_SAR_Seq_1_FinalBuf_dma.o)
                0x1fff8127                ADC_SAR_Seq_1_FinalBuf_DmaHandle
                0x1fff8128                . = ALIGN (0x8)
 *(.ram)
                0x1fff8128                _edata = .

.igot.plt       0x1fff8128        0x0 load address 0x00000e60
 .igot.plt      0x00000000        0x0 c:/program files (x86)/cypress/psoc creator/3.3/psoc creator/import/gnu/arm/4.9.3/bin/../lib/gcc/arm-none-eabi/4.9.3/armv7-m/crtbegin.o

.bss            0x1fff8128       0x50 load address 0x00000e60
                0x1fff8128                PROVIDE (__bss_start__, .)
 *(.shbss)
 *(.bss .bss.* .gnu.linkonce.b.*)
 .bss           0x1fff8128       0x1c c:/program files (x86)/cypress/psoc creator/3.3/psoc creator/import/gnu/arm/4.9.3/bin/../lib/gcc/arm-none-eabi/4.9.3/armv7-m/crtbegin.o
 .bss           0x1fff8144        0x2 .\CortexM3\ARM_GCC_493\Debug\Energus_Temp_Sense.a(UART.o)
                0x1fff8144                UART_initVar
 *fill*         0x1fff8146        0x2 
 .bss           0x1fff8148        0x8 .\CortexM3\ARM_GCC_493\Debug\Energus_Temp_Sense.a(CySpc.o)
                0x1fff8148                SpcLockState
 .bss           0x1fff8150        0xc .\CortexM3\ARM_GCC_493\Debug\Energus_Temp_Sense.a(ADC_SAR_Seq_1.o)
                0x1fff8158                ADC_SAR_Seq_1_initVar
 .bss           0x1fff815c        0x1 .\CortexM3\ARM_GCC_493\Debug\Energus_Temp_Sense.a(ADC_SAR_Seq_1_SAR.o)
                0x1fff815c                ADC_SAR_Seq_1_SAR_initVar
 *(COMMON)
 *fill*         0x1fff815d        0x3 
 COMMON         0x1fff8160        0x2 .\CortexM3\ARM_GCC_493\Debug\Energus_Temp_Sense.a(CyFlash.o)
                0x1fff8160                dieTemperature
 *fill*         0x1fff8162        0x2 
 COMMON         0x1fff8164        0x4 .\CortexM3\ARM_GCC_493\Debug\Energus_Temp_Sense.a(ADC_SAR_Seq_1.o)
                0x1fff8164                ADC_SAR_Seq_1_finalArray
 COMMON         0x1fff8168        0xa .\CortexM3\ARM_GCC_493\Debug\Energus_Temp_Sense.a(ADC_SAR_Seq_1_SAR.o)
                0x1fff8168                ADC_SAR_Seq_1_SAR_countsPerVolt
                0x1fff816a                ADC_SAR_Seq_1_SAR_offset
                0x1fff816c                ADC_SAR_Seq_1_SAR_countsPer10Volt
                0x1fff8170                ADC_SAR_Seq_1_SAR_shift
                0x1fff8178                . = ALIGN (0x8)
 *fill*         0x1fff8172        0x6 
 *(.ram.b)
                0x1fff8178                _end = .
                0x1fff8178                __end = .
                0x1fff8178                PROVIDE (end, .)
                0x1fff8178                PROVIDE (__bss_end__, .)
                0x00000e40                __cy_region_init_ram = LOADADDR (.data)
                0x00000020                __cy_region_init_size_ram = (_edata - ADDR (.data))
                0x00000050                __cy_region_zero_size_ram = (_end - _edata)

.heap           0x1fff8178       0x80 load address 0x00000e60
                0x1fff8178                . = _end
                0x1fff81f8                . = (. + 0x80)
 *fill*         0x1fff8178       0x80 
                0x1fff81f8                __cy_heap_limit = .

.stack          0x20007800      0x800
                0x20007800                __cy_stack_limit = .
                0x20008000                . = (. + 0x800)
 *fill*         0x20007800      0x800 
                0x00000001                ASSERT ((__cy_stack_limit >= __cy_heap_limit), region RAM overflowed with stack)
                0x00000000                cy_checksum_exclude_size = (CY_APPL_LOADABLE == 0x1)?SIZEOF (.cy_checksum_exclude):0x0
                0x00000001                ASSERT ((cy_checksum_exclude_size <= CY_CHECKSUM_EXCLUDE_SIZE), CY_BOOT: Section .cy_checksum_exclude size exceedes specified limit.)

.cyloadermeta
 *(.cyloadermeta)

.cyloadablemeta
 *(.cyloadablemeta)

.cyconfigecc    0x80000000      0x534
 *(.cyconfigecc)
 .cyconfigecc   0x80000000      0x534 .\CortexM3\ARM_GCC_493\Debug\cymetadata.o
                0x80000000                cy_meta_configecc

.cycustnvl      0x90000000        0x4
 *(.cycustnvl)
 .cycustnvl     0x90000000        0x4 .\CortexM3\ARM_GCC_493\Debug\cymetadata.o
                0x90000000                cy_meta_custnvl

.cywolatch      0x90100000        0x4
 *(.cywolatch)
 .cywolatch     0x90100000        0x4 .\CortexM3\ARM_GCC_493\Debug\cymetadata.o
                0x90100000                cy_meta_wonvl

.cyeeprom       0x90200000      0x800
 *(.cyeeprom)
 .cyeeprom      0x90200000      0x800 .\CortexM3\ARM_GCC_493\Debug\cymetadata.o
                0x90200000                cy_eeprom
                0x00000001                ASSERT ((. <= ((0x90200000 + ee_offset) + ee_size)), .cyeeprom data will not fit in EEPROM)

.cyflashprotect
                0x90400000      0x100
 *(.cyflashprotect)
 .cyflashprotect
                0x90400000      0x100 .\CortexM3\ARM_GCC_493\Debug\cymetadata.o
                0x90400000                cy_meta_flashprotect

.cymeta         0x90500000        0xc
 *(.cymeta)
 .cymeta        0x90500000        0xc .\CortexM3\ARM_GCC_493\Debug\cymetadata.o
                0x90500000                cy_metadata

.rel.dyn        0x00000e60        0x0 load address 0x9050000c
 .rel.iplt      0x00000000        0x0 c:/program files (x86)/cypress/psoc creator/3.3/psoc creator/import/gnu/arm/4.9.3/bin/../lib/gcc/arm-none-eabi/4.9.3/armv7-m/crtbegin.o

.stab
 *(.stab)

.stabstr
 *(.stabstr)

.debug
 *(.debug)

.line
 *(.line)

.debug_srcinfo
 *(.debug_srcinfo)

.debug_sfnames
 *(.debug_sfnames)

.debug_aranges  0x00000000      0xa10
 *(.debug_aranges)
 .debug_aranges
                0x00000000       0x20 .\CortexM3\ARM_GCC_493\Debug\main.o
 .debug_aranges
                0x00000020       0x20 .\CortexM3\ARM_GCC_493\Debug\measurement.o
 .debug_aranges
                0x00000040       0x18 .\CortexM3\ARM_GCC_493\Debug\cymetadata.o
 .debug_aranges
                0x00000058       0x48 .\CortexM3\ARM_GCC_493\Debug\Cm3Start.o
 .debug_aranges
                0x000000a0       0x58 .\CortexM3\ARM_GCC_493\Debug\Energus_Temp_Sense.a(cyfitter_cfg.o)
 .debug_aranges
                0x000000f8       0xa0 .\CortexM3\ARM_GCC_493\Debug\Energus_Temp_Sense.a(UART.o)
 .debug_aranges
                0x00000198       0x70 .\CortexM3\ARM_GCC_493\Debug\Energus_Temp_Sense.a(UART_IntClock.o)
 .debug_aranges
                0x00000208       0x20 .\CortexM3\ARM_GCC_493\Debug\Energus_Temp_Sense.a(CyBootAsmGnu.o)
 .debug_aranges
                0x00000228       0xd8 .\CortexM3\ARM_GCC_493\Debug\Energus_Temp_Sense.a(CyDmac.o)
 .debug_aranges
                0x00000300       0x80 .\CortexM3\ARM_GCC_493\Debug\Energus_Temp_Sense.a(CyFlash.o)
 .debug_aranges
                0x00000380      0x298 .\CortexM3\ARM_GCC_493\Debug\Energus_Temp_Sense.a(CyLib.o)
 .debug_aranges
                0x00000618       0x98 .\CortexM3\ARM_GCC_493\Debug\Energus_Temp_Sense.a(cyPm.o)
 .debug_aranges
                0x000006b0       0x78 .\CortexM3\ARM_GCC_493\Debug\Energus_Temp_Sense.a(CySpc.o)
 .debug_aranges
                0x00000728       0xa0 .\CortexM3\ARM_GCC_493\Debug\Energus_Temp_Sense.a(ADC_SAR_Seq_1.o)
 .debug_aranges
                0x000007c8       0x20 .\CortexM3\ARM_GCC_493\Debug\Energus_Temp_Sense.a(ADC_SAR_Seq_1_INT.o)
 .debug_aranges
                0x000007e8       0xa8 .\CortexM3\ARM_GCC_493\Debug\Energus_Temp_Sense.a(ADC_SAR_Seq_1_SAR.o)
 .debug_aranges
                0x00000890       0x28 .\CortexM3\ARM_GCC_493\Debug\Energus_Temp_Sense.a(ADC_SAR_Seq_1_TempBuf_dma.o)
 .debug_aranges
                0x000008b8       0x28 .\CortexM3\ARM_GCC_493\Debug\Energus_Temp_Sense.a(ADC_SAR_Seq_1_FinalBuf_dma.o)
 .debug_aranges
                0x000008e0       0x80 .\CortexM3\ARM_GCC_493\Debug\Energus_Temp_Sense.a(ADC_SAR_Seq_1_IRQ.o)
 .debug_aranges
                0x00000960       0x78 .\CortexM3\ARM_GCC_493\Debug\Energus_Temp_Sense.a(EEPROM_1.o)
 .debug_aranges
                0x000009d8       0x38 .\CortexM3\ARM_GCC_493\Debug\Energus_Temp_Sense.a(Pin_3.o)

.debug_pubnames
 *(.debug_pubnames)

.debug_info     0x00000000     0x6456
 *(.debug_info .gnu.linkonce.wi.*)
 .debug_info    0x00000000      0x335 .\CortexM3\ARM_GCC_493\Debug\main.o
 .debug_info    0x00000335      0x19e .\CortexM3\ARM_GCC_493\Debug\measurement.o
 .debug_info    0x000004d3      0x164 .\CortexM3\ARM_GCC_493\Debug\cymetadata.o
 .debug_info    0x00000637      0x3b5 .\CortexM3\ARM_GCC_493\Debug\Cm3Start.o
 .debug_info    0x000009ec      0x4fc .\CortexM3\ARM_GCC_493\Debug\Energus_Temp_Sense.a(cyfitter_cfg.o)
 .debug_info    0x00000ee8      0x453 .\CortexM3\ARM_GCC_493\Debug\Energus_Temp_Sense.a(UART.o)
 .debug_info    0x0000133b      0x283 .\CortexM3\ARM_GCC_493\Debug\Energus_Temp_Sense.a(UART_IntClock.o)
 .debug_info    0x000015be       0x8e .\CortexM3\ARM_GCC_493\Debug\Energus_Temp_Sense.a(CyBootAsmGnu.o)
 .debug_info    0x0000164c      0x944 .\CortexM3\ARM_GCC_493\Debug\Energus_Temp_Sense.a(CyDmac.o)
 .debug_info    0x00001f90      0x60a .\CortexM3\ARM_GCC_493\Debug\Energus_Temp_Sense.a(CyFlash.o)
 .debug_info    0x0000259a     0x1371 .\CortexM3\ARM_GCC_493\Debug\Energus_Temp_Sense.a(CyLib.o)
 .debug_info    0x0000390b      0xa58 .\CortexM3\ARM_GCC_493\Debug\Energus_Temp_Sense.a(cyPm.o)
 .debug_info    0x00004363      0x4f0 .\CortexM3\ARM_GCC_493\Debug\Energus_Temp_Sense.a(CySpc.o)
 .debug_info    0x00004853      0x7d5 .\CortexM3\ARM_GCC_493\Debug\Energus_Temp_Sense.a(ADC_SAR_Seq_1.o)
 .debug_info    0x00005028       0x99 .\CortexM3\ARM_GCC_493\Debug\Energus_Temp_Sense.a(ADC_SAR_Seq_1_INT.o)
 .debug_info    0x000050c1      0x549 .\CortexM3\ARM_GCC_493\Debug\Energus_Temp_Sense.a(ADC_SAR_Seq_1_SAR.o)
 .debug_info    0x0000560a      0x1fd .\CortexM3\ARM_GCC_493\Debug\Energus_Temp_Sense.a(ADC_SAR_Seq_1_TempBuf_dma.o)
 .debug_info    0x00005807      0x1fd .\CortexM3\ARM_GCC_493\Debug\Energus_Temp_Sense.a(ADC_SAR_Seq_1_FinalBuf_dma.o)
 .debug_info    0x00005a04      0x2cb .\CortexM3\ARM_GCC_493\Debug\Energus_Temp_Sense.a(ADC_SAR_Seq_1_IRQ.o)
 .debug_info    0x00005ccf      0x668 .\CortexM3\ARM_GCC_493\Debug\Energus_Temp_Sense.a(EEPROM_1.o)
 .debug_info    0x00006337      0x11f .\CortexM3\ARM_GCC_493\Debug\Energus_Temp_Sense.a(Pin_3.o)

.debug_abbrev   0x00000000     0x1d1f
 *(.debug_abbrev)
 .debug_abbrev  0x00000000      0x183 .\CortexM3\ARM_GCC_493\Debug\main.o
 .debug_abbrev  0x00000183       0xfa .\CortexM3\ARM_GCC_493\Debug\measurement.o
 .debug_abbrev  0x0000027d       0x77 .\CortexM3\ARM_GCC_493\Debug\cymetadata.o
 .debug_abbrev  0x000002f4      0x20f .\CortexM3\ARM_GCC_493\Debug\Cm3Start.o
 .debug_abbrev  0x00000503      0x212 .\CortexM3\ARM_GCC_493\Debug\Energus_Temp_Sense.a(cyfitter_cfg.o)
 .debug_abbrev  0x00000715      0x1a2 .\CortexM3\ARM_GCC_493\Debug\Energus_Temp_Sense.a(UART.o)
 .debug_abbrev  0x000008b7      0x139 .\CortexM3\ARM_GCC_493\Debug\Energus_Temp_Sense.a(UART_IntClock.o)
 .debug_abbrev  0x000009f0       0x14 .\CortexM3\ARM_GCC_493\Debug\Energus_Temp_Sense.a(CyBootAsmGnu.o)
 .debug_abbrev  0x00000a04      0x1cc .\CortexM3\ARM_GCC_493\Debug\Energus_Temp_Sense.a(CyDmac.o)
 .debug_abbrev  0x00000bd0      0x1d1 .\CortexM3\ARM_GCC_493\Debug\Energus_Temp_Sense.a(CyFlash.o)
 .debug_abbrev  0x00000da1      0x296 .\CortexM3\ARM_GCC_493\Debug\Energus_Temp_Sense.a(CyLib.o)
 .debug_abbrev  0x00001037      0x1ed .\CortexM3\ARM_GCC_493\Debug\Energus_Temp_Sense.a(cyPm.o)
 .debug_abbrev  0x00001224      0x1c1 .\CortexM3\ARM_GCC_493\Debug\Energus_Temp_Sense.a(CySpc.o)
 .debug_abbrev  0x000013e5      0x1a3 .\CortexM3\ARM_GCC_493\Debug\Energus_Temp_Sense.a(ADC_SAR_Seq_1.o)
 .debug_abbrev  0x00001588       0x42 .\CortexM3\ARM_GCC_493\Debug\Energus_Temp_Sense.a(ADC_SAR_Seq_1_INT.o)
 .debug_abbrev  0x000015ca      0x1d9 .\CortexM3\ARM_GCC_493\Debug\Energus_Temp_Sense.a(ADC_SAR_Seq_1_SAR.o)
 .debug_abbrev  0x000017a3       0xeb .\CortexM3\ARM_GCC_493\Debug\Energus_Temp_Sense.a(ADC_SAR_Seq_1_TempBuf_dma.o)
 .debug_abbrev  0x0000188e       0xeb .\CortexM3\ARM_GCC_493\Debug\Energus_Temp_Sense.a(ADC_SAR_Seq_1_FinalBuf_dma.o)
 .debug_abbrev  0x00001979      0x173 .\CortexM3\ARM_GCC_493\Debug\Energus_Temp_Sense.a(ADC_SAR_Seq_1_IRQ.o)
 .debug_abbrev  0x00001aec      0x1a3 .\CortexM3\ARM_GCC_493\Debug\Energus_Temp_Sense.a(EEPROM_1.o)
 .debug_abbrev  0x00001c8f       0x90 .\CortexM3\ARM_GCC_493\Debug\Energus_Temp_Sense.a(Pin_3.o)

.debug_line     0x00000000     0x292a
 *(.debug_line)
 .debug_line    0x00000000      0x23a .\CortexM3\ARM_GCC_493\Debug\main.o
 .debug_line    0x0000023a      0x181 .\CortexM3\ARM_GCC_493\Debug\measurement.o
 .debug_line    0x000003bb       0x53 .\CortexM3\ARM_GCC_493\Debug\cymetadata.o
 .debug_line    0x0000040e      0x254 .\CortexM3\ARM_GCC_493\Debug\Cm3Start.o
 .debug_line    0x00000662      0x1fd .\CortexM3\ARM_GCC_493\Debug\Energus_Temp_Sense.a(cyfitter_cfg.o)
 .debug_line    0x0000085f      0x1f2 .\CortexM3\ARM_GCC_493\Debug\Energus_Temp_Sense.a(UART.o)
 .debug_line    0x00000a51      0x195 .\CortexM3\ARM_GCC_493\Debug\Energus_Temp_Sense.a(UART_IntClock.o)
 .debug_line    0x00000be6       0x68 .\CortexM3\ARM_GCC_493\Debug\Energus_Temp_Sense.a(CyBootAsmGnu.o)
 .debug_line    0x00000c4e      0x2e5 .\CortexM3\ARM_GCC_493\Debug\Energus_Temp_Sense.a(CyDmac.o)
 .debug_line    0x00000f33      0x1ec .\CortexM3\ARM_GCC_493\Debug\Energus_Temp_Sense.a(CyFlash.o)
 .debug_line    0x0000111f      0x806 .\CortexM3\ARM_GCC_493\Debug\Energus_Temp_Sense.a(CyLib.o)
 .debug_line    0x00001925      0x366 .\CortexM3\ARM_GCC_493\Debug\Energus_Temp_Sense.a(cyPm.o)
 .debug_line    0x00001c8b      0x23e .\CortexM3\ARM_GCC_493\Debug\Energus_Temp_Sense.a(CySpc.o)
 .debug_line    0x00001ec9      0x24d .\CortexM3\ARM_GCC_493\Debug\Energus_Temp_Sense.a(ADC_SAR_Seq_1.o)
 .debug_line    0x00002116       0x5c .\CortexM3\ARM_GCC_493\Debug\Energus_Temp_Sense.a(ADC_SAR_Seq_1_INT.o)
 .debug_line    0x00002172      0x20e .\CortexM3\ARM_GCC_493\Debug\Energus_Temp_Sense.a(ADC_SAR_Seq_1_SAR.o)
 .debug_line    0x00002380       0xab .\CortexM3\ARM_GCC_493\Debug\Energus_Temp_Sense.a(ADC_SAR_Seq_1_TempBuf_dma.o)
 .debug_line    0x0000242b       0xac .\CortexM3\ARM_GCC_493\Debug\Energus_Temp_Sense.a(ADC_SAR_Seq_1_FinalBuf_dma.o)
 .debug_line    0x000024d7      0x157 .\CortexM3\ARM_GCC_493\Debug\Energus_Temp_Sense.a(ADC_SAR_Seq_1_IRQ.o)
 .debug_line    0x0000262e      0x268 .\CortexM3\ARM_GCC_493\Debug\Energus_Temp_Sense.a(EEPROM_1.o)
 .debug_line    0x00002896       0x94 .\CortexM3\ARM_GCC_493\Debug\Energus_Temp_Sense.a(Pin_3.o)

.debug_frame    0x00000000     0x1b1c
 *(.debug_frame)
 .debug_frame   0x00000000       0x30 .\CortexM3\ARM_GCC_493\Debug\main.o
 .debug_frame   0x00000030       0x2c .\CortexM3\ARM_GCC_493\Debug\measurement.o
 .debug_frame   0x0000005c       0xac .\CortexM3\ARM_GCC_493\Debug\Cm3Start.o
 .debug_frame   0x00000108       0xfc .\CortexM3\ARM_GCC_493\Debug\Energus_Temp_Sense.a(cyfitter_cfg.o)
 .debug_frame   0x00000204      0x198 .\CortexM3\ARM_GCC_493\Debug\Energus_Temp_Sense.a(UART.o)
 .debug_frame   0x0000039c       0xe0 .\CortexM3\ARM_GCC_493\Debug\Energus_Temp_Sense.a(UART_IntClock.o)
 .debug_frame   0x0000047c      0x1f4 .\CortexM3\ARM_GCC_493\Debug\Energus_Temp_Sense.a(CyDmac.o)
 .debug_frame   0x00000670      0x174 .\CortexM3\ARM_GCC_493\Debug\Energus_Temp_Sense.a(CyFlash.o)
 .debug_frame   0x000007e4      0x728 .\CortexM3\ARM_GCC_493\Debug\Energus_Temp_Sense.a(CyLib.o)
 .debug_frame   0x00000f0c      0x1f8 .\CortexM3\ARM_GCC_493\Debug\Energus_Temp_Sense.a(cyPm.o)
 .debug_frame   0x00001104      0x160 .\CortexM3\ARM_GCC_493\Debug\Energus_Temp_Sense.a(CySpc.o)
 .debug_frame   0x00001264      0x1dc .\CortexM3\ARM_GCC_493\Debug\Energus_Temp_Sense.a(ADC_SAR_Seq_1.o)
 .debug_frame   0x00001440       0x20 .\CortexM3\ARM_GCC_493\Debug\Energus_Temp_Sense.a(ADC_SAR_Seq_1_INT.o)
 .debug_frame   0x00001460      0x1a4 .\CortexM3\ARM_GCC_493\Debug\Energus_Temp_Sense.a(ADC_SAR_Seq_1_SAR.o)
 .debug_frame   0x00001604       0x54 .\CortexM3\ARM_GCC_493\Debug\Energus_Temp_Sense.a(ADC_SAR_Seq_1_TempBuf_dma.o)
 .debug_frame   0x00001658       0x54 .\CortexM3\ARM_GCC_493\Debug\Energus_Temp_Sense.a(ADC_SAR_Seq_1_FinalBuf_dma.o)
 .debug_frame   0x000016ac      0x104 .\CortexM3\ARM_GCC_493\Debug\Energus_Temp_Sense.a(ADC_SAR_Seq_1_IRQ.o)
 .debug_frame   0x000017b0      0x17c .\CortexM3\ARM_GCC_493\Debug\Energus_Temp_Sense.a(EEPROM_1.o)
 .debug_frame   0x0000192c       0x50 .\CortexM3\ARM_GCC_493\Debug\Energus_Temp_Sense.a(Pin_3.o)
 .debug_frame   0x0000197c       0x28 c:/program files (x86)/cypress/psoc creator/3.3/psoc creator/import/gnu/arm/4.9.3/bin/../lib/gcc/arm-none-eabi/4.9.3/armv7-m\libgcc.a(_aeabi_ldivmod.o)
 .debug_frame   0x000019a4       0x54 c:/program files (x86)/cypress/psoc creator/3.3/psoc creator/import/gnu/arm/4.9.3/bin/../lib/gcc/arm-none-eabi/4.9.3/armv7-m\libgcc.a(bpabi.o)
 .debug_frame   0x000019f8       0x34 c:/program files (x86)/cypress/psoc creator/3.3/psoc creator/import/gnu/arm/4.9.3/bin/../lib/gcc/arm-none-eabi/4.9.3/armv7-m\libgcc.a(_divdi3.o)
 .debug_frame   0x00001a2c       0x34 c:/program files (x86)/cypress/psoc creator/3.3/psoc creator/import/gnu/arm/4.9.3/bin/../lib/gcc/arm-none-eabi/4.9.3/armv7-m\libgcc.a(_udivdi3.o)
 .debug_frame   0x00001a60       0x20 c:/program files (x86)/cypress/psoc creator/3.3/psoc creator/import/gnu/arm/4.9.3/bin/../lib/gcc/arm-none-eabi/4.9.3/../../../../arm-none-eabi/lib/armv7-m\libg_nano.a(lib_a-errno.o)
 .debug_frame   0x00001a80       0x28 c:/program files (x86)/cypress/psoc creator/3.3/psoc creator/import/gnu/arm/4.9.3/bin/../lib/gcc/arm-none-eabi/4.9.3/../../../../arm-none-eabi/lib/armv7-m\libg_nano.a(lib_a-exit.o)
 .debug_frame   0x00001aa8       0x2c c:/program files (x86)/cypress/psoc creator/3.3/psoc creator/import/gnu/arm/4.9.3/bin/../lib/gcc/arm-none-eabi/4.9.3/../../../../arm-none-eabi/lib/armv7-m\libg_nano.a(lib_a-init.o)
 .debug_frame   0x00001ad4       0x28 c:/program files (x86)/cypress/psoc creator/3.3/psoc creator/import/gnu/arm/4.9.3/bin/../lib/gcc/arm-none-eabi/4.9.3/../../../../arm-none-eabi/lib/armv7-m\libg_nano.a(lib_a-memcpy.o)
 .debug_frame   0x00001afc       0x20 c:/program files (x86)/cypress/psoc creator/3.3/psoc creator/import/gnu/arm/4.9.3/bin/../lib/gcc/arm-none-eabi/4.9.3/../../../../arm-none-eabi/lib/armv7-m\libg_nano.a(lib_a-memset.o)

.debug_str      0x00000000     0x2488
 *(.debug_str)
 .debug_str     0x00000000      0x2ba .\CortexM3\ARM_GCC_493\Debug\main.o
                                0x307 (size before relaxing)
 .debug_str     0x000002ba       0x97 .\CortexM3\ARM_GCC_493\Debug\measurement.o
                                0x24f (size before relaxing)
 .debug_str     0x00000351       0x81 .\CortexM3\ARM_GCC_493\Debug\cymetadata.o
                                0x1f2 (size before relaxing)
 .debug_str     0x000003d2      0x175 .\CortexM3\ARM_GCC_493\Debug\Cm3Start.o
                                0x30c (size before relaxing)
 .debug_str     0x00000547      0x15e .\CortexM3\ARM_GCC_493\Debug\Energus_Temp_Sense.a(cyfitter_cfg.o)
                                0x310 (size before relaxing)
 .debug_str     0x000006a5      0x203 .\CortexM3\ARM_GCC_493\Debug\Energus_Temp_Sense.a(UART.o)
                                0x390 (size before relaxing)
 .debug_str     0x000008a8      0x185 .\CortexM3\ARM_GCC_493\Debug\Energus_Temp_Sense.a(UART_IntClock.o)
                                0x334 (size before relaxing)
 .debug_str     0x00000a2d      0x359 .\CortexM3\ARM_GCC_493\Debug\Energus_Temp_Sense.a(CyDmac.o)
                                0x53c (size before relaxing)
 .debug_str     0x00000d86      0x1b4 .\CortexM3\ARM_GCC_493\Debug\Energus_Temp_Sense.a(CyFlash.o)
                                0x393 (size before relaxing)
 .debug_str     0x00000f3a      0x7d4 .\CortexM3\ARM_GCC_493\Debug\Energus_Temp_Sense.a(CyLib.o)
                                0xa21 (size before relaxing)
 .debug_str     0x0000170e      0x345 .\CortexM3\ARM_GCC_493\Debug\Energus_Temp_Sense.a(cyPm.o)
                                0x719 (size before relaxing)
 .debug_str     0x00001a53       0xae .\CortexM3\ARM_GCC_493\Debug\Energus_Temp_Sense.a(CySpc.o)
                                0x31c (size before relaxing)
 .debug_str     0x00001b01      0x41b .\CortexM3\ARM_GCC_493\Debug\Energus_Temp_Sense.a(ADC_SAR_Seq_1.o)
                                0x72c (size before relaxing)
 .debug_str     0x00001f1c       0x3f .\CortexM3\ARM_GCC_493\Debug\Energus_Temp_Sense.a(ADC_SAR_Seq_1_INT.o)
                                0x1aa (size before relaxing)
 .debug_str     0x00001f5b      0x167 .\CortexM3\ARM_GCC_493\Debug\Energus_Temp_Sense.a(ADC_SAR_Seq_1_SAR.o)
                                0x520 (size before relaxing)
 .debug_str     0x000020c2       0xb1 .\CortexM3\ARM_GCC_493\Debug\Energus_Temp_Sense.a(ADC_SAR_Seq_1_TempBuf_dma.o)
                                0x2a7 (size before relaxing)
 .debug_str     0x00002173       0x79 .\CortexM3\ARM_GCC_493\Debug\Energus_Temp_Sense.a(ADC_SAR_Seq_1_FinalBuf_dma.o)
                                0x2ab (size before relaxing)
 .debug_str     0x000021ec      0x156 .\CortexM3\ARM_GCC_493\Debug\Energus_Temp_Sense.a(ADC_SAR_Seq_1_IRQ.o)
                                0x340 (size before relaxing)
 .debug_str     0x00002342       0xfd .\CortexM3\ARM_GCC_493\Debug\Energus_Temp_Sense.a(EEPROM_1.o)
                                0x3ce (size before relaxing)
 .debug_str     0x0000243f       0x49 .\CortexM3\ARM_GCC_493\Debug\Energus_Temp_Sense.a(Pin_3.o)
                                0x1e0 (size before relaxing)

.debug_loc      0x00000000     0x31a0
 *(.debug_loc)
 .debug_loc     0x00000000       0x55 .\CortexM3\ARM_GCC_493\Debug\main.o
 .debug_loc     0x00000055       0x3f .\CortexM3\ARM_GCC_493\Debug\measurement.o
 .debug_loc     0x00000094      0x144 .\CortexM3\ARM_GCC_493\Debug\Cm3Start.o
 .debug_loc     0x000001d8      0x1f6 .\CortexM3\ARM_GCC_493\Debug\Energus_Temp_Sense.a(cyfitter_cfg.o)
 .debug_loc     0x000003ce      0x1f7 .\CortexM3\ARM_GCC_493\Debug\Energus_Temp_Sense.a(UART.o)
 .debug_loc     0x000005c5      0x128 .\CortexM3\ARM_GCC_493\Debug\Energus_Temp_Sense.a(UART_IntClock.o)
 .debug_loc     0x000006ed      0xb83 .\CortexM3\ARM_GCC_493\Debug\Energus_Temp_Sense.a(CyDmac.o)
 .debug_loc     0x00001270      0x300 .\CortexM3\ARM_GCC_493\Debug\Energus_Temp_Sense.a(CyFlash.o)
 .debug_loc     0x00001570      0xa11 .\CortexM3\ARM_GCC_493\Debug\Energus_Temp_Sense.a(CyLib.o)
 .debug_loc     0x00001f81      0x1e4 .\CortexM3\ARM_GCC_493\Debug\Energus_Temp_Sense.a(cyPm.o)
 .debug_loc     0x00002165      0x64d .\CortexM3\ARM_GCC_493\Debug\Energus_Temp_Sense.a(CySpc.o)
 .debug_loc     0x000027b2      0x13c .\CortexM3\ARM_GCC_493\Debug\Energus_Temp_Sense.a(ADC_SAR_Seq_1.o)
 .debug_loc     0x000028ee      0x273 .\CortexM3\ARM_GCC_493\Debug\Energus_Temp_Sense.a(ADC_SAR_Seq_1_SAR.o)
 .debug_loc     0x00002b61       0x84 .\CortexM3\ARM_GCC_493\Debug\Energus_Temp_Sense.a(ADC_SAR_Seq_1_TempBuf_dma.o)
 .debug_loc     0x00002be5       0x84 .\CortexM3\ARM_GCC_493\Debug\Energus_Temp_Sense.a(ADC_SAR_Seq_1_FinalBuf_dma.o)
 .debug_loc     0x00002c69       0x56 .\CortexM3\ARM_GCC_493\Debug\Energus_Temp_Sense.a(ADC_SAR_Seq_1_IRQ.o)
 .debug_loc     0x00002cbf      0x49f .\CortexM3\ARM_GCC_493\Debug\Energus_Temp_Sense.a(EEPROM_1.o)
 .debug_loc     0x0000315e       0x42 .\CortexM3\ARM_GCC_493\Debug\Energus_Temp_Sense.a(Pin_3.o)

.debug_macinfo
 *(.debug_macinfo)

.debug_ranges   0x00000000      0x8a8
 *(.debug_ranges)
 .debug_ranges  0x00000000       0x10 .\CortexM3\ARM_GCC_493\Debug\main.o
 .debug_ranges  0x00000010       0x10 .\CortexM3\ARM_GCC_493\Debug\measurement.o
 .debug_ranges  0x00000020       0x38 .\CortexM3\ARM_GCC_493\Debug\Cm3Start.o
 .debug_ranges  0x00000058       0x48 .\CortexM3\ARM_GCC_493\Debug\Energus_Temp_Sense.a(cyfitter_cfg.o)
 .debug_ranges  0x000000a0       0x90 .\CortexM3\ARM_GCC_493\Debug\Energus_Temp_Sense.a(UART.o)
 .debug_ranges  0x00000130       0x60 .\CortexM3\ARM_GCC_493\Debug\Energus_Temp_Sense.a(UART_IntClock.o)
 .debug_ranges  0x00000190       0xc8 .\CortexM3\ARM_GCC_493\Debug\Energus_Temp_Sense.a(CyDmac.o)
 .debug_ranges  0x00000258       0x70 .\CortexM3\ARM_GCC_493\Debug\Energus_Temp_Sense.a(CyFlash.o)
 .debug_ranges  0x000002c8      0x288 .\CortexM3\ARM_GCC_493\Debug\Energus_Temp_Sense.a(CyLib.o)
 .debug_ranges  0x00000550       0x88 .\CortexM3\ARM_GCC_493\Debug\Energus_Temp_Sense.a(cyPm.o)
 .debug_ranges  0x000005d8       0x68 .\CortexM3\ARM_GCC_493\Debug\Energus_Temp_Sense.a(CySpc.o)
 .debug_ranges  0x00000640       0x90 .\CortexM3\ARM_GCC_493\Debug\Energus_Temp_Sense.a(ADC_SAR_Seq_1.o)
 .debug_ranges  0x000006d0       0x10 .\CortexM3\ARM_GCC_493\Debug\Energus_Temp_Sense.a(ADC_SAR_Seq_1_INT.o)
 .debug_ranges  0x000006e0       0x98 .\CortexM3\ARM_GCC_493\Debug\Energus_Temp_Sense.a(ADC_SAR_Seq_1_SAR.o)
 .debug_ranges  0x00000778       0x18 .\CortexM3\ARM_GCC_493\Debug\Energus_Temp_Sense.a(ADC_SAR_Seq_1_TempBuf_dma.o)
 .debug_ranges  0x00000790       0x18 .\CortexM3\ARM_GCC_493\Debug\Energus_Temp_Sense.a(ADC_SAR_Seq_1_FinalBuf_dma.o)
 .debug_ranges  0x000007a8       0x70 .\CortexM3\ARM_GCC_493\Debug\Energus_Temp_Sense.a(ADC_SAR_Seq_1_IRQ.o)
 .debug_ranges  0x00000818       0x68 .\CortexM3\ARM_GCC_493\Debug\Energus_Temp_Sense.a(EEPROM_1.o)
 .debug_ranges  0x00000880       0x28 .\CortexM3\ARM_GCC_493\Debug\Energus_Temp_Sense.a(Pin_3.o)

.comment        0x00000000       0x70
 .comment       0x00000000       0x70 .\CortexM3\ARM_GCC_493\Debug\main.o
                                 0x71 (size before relaxing)
 .comment       0x00000000       0x71 .\CortexM3\ARM_GCC_493\Debug\measurement.o
 .comment       0x00000000       0x71 .\CortexM3\ARM_GCC_493\Debug\cymetadata.o
 .comment       0x00000000       0x71 .\CortexM3\ARM_GCC_493\Debug\Cm3Start.o
 .comment       0x00000000       0x71 .\CortexM3\ARM_GCC_493\Debug\Energus_Temp_Sense.a(cyfitter_cfg.o)
 .comment       0x00000000       0x71 .\CortexM3\ARM_GCC_493\Debug\Energus_Temp_Sense.a(UART.o)
 .comment       0x00000000       0x71 .\CortexM3\ARM_GCC_493\Debug\Energus_Temp_Sense.a(UART_IntClock.o)
 .comment       0x00000000       0x71 .\CortexM3\ARM_GCC_493\Debug\Energus_Temp_Sense.a(CyDmac.o)
 .comment       0x00000000       0x71 .\CortexM3\ARM_GCC_493\Debug\Energus_Temp_Sense.a(CyFlash.o)
 .comment       0x00000000       0x71 .\CortexM3\ARM_GCC_493\Debug\Energus_Temp_Sense.a(CyLib.o)
 .comment       0x00000000       0x71 .\CortexM3\ARM_GCC_493\Debug\Energus_Temp_Sense.a(cyPm.o)
 .comment       0x00000000       0x71 .\CortexM3\ARM_GCC_493\Debug\Energus_Temp_Sense.a(CySpc.o)
 .comment       0x00000000       0x71 .\CortexM3\ARM_GCC_493\Debug\Energus_Temp_Sense.a(ADC_SAR_Seq_1.o)
 .comment       0x00000000       0x71 .\CortexM3\ARM_GCC_493\Debug\Energus_Temp_Sense.a(ADC_SAR_Seq_1_INT.o)
 .comment       0x00000000       0x71 .\CortexM3\ARM_GCC_493\Debug\Energus_Temp_Sense.a(ADC_SAR_Seq_1_SAR.o)
 .comment       0x00000000       0x71 .\CortexM3\ARM_GCC_493\Debug\Energus_Temp_Sense.a(ADC_SAR_Seq_1_TempBuf_dma.o)
 .comment       0x00000000       0x71 .\CortexM3\ARM_GCC_493\Debug\Energus_Temp_Sense.a(ADC_SAR_Seq_1_FinalBuf_dma.o)
 .comment       0x00000000       0x71 .\CortexM3\ARM_GCC_493\Debug\Energus_Temp_Sense.a(ADC_SAR_Seq_1_IRQ.o)
 .comment       0x00000000       0x71 .\CortexM3\ARM_GCC_493\Debug\Energus_Temp_Sense.a(EEPROM_1.o)
 .comment       0x00000000       0x71 .\CortexM3\ARM_GCC_493\Debug\Energus_Temp_Sense.a(Pin_3.o)

.debug_weaknames
 *(.debug_weaknames)

.debug_funcnames
 *(.debug_funcnames)

.debug_typenames
 *(.debug_typenames)

.debug_varnames
 *(.debug_varnames)

.note.gnu.arm.ident
 *(.note.gnu.arm.ident)

.ARM.attributes
                0x00000000       0x29
 *(.ARM.attributes)
 .ARM.attributes
                0x00000000       0x1d c:/program files (x86)/cypress/psoc creator/3.3/psoc creator/import/gnu/arm/4.9.3/bin/../lib/gcc/arm-none-eabi/4.9.3/armv7-m/crti.o
 .ARM.attributes
                0x0000001d       0x2d c:/program files (x86)/cypress/psoc creator/3.3/psoc creator/import/gnu/arm/4.9.3/bin/../lib/gcc/arm-none-eabi/4.9.3/armv7-m/crtbegin.o
 .ARM.attributes
                0x0000004a       0x1b c:/program files (x86)/cypress/psoc creator/3.3/psoc creator/import/gnu/arm/4.9.3/bin/../lib/gcc/arm-none-eabi/4.9.3/../../../../arm-none-eabi/lib/armv7-m/crt0.o
 .ARM.attributes
                0x00000065       0x33 .\CortexM3\ARM_GCC_493\Debug\main.o
 .ARM.attributes
                0x00000098       0x33 .\CortexM3\ARM_GCC_493\Debug\measurement.o
 .ARM.attributes
                0x000000cb       0x33 .\CortexM3\ARM_GCC_493\Debug\cymetadata.o
 .ARM.attributes
                0x000000fe       0x33 .\CortexM3\ARM_GCC_493\Debug\Cm3Start.o
 .ARM.attributes
                0x00000131       0x33 .\CortexM3\ARM_GCC_493\Debug\Energus_Temp_Sense.a(cyfitter_cfg.o)
 .ARM.attributes
                0x00000164       0x33 .\CortexM3\ARM_GCC_493\Debug\Energus_Temp_Sense.a(UART.o)
 .ARM.attributes
                0x00000197       0x33 .\CortexM3\ARM_GCC_493\Debug\Energus_Temp_Sense.a(UART_IntClock.o)
 .ARM.attributes
                0x000001ca       0x21 .\CortexM3\ARM_GCC_493\Debug\Energus_Temp_Sense.a(CyBootAsmGnu.o)
 .ARM.attributes
                0x000001eb       0x33 .\CortexM3\ARM_GCC_493\Debug\Energus_Temp_Sense.a(CyDmac.o)
 .ARM.attributes
                0x0000021e       0x33 .\CortexM3\ARM_GCC_493\Debug\Energus_Temp_Sense.a(CyFlash.o)
 .ARM.attributes
                0x00000251       0x33 .\CortexM3\ARM_GCC_493\Debug\Energus_Temp_Sense.a(CyLib.o)
 .ARM.attributes
                0x00000284       0x33 .\CortexM3\ARM_GCC_493\Debug\Energus_Temp_Sense.a(cyPm.o)
 .ARM.attributes
                0x000002b7       0x33 .\CortexM3\ARM_GCC_493\Debug\Energus_Temp_Sense.a(CySpc.o)
 .ARM.attributes
                0x000002ea       0x33 .\CortexM3\ARM_GCC_493\Debug\Energus_Temp_Sense.a(ADC_SAR_Seq_1.o)
 .ARM.attributes
                0x0000031d       0x33 .\CortexM3\ARM_GCC_493\Debug\Energus_Temp_Sense.a(ADC_SAR_Seq_1_INT.o)
 .ARM.attributes
                0x00000350       0x33 .\CortexM3\ARM_GCC_493\Debug\Energus_Temp_Sense.a(ADC_SAR_Seq_1_SAR.o)
 .ARM.attributes
                0x00000383       0x33 .\CortexM3\ARM_GCC_493\Debug\Energus_Temp_Sense.a(ADC_SAR_Seq_1_TempBuf_dma.o)
 .ARM.attributes
                0x000003b6       0x33 .\CortexM3\ARM_GCC_493\Debug\Energus_Temp_Sense.a(ADC_SAR_Seq_1_FinalBuf_dma.o)
 .ARM.attributes
                0x000003e9       0x33 .\CortexM3\ARM_GCC_493\Debug\Energus_Temp_Sense.a(ADC_SAR_Seq_1_IRQ.o)
 .ARM.attributes
                0x0000041c       0x33 .\CortexM3\ARM_GCC_493\Debug\Energus_Temp_Sense.a(EEPROM_1.o)
 .ARM.attributes
                0x0000044f       0x33 .\CortexM3\ARM_GCC_493\Debug\Energus_Temp_Sense.a(Pin_3.o)
 .ARM.attributes
                0x00000482       0x1d c:/program files (x86)/cypress/psoc creator/3.3/psoc creator/import/gnu/arm/4.9.3/bin/../lib/gcc/arm-none-eabi/4.9.3/armv7-m\libgcc.a(_arm_addsubsf3.o)
 .ARM.attributes
                0x0000049f       0x1d c:/program files (x86)/cypress/psoc creator/3.3/psoc creator/import/gnu/arm/4.9.3/bin/../lib/gcc/arm-none-eabi/4.9.3/armv7-m\libgcc.a(_arm_muldivsf3.o)
 .ARM.attributes
                0x000004bc       0x1d c:/program files (x86)/cypress/psoc creator/3.3/psoc creator/import/gnu/arm/4.9.3/bin/../lib/gcc/arm-none-eabi/4.9.3/armv7-m\libgcc.a(_aeabi_ldivmod.o)
 .ARM.attributes
                0x000004d9       0x2d c:/program files (x86)/cypress/psoc creator/3.3/psoc creator/import/gnu/arm/4.9.3/bin/../lib/gcc/arm-none-eabi/4.9.3/armv7-m\libgcc.a(bpabi.o)
 .ARM.attributes
                0x00000506       0x1d c:/program files (x86)/cypress/psoc creator/3.3/psoc creator/import/gnu/arm/4.9.3/bin/../lib/gcc/arm-none-eabi/4.9.3/armv7-m\libgcc.a(_dvmd_tls.o)
 .ARM.attributes
                0x00000523       0x2d c:/program files (x86)/cypress/psoc creator/3.3/psoc creator/import/gnu/arm/4.9.3/bin/../lib/gcc/arm-none-eabi/4.9.3/armv7-m\libgcc.a(_divdi3.o)
 .ARM.attributes
                0x00000550       0x2d c:/program files (x86)/cypress/psoc creator/3.3/psoc creator/import/gnu/arm/4.9.3/bin/../lib/gcc/arm-none-eabi/4.9.3/armv7-m\libgcc.a(_udivdi3.o)
 .ARM.attributes
                0x0000057d       0x2d c:/program files (x86)/cypress/psoc creator/3.3/psoc creator/import/gnu/arm/4.9.3/bin/../lib/gcc/arm-none-eabi/4.9.3/../../../../arm-none-eabi/lib/armv7-m\libg_nano.a(lib_a-errno.o)
 .ARM.attributes
                0x000005aa       0x2d c:/program files (x86)/cypress/psoc creator/3.3/psoc creator/import/gnu/arm/4.9.3/bin/../lib/gcc/arm-none-eabi/4.9.3/../../../../arm-none-eabi/lib/armv7-m\libg_nano.a(lib_a-exit.o)
 .ARM.attributes
                0x000005d7       0x2d c:/program files (x86)/cypress/psoc creator/3.3/psoc creator/import/gnu/arm/4.9.3/bin/../lib/gcc/arm-none-eabi/4.9.3/../../../../arm-none-eabi/lib/armv7-m\libg_nano.a(lib_a-impure.o)
 .ARM.attributes
                0x00000604       0x2d c:/program files (x86)/cypress/psoc creator/3.3/psoc creator/import/gnu/arm/4.9.3/bin/../lib/gcc/arm-none-eabi/4.9.3/../../../../arm-none-eabi/lib/armv7-m\libg_nano.a(lib_a-init.o)
 .ARM.attributes
                0x00000631       0x2d c:/program files (x86)/cypress/psoc creator/3.3/psoc creator/import/gnu/arm/4.9.3/bin/../lib/gcc/arm-none-eabi/4.9.3/../../../../arm-none-eabi/lib/armv7-m\libg_nano.a(lib_a-memcpy.o)
 .ARM.attributes
                0x0000065e       0x2d c:/program files (x86)/cypress/psoc creator/3.3/psoc creator/import/gnu/arm/4.9.3/bin/../lib/gcc/arm-none-eabi/4.9.3/../../../../arm-none-eabi/lib/armv7-m\libg_nano.a(lib_a-memset.o)
 .ARM.attributes
                0x0000068b       0x2d c:/program files (x86)/cypress/psoc creator/3.3/psoc creator/import/gnu/arm/4.9.3/bin/../lib/gcc/arm-none-eabi/4.9.3/armv7-m/crtend.o
 .ARM.attributes
                0x000006b8       0x1d c:/program files (x86)/cypress/psoc creator/3.3/psoc creator/import/gnu/arm/4.9.3/bin/../lib/gcc/arm-none-eabi/4.9.3/armv7-m/crtn.o

/DISCARD/
 *(.note.GNU-stack)
OUTPUT(.\CortexM3\ARM_GCC_493\Debug\Energus_Temp_Sense.elf elf32-littlearm)
