Archive member included because of file (symbol)

.\ARM_GCC_493\Debug\CE210514_PSOC3_5_Thermistor.a(cyfitter_cfg.o)
                              .\ARM_GCC_493\Debug\Cm3Start.o (cyfitter_cfg)
.\ARM_GCC_493\Debug\CE210514_PSOC3_5_Thermistor.a(Thermistor.o)
                              .\ARM_GCC_493\Debug\main.o (Thermistor_GetTemperature)
.\ARM_GCC_493\Debug\CE210514_PSOC3_5_Thermistor.a(Opamp.o)
                              .\ARM_GCC_493\Debug\main.o (Opamp_Start)
.\ARM_GCC_493\Debug\CE210514_PSOC3_5_Thermistor.a(VDAC8.o)
                              .\ARM_GCC_493\Debug\main.o (VDAC8_Start)
.\ARM_GCC_493\Debug\CE210514_PSOC3_5_Thermistor.a(AMux.o)
                              .\ARM_GCC_493\Debug\main.o (AMux_Start)
.\ARM_GCC_493\Debug\CE210514_PSOC3_5_Thermistor.a(ADC.o)
                              .\ARM_GCC_493\Debug\main.o (ADC_Start)
.\ARM_GCC_493\Debug\CE210514_PSOC3_5_Thermistor.a(ADC_INT.o)
                              .\ARM_GCC_493\Debug\CE210514_PSOC3_5_Thermistor.a(ADC.o) (ADC_ISR1)
.\ARM_GCC_493\Debug\CE210514_PSOC3_5_Thermistor.a(UART.o)
                              .\ARM_GCC_493\Debug\main.o (UART_Start)
.\ARM_GCC_493\Debug\CE210514_PSOC3_5_Thermistor.a(ADC_Ext_CP_Clk.o)
                              .\ARM_GCC_493\Debug\CE210514_PSOC3_5_Thermistor.a(ADC.o) (ADC_Ext_CP_Clk_SetDividerRegister)
.\ARM_GCC_493\Debug\CE210514_PSOC3_5_Thermistor.a(ADC_theACLK.o)
                              .\ARM_GCC_493\Debug\CE210514_PSOC3_5_Thermistor.a(ADC.o) (ADC_theACLK_SetDividerRegister)
.\ARM_GCC_493\Debug\CE210514_PSOC3_5_Thermistor.a(UART_IntClock.o)
                              .\ARM_GCC_493\Debug\CE210514_PSOC3_5_Thermistor.a(UART.o) (UART_IntClock_Start)
.\ARM_GCC_493\Debug\CE210514_PSOC3_5_Thermistor.a(CyBootAsmGnu.o)
                              .\ARM_GCC_493\Debug\CE210514_PSOC3_5_Thermistor.a(cyfitter_cfg.o) (CyDelayCycles)
.\ARM_GCC_493\Debug\CE210514_PSOC3_5_Thermistor.a(CyLib.o)
                              .\ARM_GCC_493\Debug\Cm3Start.o (CyResetStatus)
.\ARM_GCC_493\Debug\CE210514_PSOC3_5_Thermistor.a(cyPm.o)
                              .\ARM_GCC_493\Debug\CE210514_PSOC3_5_Thermistor.a(CyLib.o) (CyPmReadStatus)
.\ARM_GCC_493\Debug\CE210514_PSOC3_5_Thermistor.a(CyFlash.o)
                              .\ARM_GCC_493\Debug\CE210514_PSOC3_5_Thermistor.a(cyPm.o) (CyFlash_SetWaitCycles)
.\ARM_GCC_493\Debug\CE210514_PSOC3_5_Thermistor.a(CySpc.o)
                              .\ARM_GCC_493\Debug\CE210514_PSOC3_5_Thermistor.a(CyFlash.o) (CySpcStart)
c:/program files (x86)/cypress/psoc creator/3.3/psoc creator/import/gnu/arm/4.9.3/bin/../lib/gcc/arm-none-eabi/4.9.3/../../../../arm-none-eabi/lib/armv7-m\libm.a(lib_a-w_log.o)
                              .\ARM_GCC_493\Debug\CE210514_PSOC3_5_Thermistor.a(Thermistor.o) (log)
c:/program files (x86)/cypress/psoc creator/3.3/psoc creator/import/gnu/arm/4.9.3/bin/../lib/gcc/arm-none-eabi/4.9.3/../../../../arm-none-eabi/lib/armv7-m\libm.a(lib_a-w_pow.o)
                              .\ARM_GCC_493\Debug\CE210514_PSOC3_5_Thermistor.a(Thermistor.o) (pow)
c:/program files (x86)/cypress/psoc creator/3.3/psoc creator/import/gnu/arm/4.9.3/bin/../lib/gcc/arm-none-eabi/4.9.3/../../../../arm-none-eabi/lib/armv7-m\libm.a(lib_a-e_log.o)
                              c:/program files (x86)/cypress/psoc creator/3.3/psoc creator/import/gnu/arm/4.9.3/bin/../lib/gcc/arm-none-eabi/4.9.3/../../../../arm-none-eabi/lib/armv7-m\libm.a(lib_a-w_log.o) (__ieee754_log)
c:/program files (x86)/cypress/psoc creator/3.3/psoc creator/import/gnu/arm/4.9.3/bin/../lib/gcc/arm-none-eabi/4.9.3/../../../../arm-none-eabi/lib/armv7-m\libm.a(lib_a-e_pow.o)
                              c:/program files (x86)/cypress/psoc creator/3.3/psoc creator/import/gnu/arm/4.9.3/bin/../lib/gcc/arm-none-eabi/4.9.3/../../../../arm-none-eabi/lib/armv7-m\libm.a(lib_a-w_pow.o) (__ieee754_pow)
c:/program files (x86)/cypress/psoc creator/3.3/psoc creator/import/gnu/arm/4.9.3/bin/../lib/gcc/arm-none-eabi/4.9.3/../../../../arm-none-eabi/lib/armv7-m\libm.a(lib_a-e_sqrt.o)
                              c:/program files (x86)/cypress/psoc creator/3.3/psoc creator/import/gnu/arm/4.9.3/bin/../lib/gcc/arm-none-eabi/4.9.3/../../../../arm-none-eabi/lib/armv7-m\libm.a(lib_a-e_pow.o) (__ieee754_sqrt)
c:/program files (x86)/cypress/psoc creator/3.3/psoc creator/import/gnu/arm/4.9.3/bin/../lib/gcc/arm-none-eabi/4.9.3/../../../../arm-none-eabi/lib/armv7-m\libm.a(lib_a-s_fabs.o)
                              c:/program files (x86)/cypress/psoc creator/3.3/psoc creator/import/gnu/arm/4.9.3/bin/../lib/gcc/arm-none-eabi/4.9.3/../../../../arm-none-eabi/lib/armv7-m\libm.a(lib_a-e_pow.o) (fabs)
c:/program files (x86)/cypress/psoc creator/3.3/psoc creator/import/gnu/arm/4.9.3/bin/../lib/gcc/arm-none-eabi/4.9.3/../../../../arm-none-eabi/lib/armv7-m\libm.a(lib_a-s_finite.o)
[...]
Memory Configuration

Name             Origin             Length             Attributes
rom              0x00000000         0x00040000         xr
ram              0x1fff8000         0x00010000         xrw
*default*        0x00000000         0xffffffff

Linker script and memory map

LOAD c:/program files (x86)/cypress/psoc creator/3.3/psoc creator/import/gnu/arm/4.9.3/bin/../lib/gcc/arm-none-eabi/4.9.3/armv7-m/crti.o
LOAD c:/program files (x86)/cypress/psoc creator/3.3/psoc creator/import/gnu/arm/4.9.3/bin/../lib/gcc/arm-none-eabi/4.9.3/armv7-m/crtbegin.o
LOAD c:/program files (x86)/cypress/psoc creator/3.3/psoc creator/import/gnu/arm/4.9.3/bin/../lib/gcc/arm-none-eabi/4.9.3/../../../../arm-none-eabi/lib/armv7-m/crt0.o
START GROUP
LOAD .\ARM_GCC_493\Debug\main.o
LOAD .\ARM_GCC_493\Debug\measurement.o
LOAD .\ARM_GCC_493\Debug\removeOffsetNoise.o
LOAD .\ARM_GCC_493\Debug\cymetadata.o
LOAD .\ARM_GCC_493\Debug\Cm3Start.o
LOAD .\ARM_GCC_493\Debug\CE210514_PSOC3_5_Thermistor.a
LOAD C:\Program Files (x86)\Cypress\PSoC Creator\3.3\PSoC Creator\psoc\content\cycomponentlibrary\CyComponentLibrary.cylib\CortexM3\ARM_GCC_493\Debug\CyComponentLibrary.a
LOAD c:/program files (x86)/cypress/psoc creator/3.3/psoc creator/import/gnu/arm/4.9.3/bin/../lib/gcc/arm-none-eabi/4.9.3/../../../../arm-none-eabi/lib/armv7-m\libm.a
END GROUP
START GROUP
LOAD c:/program files (x86)/cypress/psoc creator/3.3/psoc creator/import/gnu/arm/4.9.3/bin/../lib/gcc/arm-none-eabi/4.9.3/armv7-m\libgcc.a
LOAD c:/program files (x86)/cypress/psoc creator/3.3/psoc creator/import/gnu/arm/4.9.3/bin/../lib/gcc/arm-none-eabi/4.9.3/../../../../arm-none-eabi/lib/armv7-m\libg_nano.a
LOAD c:/program files (x86)/cypress/psoc creator/3.3/psoc creator/import/gnu/arm/4.9.3/bin/../lib/gcc/arm-none-eabi/4.9.3/../../../../arm-none-eabi/lib/armv7-m\libc_nano.a
END GROUP
START GROUP
LOAD c:/program files (x86)/cypress/psoc creator/3.3/psoc creator/import/gnu/arm/4.9.3/bin/../lib/gcc/arm-none-eabi/4.9.3/armv7-m\libgcc.a
LOAD c:/program files (x86)/cypress/psoc creator/3.3/psoc creator/import/gnu/arm/4.9.3/bin/../lib/gcc/arm-none-eabi/4.9.3/../../../../arm-none-eabi/lib/armv7-m\libc_nano.a
END GROUP
LOAD c:/program files (x86)/cypress/psoc creator/3.3/psoc creator/import/gnu/arm/4.9.3/bin/../lib/gcc/arm-none-eabi/4.9.3/armv7-m/crtend.o
LOAD c:/program files (x86)/cypress/psoc creator/3.3/psoc creator/import/gnu/arm/4.9.3/bin/../lib/gcc/arm-none-eabi/4.9.3/armv7-m/crtn.o
START GROUP
LOAD c:/program files (x86)/cypress/psoc creator/3.3/psoc creator/import/gnu/arm/4.9.3/bin/../lib/gcc/arm-none-eabi/4.9.3/armv7-m\libgcc.a
LOAD c:/program files (x86)/cypress/psoc creator/3.3/psoc creator/import/gnu/arm/4.9.3/bin/../lib/gcc/arm-none-eabi/4.9.3/../../../../arm-none-eabi/lib/armv7-m\libc.a
LOAD c:/program files (x86)/cypress/psoc creator/3.3/psoc creator/import/gnu/arm/4.9.3/bin/../lib/gcc/arm-none-eabi/4.9.3/../../../../arm-none-eabi/lib/armv7-m\libnosys.a
END GROUP
                0x00000000                CY_APPL_ORIGIN = 0x0
                0x00000100                CY_FLASH_ROW_SIZE = 0x100
                0x00000020                CY_ECC_ROW_SIZE = 0x20
                0x00000000                CY_EE_IN_BTLDR = 0x0
                0x00000000                CY_APPL_LOADABLE = 0x0
                0x00000800                CY_EE_SIZE = 0x800
                0x00000001                CY_APPL_NUM = 0x1
                0x00000001                CY_APPL_MAX = 0x1
                0x00000040                CY_METADATA_SIZE = 0x40
                0x00000000                CY_APPL_LOADABLE = 0x0
                0x00000000                CY_CHECKSUM_EXCLUDE_SIZE = ALIGN (0x0, CY_FLASH_ROW_SIZE)
                0x1fff8220                PROVIDE (__cy_heap_start, _end)
                0x00000001                PROVIDE (__cy_region_num, ((__cy_regions_end - __cy_regions) / 0x10))
                0x20008000                PROVIDE (__cy_stack, (ORIGIN (ram) + 0x10000))
                0x20007800                PROVIDE (__cy_heap_end, (__cy_stack - 0x800))

.cybootloader   0x00000000        0x0
 *(.cybootloader)
                0x00000000                appl1_start = CY_APPL_ORIGIN?CY_APPL_ORIGIN:ALIGN (CY_FLASH_ROW_SIZE)
                0x0001ff00                appl2_start = (appl1_start + ALIGN ((((0x40000 - appl1_start) - (0x2 * CY_FLASH_ROW_SIZE)) / 0x2), CY_FLASH_ROW_SIZE))
                0x00000000                appl_start = (CY_APPL_NUM == 0x1)?appl1_start:appl2_start
                0x00000000                ecc_offset = ((appl_start / CY_FLASH_ROW_SIZE) * CY_ECC_ROW_SIZE)
                0x00000000                ee_offset = (CY_APPL_LOADABLE && ! (CY_EE_IN_BTLDR))?((CY_EE_SIZE / CY_APPL_MAX) * (CY_APPL_NUM - 0x1)):0x0
                0x00000800                ee_size = (CY_APPL_LOADABLE && ! (CY_EE_IN_BTLDR))?(CY_EE_SIZE / CY_APPL_MAX):CY_EE_SIZE
                0x00000000                PROVIDE (CY_ECC_OFFSET, ecc_offset)

.text           0x00000000     0x6210
 CREATE_OBJECT_SYMBOLS
                0x00000000                PROVIDE (__cy_interrupt_vector, RomVectors)
 *(.romvectors)
 .romvectors    0x00000000       0x10 .\ARM_GCC_493\Debug\Cm3Start.o
                0x00000000                RomVectors
                0x00000001                ASSERT ((. != __cy_interrupt_vector), No interrupt vector)
                0x00000001                ASSERT (CY_APPL_ORIGIN?(SIZEOF (.cybootloader) <= CY_APPL_ORIGIN):0x1, Wrong image location)
                0x00000010                PROVIDE (__cy_reset, Reset)
 *(.text.Reset)
 .text.Reset    0x00000010       0x18 .\ARM_GCC_493\Debug\Cm3Start.o
                0x00000010                Reset
                0x00000001                ASSERT ((. != __cy_reset), No reset code)
 *(.dma_init)
 .dma_init      0x00000028      0x168 .\ARM_GCC_493\Debug\CE210514_PSOC3_5_Thermistor.a(cyfitter_cfg.o)
                0x00000001                ASSERT ((((appl_start + .) <= 0x10000) || 0x0), DMA Init must be within the first 64k of flash)
 *(.text .text.* .gnu.linkonce.t.*)
 .text          0x00000190       0x5c c:/program files (x86)/cypress/psoc creator/3.3/psoc creator/import/gnu/arm/4.9.3/bin/../lib/gcc/arm-none-eabi/4.9.3/armv7-m/crtbegin.o
 .text.main     0x000001ec       0xd8 .\ARM_GCC_493\Debug\main.o
                0x000001ec                main
 .text.MeasureResistorVoltage
                0x000002c4       0x48 .\ARM_GCC_493\Debug\measurement.o
                0x000002c4                MeasureResistorVoltage
 .text.FilterSignal
                0x0000030c       0x90 .\ARM_GCC_493\Debug\removeOffsetNoise.o
                0x0000030c                FilterSignal
 .text.GetOffset
                0x0000039c       0x28 .\ARM_GCC_493\Debug\removeOffsetNoise.o
                0x0000039c                GetOffset
 .text.IntDefaultHandler
                0x000003c4        0x8 .\ARM_GCC_493\Debug\Cm3Start.o
                0x000003c4                IntDefaultHandler
 .text._sbrk    0x000003cc       0x50 .\ARM_GCC_493\Debug\Cm3Start.o
                0x000003cc                _sbrk
 .text.Start_c  0x0000041c       0x98 .\ARM_GCC_493\Debug\Cm3Start.o
                0x0000041c                Start_c
 .text.initialize_psoc
                0x000004b4       0x8c .\ARM_GCC_493\Debug\Cm3Start.o
                0x000004b4                initialize_psoc
 .text.CYCONFIGCPY
                0x00000540       0x1c .\ARM_GCC_493\Debug\CE210514_PSOC3_5_Thermistor.a(cyfitter_cfg.o)
 .text.CyClockStartupError
                0x0000055c        0xc .\ARM_GCC_493\Debug\CE210514_PSOC3_5_Thermistor.a(cyfitter_cfg.o)
 .text.cfg_dma_init
                0x00000568      0x174 .\ARM_GCC_493\Debug\CE210514_PSOC3_5_Thermistor.a(cyfitter_cfg.o)
 .text.ClockSetup
                0x000006dc      0x154 .\ARM_GCC_493\Debug\CE210514_PSOC3_5_Thermistor.a(cyfitter_cfg.o)
 .text.AnalogSetDefault
                0x00000830       0x78 .\ARM_GCC_493\Debug\CE210514_PSOC3_5_Thermistor.a(cyfitter_cfg.o)
 .text.AMux_CYAMUXSIDE_A_Set
                0x000008a8       0x6c .\ARM_GCC_493\Debug\CE210514_PSOC3_5_Thermistor.a(cyfitter_cfg.o)
                0x000008a8                AMux_CYAMUXSIDE_A_Set
 .text.AMux_CYAMUXSIDE_A_Unset
                0x00000914       0x74 .\ARM_GCC_493\Debug\CE210514_PSOC3_5_Thermistor.a(cyfitter_cfg.o)
                0x00000914                AMux_CYAMUXSIDE_A_Unset
 .text.AMux_CYAMUXSIDE_B_Set
                0x00000988       0x6c .\ARM_GCC_493\Debug\CE210514_PSOC3_5_Thermistor.a(cyfitter_cfg.o)
                0x00000988                AMux_CYAMUXSIDE_B_Set
 .text.AMux_CYAMUXSIDE_B_Unset
                0x000009f4       0x74 .\ARM_GCC_493\Debug\CE210514_PSOC3_5_Thermistor.a(cyfitter_cfg.o)
                0x000009f4                AMux_CYAMUXSIDE_B_Unset
 .text.cyfitter_cfg
                0x00000a68       0xe4 .\ARM_GCC_493\Debug\CE210514_PSOC3_5_Thermistor.a(cyfitter_cfg.o)
                0x00000a68                cyfitter_cfg
 *fill*         0x00000b4c        0x4 
 .text.Thermistor_GetTemperature
                0x00000b50      0x140 .\ARM_GCC_493\Debug\CE210514_PSOC3_5_Thermistor.a(Thermistor.o)
                0x00000b50                Thermistor_GetTemperature
 .text.Opamp_Init
                0x00000c90        0xc .\ARM_GCC_493\Debug\CE210514_PSOC3_5_Thermistor.a(Opamp.o)
                0x00000c90                Opamp_Init
 .text.Opamp_Enable
                0x00000c9c       0x48 .\ARM_GCC_493\Debug\CE210514_PSOC3_5_Thermistor.a(Opamp.o)
                0x00000c9c                Opamp_Enable
 .text.Opamp_Start
                0x00000ce4       0x20 .\ARM_GCC_493\Debug\CE210514_PSOC3_5_Thermistor.a(Opamp.o)
                0x00000ce4                Opamp_Start
 .text.Opamp_SetPower
                0x00000d04       0x40 .\ARM_GCC_493\Debug\CE210514_PSOC3_5_Thermistor.a(Opamp.o)
                0x00000d04                Opamp_SetPower
 .text.VDAC8_Init
                0x00000d44       0x28 .\ARM_GCC_493\Debug\CE210514_PSOC3_5_Thermistor.a(VDAC8.o)
                0x00000d44                VDAC8_Init
 .text.VDAC8_Enable
                0x00000d6c       0x34 .\ARM_GCC_493\Debug\CE210514_PSOC3_5_Thermistor.a(VDAC8.o)
                0x00000d6c                VDAC8_Enable
 .text.VDAC8_Start
                0x00000da0       0x28 .\ARM_GCC_493\Debug\CE210514_PSOC3_5_Thermistor.a(VDAC8.o)
                0x00000da0                VDAC8_Start
 .text.VDAC8_SetSpeed
                0x00000dc8       0x40 .\ARM_GCC_493\Debug\CE210514_PSOC3_5_Thermistor.a(VDAC8.o)
                0x00000dc8                VDAC8_SetSpeed
 .text.VDAC8_SetRange
                0x00000e08       0x40 .\ARM_GCC_493\Debug\CE210514_PSOC3_5_Thermistor.a(VDAC8.o)
                0x00000e08                VDAC8_SetRange
 .text.VDAC8_SetValue
                0x00000e48       0x20 .\ARM_GCC_493\Debug\CE210514_PSOC3_5_Thermistor.a(VDAC8.o)
                0x00000e48                VDAC8_SetValue
 .text.VDAC8_DacTrim
                0x00000e68       0x3c .\ARM_GCC_493\Debug\CE210514_PSOC3_5_Thermistor.a(VDAC8.o)
                0x00000e68                VDAC8_DacTrim
 .text.AMux_Start
                0x00000ea4       0x38 .\ARM_GCC_493\Debug\CE210514_PSOC3_5_Thermistor.a(AMux.o)
                0x00000ea4                AMux_Start
 .text.AMux_FastSelect
                0x00000edc       0x3c .\ARM_GCC_493\Debug\CE210514_PSOC3_5_Thermistor.a(AMux.o)
                0x00000edc                AMux_FastSelect
 .text.AMux_Disconnect
                0x00000f18       0x20 .\ARM_GCC_493\Debug\CE210514_PSOC3_5_Thermistor.a(AMux.o)
                0x00000f18                AMux_Disconnect
 .text.ADC_Init
                0x00000f38      0x11c .\ARM_GCC_493\Debug\CE210514_PSOC3_5_Thermistor.a(ADC.o)
                0x00000f38                ADC_Init
 .text.ADC_Enable
                0x00001054      0x158 .\ARM_GCC_493\Debug\CE210514_PSOC3_5_Thermistor.a(ADC.o)
                0x00001054                ADC_Enable
 .text.ADC_Start
                0x000011ac       0x30 .\ARM_GCC_493\Debug\CE210514_PSOC3_5_Thermistor.a(ADC.o)
                0x000011ac                ADC_Start
 .text.ADC_StartConvert
                0x000011dc       0x20 .\ARM_GCC_493\Debug\CE210514_PSOC3_5_Thermistor.a(ADC.o)
                0x000011dc                ADC_StartConvert
 .text.ADC_StopConvert
                0x000011fc       0x20 .\ARM_GCC_493\Debug\CE210514_PSOC3_5_Thermistor.a(ADC.o)
                0x000011fc                ADC_StopConvert
 .text.ADC_IsEndConversion
                0x0000121c       0x50 .\ARM_GCC_493\Debug\CE210514_PSOC3_5_Thermistor.a(ADC.o)
                0x0000121c                ADC_IsEndConversion
 .text.ADC_GetResult32
                0x0000126c       0xa8 .\ARM_GCC_493\Debug\CE210514_PSOC3_5_Thermistor.a(ADC.o)
                0x0000126c                ADC_GetResult32
 .text.ADC_InitConfig
                0x00001314      0x164 .\ARM_GCC_493\Debug\CE210514_PSOC3_5_Thermistor.a(ADC.o)
 .text.ADC_GainCompensation
                0x00001478      0x16c .\ARM_GCC_493\Debug\CE210514_PSOC3_5_Thermistor.a(ADC.o)
 .text.ADC_SetDSMRef0Reg
                0x000015e4       0x78 .\ARM_GCC_493\Debug\CE210514_PSOC3_5_Thermistor.a(ADC.o)
 .text.ADC_ISR1
                0x0000165c       0x14 .\ARM_GCC_493\Debug\CE210514_PSOC3_5_Thermistor.a(ADC_INT.o)
                0x0000165c                ADC_ISR1
 .text.UART_Start
                0x00001670       0x20 .\ARM_GCC_493\Debug\CE210514_PSOC3_5_Thermistor.a(UART.o)
                0x00001670                UART_Start
 .text.UART_Init
                0x00001690       0x2c .\ARM_GCC_493\Debug\CE210514_PSOC3_5_Thermistor.a(UART.o)
                0x00001690                UART_Init
 .text.UART_Enable
                0x000016bc       0x34 .\ARM_GCC_493\Debug\CE210514_PSOC3_5_Thermistor.a(UART.o)
                0x000016bc                UART_Enable
 .text.UART_PutChar
                0x000016f0       0x34 .\ARM_GCC_493\Debug\CE210514_PSOC3_5_Thermistor.a(UART.o)
                0x000016f0                UART_PutChar
 .text.UART_PutString
                0x00001724       0x40 .\ARM_GCC_493\Debug\CE210514_PSOC3_5_Thermistor.a(UART.o)
                0x00001724                UART_PutString
 .text.ADC_Ext_CP_Clk_SetDividerRegister
                0x00001764      0x160 .\ARM_GCC_493\Debug\CE210514_PSOC3_5_Thermistor.a(ADC_Ext_CP_Clk.o)
                0x00001764                ADC_Ext_CP_Clk_SetDividerRegister
 .text.ADC_Ext_CP_Clk_GetDividerRegister
                0x000018c4       0x18 .\ARM_GCC_493\Debug\CE210514_PSOC3_5_Thermistor.a(ADC_Ext_CP_Clk.o)
                0x000018c4                ADC_Ext_CP_Clk_GetDividerRegister
 .text.ADC_Ext_CP_Clk_SetModeRegister
                0x000018dc       0x34 .\ARM_GCC_493\Debug\CE210514_PSOC3_5_Thermistor.a(ADC_Ext_CP_Clk.o)
                0x000018dc                ADC_Ext_CP_Clk_SetModeRegister
 .text.ADC_Ext_CP_Clk_GetSourceRegister
                0x00001910       0x20 .\ARM_GCC_493\Debug\CE210514_PSOC3_5_Thermistor.a(ADC_Ext_CP_Clk.o)
                0x00001910                ADC_Ext_CP_Clk_GetSourceRegister
 .text.ADC_theACLK_SetDividerRegister
                0x00001930      0x160 .\ARM_GCC_493\Debug\CE210514_PSOC3_5_Thermistor.a(ADC_theACLK.o)
                0x00001930                ADC_theACLK_SetDividerRegister
 .text.ADC_theACLK_GetDividerRegister
                0x00001a90       0x18 .\ARM_GCC_493\Debug\CE210514_PSOC3_5_Thermistor.a(ADC_theACLK.o)
                0x00001a90                ADC_theACLK_GetDividerRegister
 .text.ADC_theACLK_SetModeRegister
                0x00001aa8       0x34 .\ARM_GCC_493\Debug\CE210514_PSOC3_5_Thermistor.a(ADC_theACLK.o)
                0x00001aa8                ADC_theACLK_SetModeRegister
 .text.ADC_theACLK_GetSourceRegister
                0x00001adc       0x20 .\ARM_GCC_493\Debug\CE210514_PSOC3_5_Thermistor.a(ADC_theACLK.o)
                0x00001adc                ADC_theACLK_GetSourceRegister
 .text.UART_IntClock_Start
                0x00001afc       0x34 .\ARM_GCC_493\Debug\CE210514_PSOC3_5_Thermistor.a(UART_IntClock.o)
                0x00001afc                UART_IntClock_Start
 .text          0x00001b30       0x20 .\ARM_GCC_493\Debug\CE210514_PSOC3_5_Thermistor.a(CyBootAsmGnu.o)
                0x00001b30                CyDelayCycles
                0x00001b40                CyEnterCriticalSection
                0x00001b48                CyExitCriticalSection
 .text.CyHalt   0x00001b50       0x18 .\ARM_GCC_493\Debug\CE210514_PSOC3_5_Thermistor.a(CyLib.o)
                0x00001b50                CyHalt
 .text.CyDelayUs
                0x00001b68       0x24 .\ARM_GCC_493\Debug\CE210514_PSOC3_5_Thermistor.a(CyLib.o)
                0x00001b68                CyDelayUs
 .text.CyIntSetVector
                0x00001b8c       0x50 .\ARM_GCC_493\Debug\CE210514_PSOC3_5_Thermistor.a(CyLib.o)
                0x00001b8c                CyIntSetVector
 .text.CyIntSetPriority
                0x00001bdc       0x44 .\ARM_GCC_493\Debug\CE210514_PSOC3_5_Thermistor.a(CyLib.o)
                0x00001bdc                CyIntSetPriority
 .text.log      0x00001c20      0x100 c:/program files (x86)/cypress/psoc creator/3.3/psoc creator/import/gnu/arm/4.9.3/bin/../lib/gcc/arm-none-eabi/4.9.3/../../../../arm-none-eabi/lib/armv7-m\libm.a(lib_a-w_log.o)
                0x00001c20                log
 .text.pow      0x00001d20      0x2f0 c:/program files (x86)/cypress/psoc creator/3.3/psoc creator/import/gnu/arm/4.9.3/bin/../lib/gcc/arm-none-eabi/4.9.3/../../../../arm-none-eabi/lib/armv7-m\libm.a(lib_a-w_pow.o)
                0x00001d20                pow
 .text.__ieee754_log
                0x00002010      0x3d0 c:/program files (x86)/cypress/psoc creator/3.3/psoc creator/import/gnu/arm/4.9.3/bin/../lib/gcc/arm-none-eabi/4.9.3/../../../../arm-none-eabi/lib/armv7-m\libm.a(lib_a-e_log.o)
                0x00002010                __ieee754_log
 .text.__ieee754_pow
                0x000023e0      0xaa0 c:/program files (x86)/cypress/psoc creator/3.3/psoc creator/import/gnu/arm/4.9.3/bin/../lib/gcc/arm-none-eabi/4.9.3/../../../../arm-none-eabi/lib/armv7-m\libm.a(lib_a-e_pow.o)
                0x000023e0                __ieee754_pow
 .text.__ieee754_sqrt
                0x00002e80      0x18c c:/program files (x86)/cypress/psoc creator/3.3/psoc creator/import/gnu/arm/4.9.3/bin/../lib/gcc/arm-none-eabi/4.9.3/../../../../arm-none-eabi/lib/armv7-m\libm.a(lib_a-e_sqrt.o)
                0x00002e80                __ieee754_sqrt
 .text.fabs     0x0000300c        0x8 c:/program files (x86)/cypress/psoc creator/3.3/psoc creator/import/gnu/arm/4.9.3/bin/../lib/gcc/arm-none-eabi/4.9.3/../../../../arm-none-eabi/lib/armv7-m\libm.a(lib_a-s_fabs.o)
                0x0000300c                fabs
 .text.finite   0x00003014        0xc c:/program files (x86)/cypress/psoc creator/3.3/psoc creator/import/gnu/arm/4.9.3/bin/../lib/gcc/arm-none-eabi/4.9.3/../../../../arm-none-eabi/lib/armv7-m\libm.a(lib_a-s_finite.o)
                0x00003014                finite
 .text.__fpclassifyd
                0x00003020       0x58 c:/program files (x86)/cypress/psoc creator/3.3/psoc creator/import/gnu/arm/4.9.3/bin/../lib/gcc/arm-none-eabi/4.9.3/../../../../arm-none-eabi/lib/armv7-m\libm.a(lib_a-s_fpclassify.o)
                0x00003020                __fpclassifyd
 .text.matherr  0x00003078        0x4 c:/program files (x86)/cypress/psoc creator/3.3/psoc creator/import/gnu/arm/4.9.3/bin/../lib/gcc/arm-none-eabi/4.9.3/../../../../arm-none-eabi/lib/armv7-m\libm.a(lib_a-s_matherr.o)
                0x00003078                matherr
 .text.nan      0x0000307c        0xc c:/program files (x86)/cypress/psoc creator/3.3/psoc creator/import/gnu/arm/4.9.3/bin/../lib/gcc/arm-none-eabi/4.9.3/../../../../arm-none-eabi/lib/armv7-m\libm.a(lib_a-s_nan.o)
                0x0000307c                nan
 .text.rint     0x00003088      0x11c c:/program files (x86)/cypress/psoc creator/3.3/psoc creator/import/gnu/arm/4.9.3/bin/../lib/gcc/arm-none-eabi/4.9.3/../../../../arm-none-eabi/lib/armv7-m\libm.a(lib_a-s_rint.o)
                0x00003088                rint
 *fill*         0x000031a4        0x4 
 .text.scalbn   0x000031a8       0xf0 c:/program files (x86)/cypress/psoc creator/3.3/psoc creator/import/gnu/arm/4.9.3/bin/../lib/gcc/arm-none-eabi/4.9.3/../../../../arm-none-eabi/lib/armv7-m\libm.a(lib_a-s_scalbn.o)
                0x000031a8                scalbn
 .text.copysign
                0x00003298       0x10 c:/program files (x86)/cypress/psoc creator/3.3/psoc creator/import/gnu/arm/4.9.3/bin/../lib/gcc/arm-none-eabi/4.9.3/../../../../arm-none-eabi/lib/armv7-m\libm.a(lib_a-s_copysign.o)
                0x00003298                copysign
 .text          0x000032a8      0x370 c:/program files (x86)/cypress/psoc creator/3.3/psoc creator/import/gnu/arm/4.9.3/bin/../lib/gcc/arm-none-eabi/4.9.3/armv7-m\libgcc.a(_arm_addsubdf3.o)
                0x000032a8                __aeabi_drsub
                0x000032b0                __aeabi_dsub
                0x000032b0                __subdf3
                0x000032b4                __aeabi_dadd
                0x000032b4                __adddf3
                0x0000352c                __floatunsidf
                0x0000352c                __aeabi_ui2d
                0x0000354c                __floatsidf
                0x0000354c                __aeabi_i2d
                0x00003570                __aeabi_f2d
                0x00003570                __extendsfdf2
                0x000035ac                __floatundidf
                0x000035ac                __aeabi_ul2d
                0x000035bc                __floatdidf
                0x000035bc                __aeabi_l2d
 .text          0x00003618      0x424 c:/program files (x86)/cypress/psoc creator/3.3/psoc creator/import/gnu/arm/4.9.3/bin/../lib/gcc/arm-none-eabi/4.9.3/armv7-m\libgcc.a(_arm_muldivdf3.o)
                0x00003618                __aeabi_dmul
                0x00003618                __muldf3
                0x0000386c                __divdf3
                0x0000386c                __aeabi_ddiv
 .text          0x00003a3c      0x110 c:/program files (x86)/cypress/psoc creator/3.3/psoc creator/import/gnu/arm/4.9.3/bin/../lib/gcc/arm-none-eabi/4.9.3/armv7-m\libgcc.a(_arm_cmpdf2.o)
                0x00003a3c                __gtdf2
                0x00003a3c                __gedf2
                0x00003a44                __ltdf2
                0x00003a44                __ledf2
                0x00003a4c                __nedf2
                0x00003a4c                __eqdf2
                0x00003a4c                __cmpdf2
                0x00003ac8                __aeabi_cdrcmple
                0x00003ad8                __aeabi_cdcmpeq
                0x00003ad8                __aeabi_cdcmple
                0x00003ae8                __aeabi_dcmpeq
                0x00003afc                __aeabi_dcmplt
                0x00003b10                __aeabi_dcmple
                0x00003b24                __aeabi_dcmpge
                0x00003b38                __aeabi_dcmpgt
 .text          0x00003b4c       0xa0 c:/program files (x86)/cypress/psoc creator/3.3/psoc creator/import/gnu/arm/4.9.3/bin/../lib/gcc/arm-none-eabi/4.9.3/armv7-m\libgcc.a(_arm_truncdfsf2.o)
                0x00003b4c                __truncdfsf2
                0x00003b4c                __aeabi_d2f
 .text          0x00003bec      0x21c c:/program files (x86)/cypress/psoc creator/3.3/psoc creator/import/gnu/arm/4.9.3/bin/../lib/gcc/arm-none-eabi/4.9.3/armv7-m\libgcc.a(_arm_addsubsf3.o)
                0x00003bec                __aeabi_frsub
                0x00003bf4                __subsf3
                0x00003bf4                __aeabi_fsub
                0x00003bf8                __aeabi_fadd
                0x00003bf8                __addsf3
                0x00003d58                __aeabi_ui2f
                0x00003d58                __floatunsisf
                0x00003d60                __aeabi_i2f
                0x00003d60                __floatsisf
                0x00003d7c                __aeabi_ul2f
                0x00003d7c                __floatundisf
                0x00003d8c                __aeabi_l2f
                0x00003d8c                __floatdisf
 .text          0x00003e08      0x2a0 c:/program files (x86)/cypress/psoc creator/3.3/psoc creator/import/gnu/arm/4.9.3/bin/../lib/gcc/arm-none-eabi/4.9.3/armv7-m\libgcc.a(_arm_muldivsf3.o)
                0x00003e08                __mulsf3
                0x00003e08                __aeabi_fmul
                0x00003f70                __aeabi_fdiv
                0x00003f70                __divsf3
 .text          0x000040a8       0x4c c:/program files (x86)/cypress/psoc creator/3.3/psoc creator/import/gnu/arm/4.9.3/bin/../lib/gcc/arm-none-eabi/4.9.3/armv7-m\libgcc.a(_arm_fixsfsi.o)
                0x000040a8                __aeabi_f2iz
                0x000040a8                __fixsfsi
 .text.__errno  0x000040f4        0xc c:/program files (x86)/cypress/psoc creator/3.3/psoc creator/import/gnu/arm/4.9.3/bin/../lib/gcc/arm-none-eabi/4.9.3/../../../../arm-none-eabi/lib/armv7-m\libg_nano.a(lib_a-errno.o)
                0x000040f4                __errno
 .text.__libc_init_array
                0x00004100       0x4c c:/program files (x86)/cypress/psoc creator/3.3/psoc creator/import/gnu/arm/4.9.3/bin/../lib/gcc/arm-none-eabi/4.9.3/../../../../arm-none-eabi/lib/armv7-m\libg_nano.a(lib_a-init.o)
                0x00004100                __libc_init_array
 .text.memcpy   0x0000414c       0x16 c:/program files (x86)/cypress/psoc creator/3.3/psoc creator/import/gnu/arm/4.9.3/bin/../lib/gcc/arm-none-eabi/4.9.3/../../../../arm-none-eabi/lib/armv7-m\libg_nano.a(lib_a-memcpy.o)
                0x0000414c                memcpy
 .text.memset   0x00004162       0x10 c:/program files (x86)/cypress/psoc creator/3.3/psoc creator/import/gnu/arm/4.9.3/bin/../lib/gcc/arm-none-eabi/4.9.3/../../../../arm-none-eabi/lib/armv7-m\libg_nano.a(lib_a-memset.o)
                0x00004162                memset
 .text.__cvt    0x00004172       0xbc c:/program files (x86)/cypress/psoc creator/3.3/psoc creator/import/gnu/arm/4.9.3/bin/../lib/gcc/arm-none-eabi/4.9.3/../../../../arm-none-eabi/lib/armv7-m\libg_nano.a(lib_a-nano-vfprintf_float.o)
                0x00004172                __cvt
 .text.__exponent
                0x0000422e       0x62 c:/program files (x86)/cypress/psoc creator/3.3/psoc creator/import/gnu/arm/4.9.3/bin/../lib/gcc/arm-none-eabi/4.9.3/../../../../arm-none-eabi/lib/armv7-m\libg_nano.a(lib_a-nano-vfprintf_float.o)
                0x0000422e                __exponent
 .text._printf_float
                0x00004290      0x48c c:/program files (x86)/cypress/psoc creator/3.3/psoc creator/import/gnu/arm/4.9.3/bin/../lib/gcc/arm-none-eabi/4.9.3/../../../../arm-none-eabi/lib/armv7-m\libg_nano.a(lib_a-nano-vfprintf_float.o)
                0x00004290                _printf_float
 .text._printf_common
                0x0000471c       0xea c:/program files (x86)/cypress/psoc creator/3.3/psoc creator/import/gnu/arm/4.9.3/bin/../lib/gcc/arm-none-eabi/4.9.3/../../../../arm-none-eabi/lib/armv7-m\libg_nano.a(lib_a-nano-vfprintf_i.o)
                0x0000471c                _printf_common
 *fill*         0x00004806        0x2 
 .text._printf_i
                0x00004808      0x240 c:/program files (x86)/cypress/psoc creator/3.3/psoc creator/import/gnu/arm/4.9.3/bin/../lib/gcc/arm-none-eabi/4.9.3/../../../../arm-none-eabi/lib/armv7-m\libg_nano.a(lib_a-nano-vfprintf_i.o)
                0x00004808                _printf_i
 .text.sprintf  0x00004a48       0x48 c:/program files (x86)/cypress/psoc creator/3.3/psoc creator/import/gnu/arm/4.9.3/bin/../lib/gcc/arm-none-eabi/4.9.3/../../../../arm-none-eabi/lib/armv7-m\libg_nano.a(lib_a-sprintf.o)
                0x00004a48                siprintf
                0x00004a48                sprintf
 .text.strlen   0x00004a90       0x10 c:/program files (x86)/cypress/psoc creator/3.3/psoc creator/import/gnu/arm/4.9.3/bin/../lib/gcc/arm-none-eabi/4.9.3/../../../../arm-none-eabi/lib/armv7-m\libg_nano.a(lib_a-strlen.o)
                0x00004a90                strlen
 .text.quorem   0x00004aa0      0x114 c:/program files (x86)/cypress/psoc creator/3.3/psoc creator/import/gnu/arm/4.9.3/bin/../lib/gcc/arm-none-eabi/4.9.3/../../../../arm-none-eabi/lib/armv7-m\libg_nano.a(lib_a-dtoa.o)
 *fill*         0x00004bb4        0x4 
 .text._dtoa_r  0x00004bb8      0xb78 c:/program files (x86)/cypress/psoc creator/3.3/psoc creator/import/gnu/arm/4.9.3/bin/../lib/gcc/arm-none-eabi/4.9.3/../../../../arm-none-eabi/lib/armv7-m\libg_nano.a(lib_a-dtoa.o)
                0x00004bb8                _dtoa_r
 .text._localeconv_r
                0x00005730        0x8 c:/program files (x86)/cypress/psoc creator/3.3/psoc creator/import/gnu/arm/4.9.3/bin/../lib/gcc/arm-none-eabi/4.9.3/../../../../arm-none-eabi/lib/armv7-m\libg_nano.a(lib_a-locale.o)
                0x00005730                _localeconv_r
 .text.malloc   0x00005738       0x10 c:/program files (x86)/cypress/psoc creator/3.3/psoc creator/import/gnu/arm/4.9.3/bin/../lib/gcc/arm-none-eabi/4.9.3/../../../../arm-none-eabi/lib/armv7-m\libg_nano.a(lib_a-malloc.o)
                0x00005738                malloc
 .text.memchr   0x00005748       0x1c c:/program files (x86)/cypress/psoc creator/3.3/psoc creator/import/gnu/arm/4.9.3/bin/../lib/gcc/arm-none-eabi/4.9.3/../../../../arm-none-eabi/lib/armv7-m\libg_nano.a(lib_a-memchr.o)
                0x00005748                memchr
 .text._Balloc  0x00005764       0x6a c:/program files (x86)/cypress/psoc creator/3.3/psoc creator/import/gnu/arm/4.9.3/bin/../lib/gcc/arm-none-eabi/4.9.3/../../../../arm-none-eabi/lib/armv7-m\libg_nano.a(lib_a-mprec.o)
                0x00005764                _Balloc
 .text._Bfree   0x000057ce       0x2e c:/program files (x86)/cypress/psoc creator/3.3/psoc creator/import/gnu/arm/4.9.3/bin/../lib/gcc/arm-none-eabi/4.9.3/../../../../arm-none-eabi/lib/armv7-m\libg_nano.a(lib_a-mprec.o)
                0x000057ce                _Bfree
 .text.__multadd
                0x000057fc       0x7c c:/program files (x86)/cypress/psoc creator/3.3/psoc creator/import/gnu/arm/4.9.3/bin/../lib/gcc/arm-none-eabi/4.9.3/../../../../arm-none-eabi/lib/armv7-m\libg_nano.a(lib_a-mprec.o)
                0x000057fc                __multadd
 .text.__hi0bits
                0x00005878       0x40 c:/program files (x86)/cypress/psoc creator/3.3/psoc creator/import/gnu/arm/4.9.3/bin/../lib/gcc/arm-none-eabi/4.9.3/../../../../arm-none-eabi/lib/armv7-m\libg_nano.a(lib_a-mprec.o)
                0x00005878                __hi0bits
 .text.__lo0bits
                0x000058b8       0x5a c:/program files (x86)/cypress/psoc creator/3.3/psoc creator/import/gnu/arm/4.9.3/bin/../lib/gcc/arm-none-eabi/4.9.3/../../../../arm-none-eabi/lib/armv7-m\libg_nano.a(lib_a-mprec.o)
                0x000058b8                __lo0bits
 .text.__i2b    0x00005912       0x12 c:/program files (x86)/cypress/psoc creator/3.3/psoc creator/import/gnu/arm/4.9.3/bin/../lib/gcc/arm-none-eabi/4.9.3/../../../../arm-none-eabi/lib/armv7-m\libg_nano.a(lib_a-mprec.o)
                0x00005912                __i2b
 .text.__multiply
                0x00005924      0x120 c:/program files (x86)/cypress/psoc creator/3.3/psoc creator/import/gnu/arm/4.9.3/bin/../lib/gcc/arm-none-eabi/4.9.3/../../../../arm-none-eabi/lib/armv7-m\libg_nano.a(lib_a-mprec.o)
                0x00005924                __multiply
 .text.__pow5mult
                0x00005a44       0x9c c:/program files (x86)/cypress/psoc creator/3.3/psoc creator/import/gnu/arm/4.9.3/bin/../lib/gcc/arm-none-eabi/4.9.3/../../../../arm-none-eabi/lib/armv7-m\libg_nano.a(lib_a-mprec.o)
                0x00005a44                __pow5mult
 .text.__lshift
                0x00005ae0       0xa6 c:/program files (x86)/cypress/psoc creator/3.3/psoc creator/import/gnu/arm/4.9.3/bin/../lib/gcc/arm-none-eabi/4.9.3/../../../../arm-none-eabi/lib/armv7-m\libg_nano.a(lib_a-mprec.o)
                0x00005ae0                __lshift
 .text.__mcmp   0x00005b86       0x38 c:/program files (x86)/cypress/psoc creator/3.3/psoc creator/import/gnu/arm/4.9.3/bin/../lib/gcc/arm-none-eabi/4.9.3/../../../../arm-none-eabi/lib/armv7-m\libg_nano.a(lib_a-mprec.o)
                0x00005b86                __mcmp
 .text.__mdiff  0x00005bbe       0xbe c:/program files (x86)/cypress/psoc creator/3.3/psoc creator/import/gnu/arm/4.9.3/bin/../lib/gcc/arm-none-eabi/4.9.3/../../../../arm-none-eabi/lib/armv7-m\libg_nano.a(lib_a-mprec.o)
                0x00005bbe                __mdiff
 .text.__d2b    0x00005c7c       0xa4 c:/program files (x86)/cypress/psoc creator/3.3/psoc creator/import/gnu/arm/4.9.3/bin/../lib/gcc/arm-none-eabi/4.9.3/../../../../arm-none-eabi/lib/armv7-m\libg_nano.a(lib_a-mprec.o)
                0x00005c7c                __d2b
 .text._calloc_r
                0x00005d20       0x1c c:/program files (x86)/cypress/psoc creator/3.3/psoc creator/import/gnu/arm/4.9.3/bin/../lib/gcc/arm-none-eabi/4.9.3/../../../../arm-none-eabi/lib/armv7-m\libg_nano.a(lib_a-nano-callocr.o)
                0x00005d20                _calloc_r
 .text._free_r  0x00005d3c       0x88 c:/program files (x86)/cypress/psoc creator/3.3/psoc creator/import/gnu/arm/4.9.3/bin/../lib/gcc/arm-none-eabi/4.9.3/../../../../arm-none-eabi/lib/armv7-m\libg_nano.a(lib_a-nano-freer.o)
                0x00005d3c                _free_r
 .text._malloc_r
                0x00005dc4       0xac c:/program files (x86)/cypress/psoc creator/3.3/psoc creator/import/gnu/arm/4.9.3/bin/../lib/gcc/arm-none-eabi/4.9.3/../../../../arm-none-eabi/lib/armv7-m\libg_nano.a(lib_a-nano-mallocr.o)
                0x00005dc4                _malloc_r
 .text.__ssputs_r
                0x00005e70       0xb2 c:/program files (x86)/cypress/psoc creator/3.3/psoc creator/import/gnu/arm/4.9.3/bin/../lib/gcc/arm-none-eabi/4.9.3/../../../../arm-none-eabi/lib/armv7-m\libg_nano.a(lib_a-nano-svfprintf.o)
                0x00005e70                __ssputs_r
 *fill*         0x00005f22        0x2 
 .text._svfprintf_r
                0x00005f24      0x1e4 c:/program files (x86)/cypress/psoc creator/3.3/psoc creator/import/gnu/arm/4.9.3/bin/../lib/gcc/arm-none-eabi/4.9.3/../../../../arm-none-eabi/lib/armv7-m\libg_nano.a(lib_a-nano-svfprintf.o)
                0x00005f24                _svfiprintf_r
                0x00005f24                _svfprintf_r
 .text._sbrk_r  0x00006108       0x20 c:/program files (x86)/cypress/psoc creator/3.3/psoc creator/import/gnu/arm/4.9.3/bin/../lib/gcc/arm-none-eabi/4.9.3/../../../../arm-none-eabi/lib/armv7-m\libg_nano.a(lib_a-sbrkr.o)
                0x00006108                _sbrk_r
 .text.memmove  0x00006128       0x36 c:/program files (x86)/cypress/psoc creator/3.3/psoc creator/import/gnu/arm/4.9.3/bin/../lib/gcc/arm-none-eabi/4.9.3/../../../../arm-none-eabi/lib/armv7-m\libg_nano.a(lib_a-memmove.o)
                0x00006128                memmove
 .text._realloc_r
                0x0000615e       0x4c c:/program files (x86)/cypress/psoc creator/3.3/psoc creator/import/gnu/arm/4.9.3/bin/../lib/gcc/arm-none-eabi/4.9.3/../../../../arm-none-eabi/lib/armv7-m\libg_nano.a(lib_a-nano-reallocr.o)
                0x0000615e                _realloc_r
 .text._malloc_usable_size_r
                0x000061aa       0x14 c:/program files (x86)/cypress/psoc creator/3.3/psoc creator/import/gnu/arm/4.9.3/bin/../lib/gcc/arm-none-eabi/4.9.3/../../../../arm-none-eabi/lib/armv7-m\libg_nano.a(lib_a-nano-msizer.o)
                0x000061aa                _malloc_usable_size_r
 *fill*         0x000061be        0x2 
 .text          0x000061c0       0x50 c:/program files (x86)/cypress/psoc creator/3.3/psoc creator/import/gnu/arm/4.9.3/bin/../lib/gcc/arm-none-eabi/4.9.3/armv7-m\libgcc.a(_arm_fixdfsi.o)
                0x000061c0                __aeabi_d2iz
                0x000061c0                __fixdfsi
 *(.plt)
 *(.gnu.warning)
 *(.glue_7t)
 .glue_7t       0x00000000        0x0 linker stubs
 *(.glue_7)
 .glue_7        0x00000000        0x0 linker stubs
 *(.vfp11_veneer)
 .vfp11_veneer  0x00000000        0x0 linker stubs
 *(.bootloader)
 *(.ARM.extab* .gnu.linkonce.armextab.*)
 *(.gcc_except_table)

.v4_bx          0x00006210        0x0
 .v4_bx         0x00000000        0x0 linker stubs

.iplt           0x00006210        0x0
 .iplt          0x00000000        0x0 c:/program files (x86)/cypress/psoc creator/3.3/psoc creator/import/gnu/arm/4.9.3/bin/../lib/gcc/arm-none-eabi/4.9.3/armv7-m/crtbegin.o

.eh_frame_hdr
 *(.eh_frame_hdr)

.eh_frame       0x00006210        0x4
 *(.eh_frame)
 .eh_frame      0x00006210        0x0 c:/program files (x86)/cypress/psoc creator/3.3/psoc creator/import/gnu/arm/4.9.3/bin/../lib/gcc/arm-none-eabi/4.9.3/armv7-m/crtbegin.o
 .eh_frame      0x00006210        0x0 c:/program files (x86)/cypress/psoc creator/3.3/psoc creator/import/gnu/arm/4.9.3/bin/../lib/gcc/arm-none-eabi/4.9.3/../../../../arm-none-eabi/lib/armv7-m\libg_nano.a(lib_a-strcmp.o)
                                 0x28 (size before relaxing)
 .eh_frame      0x00006210        0x4 c:/program files (x86)/cypress/psoc creator/3.3/psoc creator/import/gnu/arm/4.9.3/bin/../lib/gcc/arm-none-eabi/4.9.3/armv7-m/crtend.o
                0x00006214                PROVIDE (__exidx_start, .)

.ARM.exidx
 *(.ARM.exidx* .gnu.linkonce.armexidx.*)
                0x00006214                __exidx_end = .

.rodata         0x00006218      0x2e0
 *(.rodata .rodata.* .gnu.linkonce.r.*)
 .rodata        0x00006218       0x18 .\ARM_GCC_493\Debug\main.o
 .rodata        0x00006230       0xe0 .\ARM_GCC_493\Debug\CE210514_PSOC3_5_Thermistor.a(cyfitter_cfg.o)
                0x00006230                AMux_CYAMUXSIDE_A__addrTable
                0x00006248                AMux_CYAMUXSIDE_A__maskTable
                0x00006250                AMux_CYAMUXSIDE_B__addrTable
                0x00006268                AMux_CYAMUXSIDE_B__maskTable
 .rodata.str1.4
                0x00006310        0x5 c:/program files (x86)/cypress/psoc creator/3.3/psoc creator/import/gnu/arm/4.9.3/bin/../lib/gcc/arm-none-eabi/4.9.3/../../../../arm-none-eabi/lib/armv7-m\libm.a(lib_a-w_log.o)
                                  0x8 (size before relaxing)
 *fill*         0x00006315        0x3 
 .rodata.str1.4
                0x00006318        0x4 c:/program files (x86)/cypress/psoc creator/3.3/psoc creator/import/gnu/arm/4.9.3/bin/../lib/gcc/arm-none-eabi/4.9.3/../../../../arm-none-eabi/lib/armv7-m\libm.a(lib_a-w_pow.o)
 *fill*         0x0000631c        0x4 
 .rodata.dp_h   0x00006320       0x10 c:/program files (x86)/cypress/psoc creator/3.3/psoc creator/import/gnu/arm/4.9.3/bin/../lib/gcc/arm-none-eabi/4.9.3/../../../../arm-none-eabi/lib/armv7-m\libm.a(lib_a-e_pow.o)
 .rodata.dp_l   0x00006330       0x10 c:/program files (x86)/cypress/psoc creator/3.3/psoc creator/import/gnu/arm/4.9.3/bin/../lib/gcc/arm-none-eabi/4.9.3/../../../../arm-none-eabi/lib/armv7-m\libm.a(lib_a-e_pow.o)
 .rodata.bp     0x00006340       0x10 c:/program files (x86)/cypress/psoc creator/3.3/psoc creator/import/gnu/arm/4.9.3/bin/../lib/gcc/arm-none-eabi/4.9.3/../../../../arm-none-eabi/lib/armv7-m\libm.a(lib_a-e_pow.o)
 .rodata.str1.4
                0x00000000        0x4 c:/program files (x86)/cypress/psoc creator/3.3/psoc creator/import/gnu/arm/4.9.3/bin/../lib/gcc/arm-none-eabi/4.9.3/../../../../arm-none-eabi/lib/armv7-m\libm.a(lib_a-e_pow.o)
 .rodata.TWO52  0x00006350       0x10 c:/program files (x86)/cypress/psoc creator/3.3/psoc creator/import/gnu/arm/4.9.3/bin/../lib/gcc/arm-none-eabi/4.9.3/../../../../arm-none-eabi/lib/armv7-m\libm.a(lib_a-s_rint.o)
 .rodata.str1.1
                0x00006360        0x2 c:/program files (x86)/cypress/psoc creator/3.3/psoc creator/import/gnu/arm/4.9.3/bin/../lib/gcc/arm-none-eabi/4.9.3/../../../../arm-none-eabi/lib/armv7-m\libg_nano.a(lib_a-impure.o)
 .rodata.str1.1
                0x00006362       0x12 c:/program files (x86)/cypress/psoc creator/3.3/psoc creator/import/gnu/arm/4.9.3/bin/../lib/gcc/arm-none-eabi/4.9.3/../../../../arm-none-eabi/lib/armv7-m\libg_nano.a(lib_a-nano-vfprintf_float.o)
 .rodata.str1.1
                0x00006374       0x22 c:/program files (x86)/cypress/psoc creator/3.3/psoc creator/import/gnu/arm/4.9.3/bin/../lib/gcc/arm-none-eabi/4.9.3/../../../../arm-none-eabi/lib/armv7-m\libg_nano.a(lib_a-nano-vfprintf_i.o)
 .rodata.str1.1
                0x00006396        0xd c:/program files (x86)/cypress/psoc creator/3.3/psoc creator/import/gnu/arm/4.9.3/bin/../lib/gcc/arm-none-eabi/4.9.3/../../../../arm-none-eabi/lib/armv7-m\libg_nano.a(lib_a-dtoa.o)
                                  0xf (size before relaxing)
 .rodata.str1.1
                0x000063a3        0x8 c:/program files (x86)/cypress/psoc creator/3.3/psoc creator/import/gnu/arm/4.9.3/bin/../lib/gcc/arm-none-eabi/4.9.3/../../../../arm-none-eabi/lib/armv7-m\libg_nano.a(lib_a-locale.o)
                                  0xb (size before relaxing)
 *fill*         0x000063ab        0x5 
 .rodata.__mprec_tens
                0x000063b0       0xc8 c:/program files (x86)/cypress/psoc creator/3.3/psoc creator/import/gnu/arm/4.9.3/bin/../lib/gcc/arm-none-eabi/4.9.3/../../../../arm-none-eabi/lib/armv7-m\libg_nano.a(lib_a-mprec.o)
                0x000063b0                __mprec_tens
 .rodata.__mprec_bigtens
                0x00006478       0x28 c:/program files (x86)/cypress/psoc creator/3.3/psoc creator/import/gnu/arm/4.9.3/bin/../lib/gcc/arm-none-eabi/4.9.3/../../../../arm-none-eabi/lib/armv7-m\libg_nano.a(lib_a-mprec.o)
                0x00006478                __mprec_bigtens
 .rodata.p05.5308
                0x000064a0        0xc c:/program files (x86)/cypress/psoc creator/3.3/psoc creator/import/gnu/arm/4.9.3/bin/../lib/gcc/arm-none-eabi/4.9.3/../../../../arm-none-eabi/lib/armv7-m\libg_nano.a(lib_a-mprec.o)
 .rodata.str1.1
                0x000064ac       0x11 c:/program files (x86)/cypress/psoc creator/3.3/psoc creator/import/gnu/arm/4.9.3/bin/../lib/gcc/arm-none-eabi/4.9.3/../../../../arm-none-eabi/lib/armv7-m\libg_nano.a(lib_a-nano-svfprintf.o)
                0x000064c0                . = ALIGN (0x4)
 *fill*         0x000064bd        0x3 
 *(.init)
 .init          0x000064c0        0x4 c:/program files (x86)/cypress/psoc creator/3.3/psoc creator/import/gnu/arm/4.9.3/bin/../lib/gcc/arm-none-eabi/4.9.3/armv7-m/crti.o
                0x000064c0                _init
 .init          0x000064c4        0x8 c:/program files (x86)/cypress/psoc creator/3.3/psoc creator/import/gnu/arm/4.9.3/bin/../lib/gcc/arm-none-eabi/4.9.3/armv7-m/crtn.o
                0x000064cc                . = ALIGN (0x4)
                0x000064cc                __preinit_array_start = .
 *(.preinit_array)
                0x000064cc                __preinit_array_end = .
                0x000064cc                . = ALIGN (0x4)
                0x000064cc                __init_array_start = .
 *(SORT(.init_array.*))
 *(.init_array)
 .init_array    0x000064cc        0x4 c:/program files (x86)/cypress/psoc creator/3.3/psoc creator/import/gnu/arm/4.9.3/bin/../lib/gcc/arm-none-eabi/4.9.3/armv7-m/crtbegin.o
 .init_array    0x000064d0        0x4 .\ARM_GCC_493\Debug\Cm3Start.o
                0x000064d4                __init_array_end = .
                0x000064d4                . = ALIGN (0x4)
 *(.fini)
 .fini          0x000064d4        0x4 c:/program files (x86)/cypress/psoc creator/3.3/psoc creator/import/gnu/arm/4.9.3/bin/../lib/gcc/arm-none-eabi/4.9.3/armv7-m/crti.o
                0x000064d4                _fini
 .fini          0x000064d8        0x8 c:/program files (x86)/cypress/psoc creator/3.3/psoc creator/import/gnu/arm/4.9.3/bin/../lib/gcc/arm-none-eabi/4.9.3/armv7-m/crtn.o
                0x000064e0                . = ALIGN (0x4)
                0x000064e0                __fini_array_start = .
 *(.fini_array)
 .fini_array    0x000064e0        0x4 c:/program files (x86)/cypress/psoc creator/3.3/psoc creator/import/gnu/arm/4.9.3/bin/../lib/gcc/arm-none-eabi/4.9.3/armv7-m/crtbegin.o
 *(SORT(.fini_array.*))
                0x000064e4                __fini_array_end = .
                0x000064e4                . = ALIGN (0x4)
 *crtbegin.o(.ctors)
 *(EXCLUDE_FILE(*crtend.o) .ctors)
 *(SORT(.ctors.*))
 *crtend.o(.ctors)
                0x000064e4                . = ALIGN (0x4)
 *crtbegin.o(.dtors)
 *(EXCLUDE_FILE(*crtend.o) .dtors)
 *(SORT(.dtors.*))
 *crtend.o(.dtors)
                0x000064e4                . = ALIGN (0x4)
                0x000064e4                __cy_regions = .
                0x000064e4        0x4 LONG 0x64f8 __cy_region_init_ram
                0x000064e8        0x4 LONG 0x1fff8108 __cy_region_start_data
                0x000064ec        0x4 LONG 0xc0 __cy_region_init_size_ram
                0x000064f0        0x4 LONG 0x58 __cy_region_zero_size_ram
                0x000064f4                __cy_regions_end = .
                0x000064f8                . = ALIGN (0x8)
 *fill*         0x000064f4        0x4 
                0x000064f8                _etext = .

.cy_checksum_exclude
                0x000064f8        0x0
 *(.cy_checksum_exclude)

.ramvectors     0x1fff8000      0x100
                0x1fff8000                __cy_region_start_ram = .
 *(.ramvectors)
 .ramvectors    0x1fff8000      0x100 .\ARM_GCC_493\Debug\Cm3Start.o
                0x1fff8000                CyRamVectors

.noinit         0x1fff8100        0x5
 *(.noinit)
 .noinit        0x1fff8100        0x4 .\ARM_GCC_493\Debug\Cm3Start.o
 .noinit        0x1fff8104        0x1 .\ARM_GCC_493\Debug\CE210514_PSOC3_5_Thermistor.a(CyLib.o)
                0x1fff8104                CyResetStatus

.data           0x1fff8108       0xc0 load address 0x000064f8
                0x1fff8108                __cy_region_start_data = .
 *(.jcr)
 .jcr           0x1fff8108        0x0 c:/program files (x86)/cypress/psoc creator/3.3/psoc creator/import/gnu/arm/4.9.3/bin/../lib/gcc/arm-none-eabi/4.9.3/armv7-m/crtbegin.o
 .jcr           0x1fff8108        0x4 c:/program files (x86)/cypress/psoc creator/3.3/psoc creator/import/gnu/arm/4.9.3/bin/../lib/gcc/arm-none-eabi/4.9.3/armv7-m/crtend.o
 *(.got.plt)
 *(.got)
 *(.shdata)
 *(.data .data.* .gnu.linkonce.d.*)
 .data          0x1fff810c        0x4 .\ARM_GCC_493\Debug\Cm3Start.o
 .data          0x1fff8110        0x1 .\ARM_GCC_493\Debug\CE210514_PSOC3_5_Thermistor.a(AMux.o)
 .data          0x1fff8111        0x1 .\ARM_GCC_493\Debug\CE210514_PSOC3_5_Thermistor.a(ADC.o)
                0x1fff8111                ADC_Config
 *fill*         0x1fff8112        0x2 
 .data          0x1fff8114       0x10 .\ARM_GCC_493\Debug\CE210514_PSOC3_5_Thermistor.a(CyLib.o)
                0x1fff8114                cydelay_freq_hz
                0x1fff8118                cydelay_freq_khz
                0x1fff811c                cydelay_freq_mhz
                0x1fff8120                cydelay_32k_ms
 .data.__fdlib_version
                0x1fff8124        0x1 c:/program files (x86)/cypress/psoc creator/3.3/psoc creator/import/gnu/arm/4.9.3/bin/../lib/gcc/arm-none-eabi/4.9.3/../../../../arm-none-eabi/lib/armv7-m\libm.a(lib_a-s_lib_ver.o)
                0x1fff8124                __fdlib_version
 *fill*         0x1fff8125        0x3 
 .data.impure_data
                0x1fff8128       0x60 c:/program files (x86)/cypress/psoc creator/3.3/psoc creator/import/gnu/arm/4.9.3/bin/../lib/gcc/arm-none-eabi/4.9.3/../../../../arm-none-eabi/lib/armv7-m\libg_nano.a(lib_a-impure.o)
 .data._impure_ptr
                0x1fff8188        0x4 c:/program files (x86)/cypress/psoc creator/3.3/psoc creator/import/gnu/arm/4.9.3/bin/../lib/gcc/arm-none-eabi/4.9.3/../../../../arm-none-eabi/lib/armv7-m\libg_nano.a(lib_a-impure.o)
                0x1fff8188                _impure_ptr
 .data.lconv    0x1fff818c       0x38 c:/program files (x86)/cypress/psoc creator/3.3/psoc creator/import/gnu/arm/4.9.3/bin/../lib/gcc/arm-none-eabi/4.9.3/../../../../arm-none-eabi/lib/armv7-m\libg_nano.a(lib_a-locale.o)
                0x1fff81c8                . = ALIGN (0x8)
 *fill*         0x1fff81c4        0x4 
 *(.ram)
                0x1fff81c8                _edata = .

.igot.plt       0x1fff81c8        0x0 load address 0x000065b8
 .igot.plt      0x00000000        0x0 c:/program files (x86)/cypress/psoc creator/3.3/psoc creator/import/gnu/arm/4.9.3/bin/../lib/gcc/arm-none-eabi/4.9.3/armv7-m/crtbegin.o

.bss            0x1fff81c8       0x58 load address 0x000065b8
                0x1fff81c8                PROVIDE (__bss_start__, .)
 *(.shbss)
 *(.bss .bss.* .gnu.linkonce.b.*)
 .bss           0x1fff81c8       0x1c c:/program files (x86)/cypress/psoc creator/3.3/psoc creator/import/gnu/arm/4.9.3/bin/../lib/gcc/arm-none-eabi/4.9.3/armv7-m/crtbegin.o
 .bss           0x1fff81e4        0x8 .\ARM_GCC_493\Debug\removeOffsetNoise.o
 *fill*         0x1fff81ec        0x4 
 .bss           0x1fff81f0        0x8 .\ARM_GCC_493\Debug\CE210514_PSOC3_5_Thermistor.a(cyfitter_cfg.o)
 .bss           0x1fff81f8        0x1 .\ARM_GCC_493\Debug\CE210514_PSOC3_5_Thermistor.a(Opamp.o)
                0x1fff81f8                Opamp_initVar
 .bss           0x1fff81f9        0x1 .\ARM_GCC_493\Debug\CE210514_PSOC3_5_Thermistor.a(VDAC8.o)
                0x1fff81f9                VDAC8_initVar
 *fill*         0x1fff81fa        0x2 
 .bss           0x1fff81fc        0x8 .\ARM_GCC_493\Debug\CE210514_PSOC3_5_Thermistor.a(ADC.o)
                0x1fff81fc                ADC_convDone
                0x1fff81fd                ADC_stopConversion
                0x1fff81fe                ADC_initVar
                0x1fff81ff                ADC_started
 .bss           0x1fff8204        0x2 .\ARM_GCC_493\Debug\CE210514_PSOC3_5_Thermistor.a(UART.o)
                0x1fff8204                UART_initVar
 *fill*         0x1fff8206        0x2 
 .bss.__malloc_sbrk_start
                0x1fff8208        0x4 c:/program files (x86)/cypress/psoc creator/3.3/psoc creator/import/gnu/arm/4.9.3/bin/../lib/gcc/arm-none-eabi/4.9.3/../../../../arm-none-eabi/lib/armv7-m\libg_nano.a(lib_a-nano-mallocr.o)
                0x1fff8208                __malloc_sbrk_start
 .bss.__malloc_free_list
                0x1fff820c        0x4 c:/program files (x86)/cypress/psoc creator/3.3/psoc creator/import/gnu/arm/4.9.3/bin/../lib/gcc/arm-none-eabi/4.9.3/../../../../arm-none-eabi/lib/armv7-m\libg_nano.a(lib_a-nano-mallocr.o)
                0x1fff820c                __malloc_free_list
 *(COMMON)
 COMMON         0x1fff8210        0x8 .\ARM_GCC_493\Debug\CE210514_PSOC3_5_Thermistor.a(ADC.o)
                0x1fff8210                ADC_Offset
                0x1fff8214                ADC_CountsPerVolt
 COMMON         0x1fff8218        0x4 c:/program files (x86)/cypress/psoc creator/3.3/psoc creator/import/gnu/arm/4.9.3/bin/../lib/gcc/arm-none-eabi/4.9.3/../../../../arm-none-eabi/lib/armv7-m\libg_nano.a(lib_a-reent.o)
                0x1fff8218                errno
                0x1fff8220                . = ALIGN (0x8)
 *fill*         0x1fff821c        0x4 
 *(.ram.b)
                0x1fff8220                _end = .
                0x1fff8220                __end = .
                0x1fff8220                PROVIDE (end, .)
                0x1fff8220                PROVIDE (__bss_end__, .)
                0x000064f8                __cy_region_init_ram = LOADADDR (.data)
                0x000000c0                __cy_region_init_size_ram = (_edata - ADDR (.data))
                0x00000058                __cy_region_zero_size_ram = (_end - _edata)

.heap           0x1fff8220       0x80 load address 0x000065b8
                0x1fff8220                . = _end
                0x1fff82a0                . = (. + 0x80)
 *fill*         0x1fff8220       0x80 
                0x1fff82a0                __cy_heap_limit = .

.stack          0x20007800      0x800
                0x20007800                __cy_stack_limit = .
                0x20008000                . = (. + 0x800)
 *fill*         0x20007800      0x800 
                0x00000001                ASSERT ((__cy_stack_limit >= __cy_heap_limit), region RAM overflowed with stack)
                0x00000000                cy_checksum_exclude_size = (CY_APPL_LOADABLE == 0x1)?SIZEOF (.cy_checksum_exclude):0x0
                0x00000001                ASSERT ((cy_checksum_exclude_size <= CY_CHECKSUM_EXCLUDE_SIZE), CY_BOOT: Section .cy_checksum_exclude size exceedes specified limit.)

.cyloadermeta
 *(.cyloadermeta)

.cyloadablemeta
 *(.cyloadablemeta)

.cyconfigecc    0x80000000      0x8d0
 *(.cyconfigecc)
 .cyconfigecc   0x80000000      0x8d0 .\ARM_GCC_493\Debug\cymetadata.o
                0x80000000                cy_meta_configecc

.cycustnvl      0x90000000        0x4
 *(.cycustnvl)
 .cycustnvl     0x90000000        0x4 .\ARM_GCC_493\Debug\cymetadata.o
                0x90000000                cy_meta_custnvl

.cywolatch      0x90100000        0x4
 *(.cywolatch)
 .cywolatch     0x90100000        0x4 .\ARM_GCC_493\Debug\cymetadata.o
                0x90100000                cy_meta_wonvl

.cyeeprom       0x90200000        0x0
 *(.cyeeprom)
                0x00000001                ASSERT ((. <= ((0x90200000 + ee_offset) + ee_size)), .cyeeprom data will not fit in EEPROM)

.cyflashprotect
                0x90400000      0x100
 *(.cyflashprotect)
 .cyflashprotect
                0x90400000      0x100 .\ARM_GCC_493\Debug\cymetadata.o
                0x90400000                cy_meta_flashprotect

.cymeta         0x90500000        0xc
 *(.cymeta)
 .cymeta        0x90500000        0xc .\ARM_GCC_493\Debug\cymetadata.o
                0x90500000                cy_metadata

.rel.dyn        0x000065b8        0x0 load address 0x9050000c
 .rel.iplt      0x00000000        0x0 c:/program files (x86)/cypress/psoc creator/3.3/psoc creator/import/gnu/arm/4.9.3/bin/../lib/gcc/arm-none-eabi/4.9.3/armv7-m/crtbegin.o

.stab
 *(.stab)

.stabstr
 *(.stabstr)

.debug
 *(.debug)

.line
 *(.line)

.debug_srcinfo
 *(.debug_srcinfo)

.debug_sfnames
 *(.debug_sfnames)

.debug_aranges  0x00000000      0x9b0
 *(.debug_aranges)
 .debug_aranges
                0x00000000       0x20 .\ARM_GCC_493\Debug\main.o
 .debug_aranges
                0x00000020       0x20 .\ARM_GCC_493\Debug\measurement.o
 .debug_aranges
                0x00000040       0x28 .\ARM_GCC_493\Debug\removeOffsetNoise.o
 .debug_aranges
                0x00000068       0x18 .\ARM_GCC_493\Debug\cymetadata.o
 .debug_aranges
                0x00000080       0x48 .\ARM_GCC_493\Debug\Cm3Start.o
 .debug_aranges
                0x000000c8       0x80 .\ARM_GCC_493\Debug\CE210514_PSOC3_5_Thermistor.a(cyfitter_cfg.o)
 .debug_aranges
                0x00000148       0x28 .\ARM_GCC_493\Debug\CE210514_PSOC3_5_Thermistor.a(Thermistor.o)
 .debug_aranges
                0x00000170       0x40 .\ARM_GCC_493\Debug\CE210514_PSOC3_5_Thermistor.a(Opamp.o)
 .debug_aranges
                0x000001b0       0x58 .\ARM_GCC_493\Debug\CE210514_PSOC3_5_Thermistor.a(VDAC8.o)
 .debug_aranges
                0x00000208       0x40 .\ARM_GCC_493\Debug\CE210514_PSOC3_5_Thermistor.a(AMux.o)
 .debug_aranges
                0x00000248       0xe8 .\ARM_GCC_493\Debug\CE210514_PSOC3_5_Thermistor.a(ADC.o)
 .debug_aranges
                0x00000330       0x38 .\ARM_GCC_493\Debug\CE210514_PSOC3_5_Thermistor.a(ADC_INT.o)
 .debug_aranges
                0x00000368       0xa0 .\ARM_GCC_493\Debug\CE210514_PSOC3_5_Thermistor.a(UART.o)
 .debug_aranges
                0x00000408       0x70 .\ARM_GCC_493\Debug\CE210514_PSOC3_5_Thermistor.a(ADC_Ext_CP_Clk.o)
 .debug_aranges
                0x00000478       0x80 .\ARM_GCC_493\Debug\CE210514_PSOC3_5_Thermistor.a(ADC_theACLK.o)
 .debug_aranges
                0x000004f8       0x70 .\ARM_GCC_493\Debug\CE210514_PSOC3_5_Thermistor.a(UART_IntClock.o)
 .debug_aranges
                0x00000568       0x20 .\ARM_GCC_493\Debug\CE210514_PSOC3_5_Thermistor.a(CyBootAsmGnu.o)
 .debug_aranges
                0x00000588      0x298 .\ARM_GCC_493\Debug\CE210514_PSOC3_5_Thermistor.a(CyLib.o)
 .debug_aranges
                0x00000820       0x98 .\ARM_GCC_493\Debug\CE210514_PSOC3_5_Thermistor.a(cyPm.o)
 .debug_aranges
                0x000008b8       0x80 .\ARM_GCC_493\Debug\CE210514_PSOC3_5_Thermistor.a(CyFlash.o)
 .debug_aranges
                0x00000938       0x78 .\ARM_GCC_493\Debug\CE210514_PSOC3_5_Thermistor.a(CySpc.o)

.debug_pubnames
 *(.debug_pubnames)

.debug_info     0x00000000     0x40ec
 *(.debug_info .gnu.linkonce.wi.*)
 .debug_info    0x00000000      0x158 .\ARM_GCC_493\Debug\main.o
 .debug_info    0x00000158      0x110 .\ARM_GCC_493\Debug\measurement.o
 .debug_info    0x00000268      0x159 .\ARM_GCC_493\Debug\removeOffsetNoise.o
 .debug_info    0x000003c1      0x13e .\ARM_GCC_493\Debug\cymetadata.o
 .debug_info    0x000004ff      0x317 .\ARM_GCC_493\Debug\Cm3Start.o
 .debug_info    0x00000816      0x4c5 .\ARM_GCC_493\Debug\CE210514_PSOC3_5_Thermistor.a(cyfitter_cfg.o)
 .debug_info    0x00000cdb      0x171 .\ARM_GCC_493\Debug\CE210514_PSOC3_5_Thermistor.a(Thermistor.o)
 .debug_info    0x00000e4c      0x11d .\ARM_GCC_493\Debug\CE210514_PSOC3_5_Thermistor.a(Opamp.o)
 .debug_info    0x00000f69      0x184 .\ARM_GCC_493\Debug\CE210514_PSOC3_5_Thermistor.a(VDAC8.o)
 .debug_info    0x000010ed      0x151 .\ARM_GCC_493\Debug\CE210514_PSOC3_5_Thermistor.a(AMux.o)
 .debug_info    0x0000123e      0x71e .\ARM_GCC_493\Debug\CE210514_PSOC3_5_Thermistor.a(ADC.o)
 .debug_info    0x0000195c       0xe7 .\ARM_GCC_493\Debug\CE210514_PSOC3_5_Thermistor.a(ADC_INT.o)
 .debug_info    0x00001a43      0x375 .\ARM_GCC_493\Debug\CE210514_PSOC3_5_Thermistor.a(UART.o)
 .debug_info    0x00001db8      0x25b .\ARM_GCC_493\Debug\CE210514_PSOC3_5_Thermistor.a(ADC_Ext_CP_Clk.o)
 .debug_info    0x00002013      0x297 .\ARM_GCC_493\Debug\CE210514_PSOC3_5_Thermistor.a(ADC_theACLK.o)
 .debug_info    0x000022aa      0x25b .\ARM_GCC_493\Debug\CE210514_PSOC3_5_Thermistor.a(UART_IntClock.o)
 .debug_info    0x00002505       0x97 .\ARM_GCC_493\Debug\CE210514_PSOC3_5_Thermistor.a(CyBootAsmGnu.o)
 .debug_info    0x0000259c      0xe31 .\ARM_GCC_493\Debug\CE210514_PSOC3_5_Thermistor.a(CyLib.o)
 .debug_info    0x000033cd      0x55f .\ARM_GCC_493\Debug\CE210514_PSOC3_5_Thermistor.a(cyPm.o)
 .debug_info    0x0000392c      0x36a .\ARM_GCC_493\Debug\CE210514_PSOC3_5_Thermistor.a(CyFlash.o)
 .debug_info    0x00003c96      0x456 .\ARM_GCC_493\Debug\CE210514_PSOC3_5_Thermistor.a(CySpc.o)

.debug_abbrev   0x00000000     0x1572
 *(.debug_abbrev)
 .debug_abbrev  0x00000000       0x8c .\ARM_GCC_493\Debug\main.o
 .debug_abbrev  0x0000008c       0x89 .\ARM_GCC_493\Debug\measurement.o
 .debug_abbrev  0x00000115       0xb7 .\ARM_GCC_493\Debug\removeOffsetNoise.o
 .debug_abbrev  0x000001cc       0x77 .\ARM_GCC_493\Debug\cymetadata.o
 .debug_abbrev  0x00000243      0x1b6 .\ARM_GCC_493\Debug\Cm3Start.o
 .debug_abbrev  0x000003f9      0x1a3 .\ARM_GCC_493\Debug\CE210514_PSOC3_5_Thermistor.a(cyfitter_cfg.o)
 .debug_abbrev  0x0000059c       0x8b .\ARM_GCC_493\Debug\CE210514_PSOC3_5_Thermistor.a(Thermistor.o)
 .debug_abbrev  0x00000627       0xb5 .\ARM_GCC_493\Debug\CE210514_PSOC3_5_Thermistor.a(Opamp.o)
 .debug_abbrev  0x000006dc       0xf8 .\ARM_GCC_493\Debug\CE210514_PSOC3_5_Thermistor.a(VDAC8.o)
 .debug_abbrev  0x000007d4       0x6f .\ARM_GCC_493\Debug\CE210514_PSOC3_5_Thermistor.a(AMux.o)
 .debug_abbrev  0x00000843      0x19d .\ARM_GCC_493\Debug\CE210514_PSOC3_5_Thermistor.a(ADC.o)
 .debug_abbrev  0x000009e0       0x7f .\ARM_GCC_493\Debug\CE210514_PSOC3_5_Thermistor.a(ADC_INT.o)
 .debug_abbrev  0x00000a5f      0x156 .\ARM_GCC_493\Debug\CE210514_PSOC3_5_Thermistor.a(UART.o)
 .debug_abbrev  0x00000bb5      0x12a .\ARM_GCC_493\Debug\CE210514_PSOC3_5_Thermistor.a(ADC_Ext_CP_Clk.o)
 .debug_abbrev  0x00000cdf      0x12a .\ARM_GCC_493\Debug\CE210514_PSOC3_5_Thermistor.a(ADC_theACLK.o)
 .debug_abbrev  0x00000e09      0x12a .\ARM_GCC_493\Debug\CE210514_PSOC3_5_Thermistor.a(UART_IntClock.o)
 .debug_abbrev  0x00000f33       0x14 .\ARM_GCC_493\Debug\CE210514_PSOC3_5_Thermistor.a(CyBootAsmGnu.o)
 .debug_abbrev  0x00000f47      0x217 .\ARM_GCC_493\Debug\CE210514_PSOC3_5_Thermistor.a(CyLib.o)
 .debug_abbrev  0x0000115e      0x16e .\ARM_GCC_493\Debug\CE210514_PSOC3_5_Thermistor.a(cyPm.o)
 .debug_abbrev  0x000012cc      0x12d .\ARM_GCC_493\Debug\CE210514_PSOC3_5_Thermistor.a(CyFlash.o)
 .debug_abbrev  0x000013f9      0x179 .\ARM_GCC_493\Debug\CE210514_PSOC3_5_Thermistor.a(CySpc.o)

.debug_line     0x00000000     0x27ef
 *(.debug_line)
 .debug_line    0x00000000      0x178 .\ARM_GCC_493\Debug\main.o
 .debug_line    0x00000178      0x172 .\ARM_GCC_493\Debug\measurement.o
 .debug_line    0x000002ea      0x194 .\ARM_GCC_493\Debug\removeOffsetNoise.o
 .debug_line    0x0000047e       0x53 .\ARM_GCC_493\Debug\cymetadata.o
 .debug_line    0x000004d1      0x1d6 .\ARM_GCC_493\Debug\Cm3Start.o
 .debug_line    0x000006a7      0x282 .\ARM_GCC_493\Debug\CE210514_PSOC3_5_Thermistor.a(cyfitter_cfg.o)
 .debug_line    0x00000929       0x8c .\ARM_GCC_493\Debug\CE210514_PSOC3_5_Thermistor.a(Thermistor.o)
 .debug_line    0x000009b5       0xaf .\ARM_GCC_493\Debug\CE210514_PSOC3_5_Thermistor.a(Opamp.o)
 .debug_line    0x00000a64       0xf0 .\ARM_GCC_493\Debug\CE210514_PSOC3_5_Thermistor.a(VDAC8.o)
 .debug_line    0x00000b54       0xc9 .\ARM_GCC_493\Debug\CE210514_PSOC3_5_Thermistor.a(AMux.o)
 .debug_line    0x00000c1d      0x356 .\ARM_GCC_493\Debug\CE210514_PSOC3_5_Thermistor.a(ADC.o)
 .debug_line    0x00000f73       0xa6 .\ARM_GCC_493\Debug\CE210514_PSOC3_5_Thermistor.a(ADC_INT.o)
 .debug_line    0x00001019      0x1f7 .\ARM_GCC_493\Debug\CE210514_PSOC3_5_Thermistor.a(UART.o)
 .debug_line    0x00001210      0x1c2 .\ARM_GCC_493\Debug\CE210514_PSOC3_5_Thermistor.a(ADC_Ext_CP_Clk.o)
 .debug_line    0x000013d2      0x1e3 .\ARM_GCC_493\Debug\CE210514_PSOC3_5_Thermistor.a(ADC_theACLK.o)
 .debug_line    0x000015b5      0x1c1 .\ARM_GCC_493\Debug\CE210514_PSOC3_5_Thermistor.a(UART_IntClock.o)
 .debug_line    0x00001776       0x68 .\ARM_GCC_493\Debug\CE210514_PSOC3_5_Thermistor.a(CyBootAsmGnu.o)
 .debug_line    0x000017de      0x872 .\ARM_GCC_493\Debug\CE210514_PSOC3_5_Thermistor.a(CyLib.o)
 .debug_line    0x00002050      0x381 .\ARM_GCC_493\Debug\CE210514_PSOC3_5_Thermistor.a(cyPm.o)
 .debug_line    0x000023d1      0x207 .\ARM_GCC_493\Debug\CE210514_PSOC3_5_Thermistor.a(CyFlash.o)
 .debug_line    0x000025d8      0x217 .\ARM_GCC_493\Debug\CE210514_PSOC3_5_Thermistor.a(CySpc.o)

.debug_frame    0x00000000     0x301c
 *(.debug_frame)
 .debug_frame   0x00000000       0x34 .\ARM_GCC_493\Debug\main.o
 .debug_frame   0x00000034       0x38 .\ARM_GCC_493\Debug\measurement.o
 .debug_frame   0x0000006c       0x60 .\ARM_GCC_493\Debug\removeOffsetNoise.o
 .debug_frame   0x000000cc       0xd8 .\ARM_GCC_493\Debug\Cm3Start.o
 .debug_frame   0x000001a4      0x200 .\ARM_GCC_493\Debug\CE210514_PSOC3_5_Thermistor.a(cyfitter_cfg.o)
 .debug_frame   0x000003a4       0x64 .\ARM_GCC_493\Debug\CE210514_PSOC3_5_Thermistor.a(Thermistor.o)
 .debug_frame   0x00000408       0xb8 .\ARM_GCC_493\Debug\CE210514_PSOC3_5_Thermistor.a(Opamp.o)
 .debug_frame   0x000004c0      0x130 .\ARM_GCC_493\Debug\CE210514_PSOC3_5_Thermistor.a(VDAC8.o)
 .debug_frame   0x000005f0       0xd8 .\ARM_GCC_493\Debug\CE210514_PSOC3_5_Thermistor.a(AMux.o)
 .debug_frame   0x000006c8      0x40c .\ARM_GCC_493\Debug\CE210514_PSOC3_5_Thermistor.a(ADC.o)
 .debug_frame   0x00000ad4       0x98 .\ARM_GCC_493\Debug\CE210514_PSOC3_5_Thermistor.a(ADC_INT.o)
 .debug_frame   0x00000b6c      0x2a0 .\ARM_GCC_493\Debug\CE210514_PSOC3_5_Thermistor.a(UART.o)
 .debug_frame   0x00000e0c      0x1b4 .\ARM_GCC_493\Debug\CE210514_PSOC3_5_Thermistor.a(ADC_Ext_CP_Clk.o)
 .debug_frame   0x00000fc0      0x200 .\ARM_GCC_493\Debug\CE210514_PSOC3_5_Thermistor.a(ADC_theACLK.o)
 .debug_frame   0x000011c0      0x1b4 .\ARM_GCC_493\Debug\CE210514_PSOC3_5_Thermistor.a(UART_IntClock.o)
 .debug_frame   0x00001374      0xbe8 .\ARM_GCC_493\Debug\CE210514_PSOC3_5_Thermistor.a(CyLib.o)
 .debug_frame   0x00001f5c      0x234 .\ARM_GCC_493\Debug\CE210514_PSOC3_5_Thermistor.a(cyPm.o)
 .debug_frame   0x00002190      0x210 .\ARM_GCC_493\Debug\CE210514_PSOC3_5_Thermistor.a(CyFlash.o)
 .debug_frame   0x000023a0      0x1f8 .\ARM_GCC_493\Debug\CE210514_PSOC3_5_Thermistor.a(CySpc.o)
 .debug_frame   0x00002598       0x40 c:/program files (x86)/cypress/psoc creator/3.3/psoc creator/import/gnu/arm/4.9.3/bin/../lib/gcc/arm-none-eabi/4.9.3/../../../../arm-none-eabi/lib/armv7-m\libm.a(lib_a-w_log.o)
 .debug_frame   0x000025d8       0x44 c:/program files (x86)/cypress/psoc creator/3.3/psoc creator/import/gnu/arm/4.9.3/bin/../lib/gcc/arm-none-eabi/4.9.3/../../../../arm-none-eabi/lib/armv7-m\libm.a(lib_a-w_pow.o)
 .debug_frame   0x0000261c       0x54 c:/program files (x86)/cypress/psoc creator/3.3/psoc creator/import/gnu/arm/4.9.3/bin/../lib/gcc/arm-none-eabi/4.9.3/../../../../arm-none-eabi/lib/armv7-m\libm.a(lib_a-e_log.o)
 .debug_frame   0x00002670       0x64 c:/program files (x86)/cypress/psoc creator/3.3/psoc creator/import/gnu/arm/4.9.3/bin/../lib/gcc/arm-none-eabi/4.9.3/../../../../arm-none-eabi/lib/armv7-m\libm.a(lib_a-e_pow.o)
 .debug_frame   0x000026d4       0x30 c:/program files (x86)/cypress/psoc creator/3.3/psoc creator/import/gnu/arm/4.9.3/bin/../lib/gcc/arm-none-eabi/4.9.3/../../../../arm-none-eabi/lib/armv7-m\libm.a(lib_a-e_sqrt.o)
 .debug_frame   0x00002704       0x20 c:/program files (x86)/cypress/psoc creator/3.3/psoc creator/import/gnu/arm/4.9.3/bin/../lib/gcc/arm-none-eabi/4.9.3/../../../../arm-none-eabi/lib/armv7-m\libm.a(lib_a-s_fabs.o)
 .debug_frame   0x00002724       0x20 c:/program files (x86)/cypress/psoc creator/3.3/psoc creator/import/gnu/arm/4.9.3/bin/../lib/gcc/arm-none-eabi/4.9.3/../../../../arm-none-eabi/lib/armv7-m\libm.a(lib_a-s_finite.o)
 .debug_frame   0x00002744       0x34 c:/program files (x86)/cypress/psoc creator/3.3/psoc creator/import/gnu/arm/4.9.3/bin/../lib/gcc/arm-none-eabi/4.9.3/../../../../arm-none-eabi/lib/armv7-m\libm.a(lib_a-s_fpclassify.o)
 .debug_frame   0x00002778       0x20 c:/program files (x86)/cypress/psoc creator/3.3/psoc creator/import/gnu/arm/4.9.3/bin/../lib/gcc/arm-none-eabi/4.9.3/../../../../arm-none-eabi/lib/armv7-m\libm.a(lib_a-s_matherr.o)
 .debug_frame   0x00002798       0x20 c:/program files (x86)/cypress/psoc creator/3.3/psoc creator/import/gnu/arm/4.9.3/bin/../lib/gcc/arm-none-eabi/4.9.3/../../../../arm-none-eabi/lib/armv7-m\libm.a(lib_a-s_nan.o)
 .debug_frame   0x000027b8       0x3c c:/program files (x86)/cypress/psoc creator/3.3/psoc creator/import/gnu/arm/4.9.3/bin/../lib/gcc/arm-none-eabi/4.9.3/../../../../arm-none-eabi/lib/armv7-m\libm.a(lib_a-s_rint.o)
 .debug_frame   0x000027f4       0x30 c:/program files (x86)/cypress/psoc creator/3.3/psoc creator/import/gnu/arm/4.9.3/bin/../lib/gcc/arm-none-eabi/4.9.3/../../../../arm-none-eabi/lib/armv7-m\libm.a(lib_a-s_scalbn.o)
 .debug_frame   0x00002824       0x20 c:/program files (x86)/cypress/psoc creator/3.3/psoc creator/import/gnu/arm/4.9.3/bin/../lib/gcc/arm-none-eabi/4.9.3/../../../../arm-none-eabi/lib/armv7-m\libm.a(lib_a-s_copysign.o)
 .debug_frame   0x00002844       0x20 c:/program files (x86)/cypress/psoc creator/3.3/psoc creator/import/gnu/arm/4.9.3/bin/../lib/gcc/arm-none-eabi/4.9.3/../../../../arm-none-eabi/lib/armv7-m\libg_nano.a(lib_a-errno.o)
 .debug_frame   0x00002864       0x28 c:/program files (x86)/cypress/psoc creator/3.3/psoc creator/import/gnu/arm/4.9.3/bin/../lib/gcc/arm-none-eabi/4.9.3/../../../../arm-none-eabi/lib/armv7-m\libg_nano.a(lib_a-exit.o)
 .debug_frame   0x0000288c       0x2c c:/program files (x86)/cypress/psoc creator/3.3/psoc creator/import/gnu/arm/4.9.3/bin/../lib/gcc/arm-none-eabi/4.9.3/../../../../arm-none-eabi/lib/armv7-m\libg_nano.a(lib_a-init.o)
 .debug_frame   0x000028b8       0x28 c:/program files (x86)/cypress/psoc creator/3.3/psoc creator/import/gnu/arm/4.9.3/bin/../lib/gcc/arm-none-eabi/4.9.3/../../../../arm-none-eabi/lib/armv7-m\libg_nano.a(lib_a-memcpy.o)
 .debug_frame   0x000028e0       0x20 c:/program files (x86)/cypress/psoc creator/3.3/psoc creator/import/gnu/arm/4.9.3/bin/../lib/gcc/arm-none-eabi/4.9.3/../../../../arm-none-eabi/lib/armv7-m\libg_nano.a(lib_a-memset.o)
 .debug_frame   0x00002900       0x8c c:/program files (x86)/cypress/psoc creator/3.3/psoc creator/import/gnu/arm/4.9.3/bin/../lib/gcc/arm-none-eabi/4.9.3/../../../../arm-none-eabi/lib/armv7-m\libg_nano.a(lib_a-nano-vfprintf_float.o)
 .debug_frame   0x0000298c       0x58 c:/program files (x86)/cypress/psoc creator/3.3/psoc creator/import/gnu/arm/4.9.3/bin/../lib/gcc/arm-none-eabi/4.9.3/../../../../arm-none-eabi/lib/armv7-m\libg_nano.a(lib_a-nano-vfprintf_i.o)
 .debug_frame   0x000029e4       0x70 c:/program files (x86)/cypress/psoc creator/3.3/psoc creator/import/gnu/arm/4.9.3/bin/../lib/gcc/arm-none-eabi/4.9.3/../../../../arm-none-eabi/lib/armv7-m\libg_nano.a(lib_a-sprintf.o)
 .debug_frame   0x00002a54       0x20 c:/program files (x86)/cypress/psoc creator/3.3/psoc creator/import/gnu/arm/4.9.3/bin/../lib/gcc/arm-none-eabi/4.9.3/../../../../arm-none-eabi/lib/armv7-m\libg_nano.a(lib_a-strlen.o)
 .debug_frame   0x00002a74       0x6c c:/program files (x86)/cypress/psoc creator/3.3/psoc creator/import/gnu/arm/4.9.3/bin/../lib/gcc/arm-none-eabi/4.9.3/../../../../arm-none-eabi/lib/armv7-m\libg_nano.a(lib_a-dtoa.o)
 .debug_frame   0x00002ae0       0x98 c:/program files (x86)/cypress/psoc creator/3.3/psoc creator/import/gnu/arm/4.9.3/bin/../lib/gcc/arm-none-eabi/4.9.3/../../../../arm-none-eabi/lib/armv7-m\libg_nano.a(lib_a-locale.o)
 .debug_frame   0x00002b78       0x30 c:/program files (x86)/cypress/psoc creator/3.3/psoc creator/import/gnu/arm/4.9.3/bin/../lib/gcc/arm-none-eabi/4.9.3/../../../../arm-none-eabi/lib/armv7-m\libg_nano.a(lib_a-malloc.o)
 .debug_frame   0x00002ba8       0x28 c:/program files (x86)/cypress/psoc creator/3.3/psoc creator/import/gnu/arm/4.9.3/bin/../lib/gcc/arm-none-eabi/4.9.3/../../../../arm-none-eabi/lib/armv7-m\libg_nano.a(lib_a-memchr.o)
 .debug_frame   0x00002bd0      0x230 c:/program files (x86)/cypress/psoc creator/3.3/psoc creator/import/gnu/arm/4.9.3/bin/../lib/gcc/arm-none-eabi/4.9.3/../../../../arm-none-eabi/lib/armv7-m\libg_nano.a(lib_a-mprec.o)
 .debug_frame   0x00002e00       0x2c c:/program files (x86)/cypress/psoc creator/3.3/psoc creator/import/gnu/arm/4.9.3/bin/../lib/gcc/arm-none-eabi/4.9.3/../../../../arm-none-eabi/lib/armv7-m\libg_nano.a(lib_a-nano-callocr.o)
 .debug_frame   0x00002e2c       0x2c c:/program files (x86)/cypress/psoc creator/3.3/psoc creator/import/gnu/arm/4.9.3/bin/../lib/gcc/arm-none-eabi/4.9.3/../../../../arm-none-eabi/lib/armv7-m\libg_nano.a(lib_a-nano-freer.o)
 .debug_frame   0x00002e58       0x2c c:/program files (x86)/cypress/psoc creator/3.3/psoc creator/import/gnu/arm/4.9.3/bin/../lib/gcc/arm-none-eabi/4.9.3/../../../../arm-none-eabi/lib/armv7-m\libg_nano.a(lib_a-nano-mallocr.o)
 .debug_frame   0x00002e84       0x8c c:/program files (x86)/cypress/psoc creator/3.3/psoc creator/import/gnu/arm/4.9.3/bin/../lib/gcc/arm-none-eabi/4.9.3/../../../../arm-none-eabi/lib/armv7-m\libg_nano.a(lib_a-nano-svfprintf.o)
 .debug_frame   0x00002f10       0x2c c:/program files (x86)/cypress/psoc creator/3.3/psoc creator/import/gnu/arm/4.9.3/bin/../lib/gcc/arm-none-eabi/4.9.3/../../../../arm-none-eabi/lib/armv7-m\libg_nano.a(lib_a-sbrkr.o)
 .debug_frame   0x00002f3c       0x28 c:/program files (x86)/cypress/psoc creator/3.3/psoc creator/import/gnu/arm/4.9.3/bin/../lib/gcc/arm-none-eabi/4.9.3/../../../../arm-none-eabi/lib/armv7-m\libg_nano.a(lib_a-memmove.o)
 .debug_frame   0x00002f64       0x3c c:/program files (x86)/cypress/psoc creator/3.3/psoc creator/import/gnu/arm/4.9.3/bin/../lib/gcc/arm-none-eabi/4.9.3/../../../../arm-none-eabi/lib/armv7-m\libg_nano.a(lib_a-nano-reallocr.o)
 .debug_frame   0x00002fa0       0x5c c:/program files (x86)/cypress/psoc creator/3.3/psoc creator/import/gnu/arm/4.9.3/bin/../lib/gcc/arm-none-eabi/4.9.3/../../../../arm-none-eabi/lib/armv7-m\libg_nano.a(lib_a-reent.o)
 .debug_frame   0x00002ffc       0x20 c:/program files (x86)/cypress/psoc creator/3.3/psoc creator/import/gnu/arm/4.9.3/bin/../lib/gcc/arm-none-eabi/4.9.3/../../../../arm-none-eabi/lib/armv7-m\libg_nano.a(lib_a-nano-msizer.o)

.debug_str      0x00000000     0x1fab
 *(.debug_str)
 .debug_str     0x00000000      0x19f .\ARM_GCC_493\Debug\main.o
                                0x1ed (size before relaxing)
 .debug_str     0x0000019f       0x43 .\ARM_GCC_493\Debug\measurement.o
                                0x1e8 (size before relaxing)
 .debug_str     0x000001e2       0x5c .\ARM_GCC_493\Debug\removeOffsetNoise.o
                                0x20e (size before relaxing)
 .debug_str     0x0000023e       0x77 .\ARM_GCC_493\Debug\cymetadata.o
                                0x1f1 (size before relaxing)
 .debug_str     0x000002b5      0x132 .\ARM_GCC_493\Debug\Cm3Start.o
                                0x2d2 (size before relaxing)
 .debug_str     0x000003e7      0x258 .\ARM_GCC_493\Debug\CE210514_PSOC3_5_Thermistor.a(cyfitter_cfg.o)
                                0x3f2 (size before relaxing)
 .debug_str     0x0000063f       0x9d .\ARM_GCC_493\Debug\CE210514_PSOC3_5_Thermistor.a(Thermistor.o)
                                0x237 (size before relaxing)
 .debug_str     0x000006dc       0x73 .\ARM_GCC_493\Debug\CE210514_PSOC3_5_Thermistor.a(Opamp.o)
                                0x1f2 (size before relaxing)
 .debug_str     0x0000074f       0xb0 .\ARM_GCC_493\Debug\CE210514_PSOC3_5_Thermistor.a(VDAC8.o)
                                0x226 (size before relaxing)
 .debug_str     0x000007ff       0x7a .\ARM_GCC_493\Debug\CE210514_PSOC3_5_Thermistor.a(AMux.o)
                                0x1f3 (size before relaxing)
 .debug_str     0x00000879      0x2ed .\ARM_GCC_493\Debug\CE210514_PSOC3_5_Thermistor.a(ADC.o)
                                0x4da (size before relaxing)
 .debug_str     0x00000b66       0x47 .\ARM_GCC_493\Debug\CE210514_PSOC3_5_Thermistor.a(ADC_INT.o)
                                0x1ce (size before relaxing)
 .debug_str     0x00000bad      0x1a1 .\ARM_GCC_493\Debug\CE210514_PSOC3_5_Thermistor.a(UART.o)
                                0x345 (size before relaxing)
 .debug_str     0x00000d4e      0x1b6 .\ARM_GCC_493\Debug\CE210514_PSOC3_5_Thermistor.a(ADC_Ext_CP_Clk.o)
                                0x349 (size before relaxing)
 .debug_str     0x00000f04      0x18c .\ARM_GCC_493\Debug\CE210514_PSOC3_5_Thermistor.a(ADC_theACLK.o)
                                0x368 (size before relaxing)
 .debug_str     0x00001090      0x161 .\ARM_GCC_493\Debug\CE210514_PSOC3_5_Thermistor.a(UART_IntClock.o)
                                0x33d (size before relaxing)
 .debug_str     0x000011f1      0x7eb .\ARM_GCC_493\Debug\CE210514_PSOC3_5_Thermistor.a(CyLib.o)
                                0x9cd (size before relaxing)
 .debug_str     0x000019dc      0x367 .\ARM_GCC_493\Debug\CE210514_PSOC3_5_Thermistor.a(cyPm.o)
                                0x532 (size before relaxing)
 .debug_str     0x00001d43      0x147 .\ARM_GCC_493\Debug\CE210514_PSOC3_5_Thermistor.a(CyFlash.o)
                                0x2f1 (size before relaxing)
 .debug_str     0x00001e8a      0x121 .\ARM_GCC_493\Debug\CE210514_PSOC3_5_Thermistor.a(CySpc.o)
                                0x2ee (size before relaxing)

.debug_loc
 *(.debug_loc)

.debug_macinfo
 *(.debug_macinfo)

.debug_ranges   0x00000000      0x848
 *(.debug_ranges)
 .debug_ranges  0x00000000       0x10 .\ARM_GCC_493\Debug\main.o
 .debug_ranges  0x00000010       0x10 .\ARM_GCC_493\Debug\measurement.o
 .debug_ranges  0x00000020       0x18 .\ARM_GCC_493\Debug\removeOffsetNoise.o
 .debug_ranges  0x00000038       0x38 .\ARM_GCC_493\Debug\Cm3Start.o
 .debug_ranges  0x00000070       0x70 .\ARM_GCC_493\Debug\CE210514_PSOC3_5_Thermistor.a(cyfitter_cfg.o)
 .debug_ranges  0x000000e0       0x18 .\ARM_GCC_493\Debug\CE210514_PSOC3_5_Thermistor.a(Thermistor.o)
 .debug_ranges  0x000000f8       0x30 .\ARM_GCC_493\Debug\CE210514_PSOC3_5_Thermistor.a(Opamp.o)
 .debug_ranges  0x00000128       0x48 .\ARM_GCC_493\Debug\CE210514_PSOC3_5_Thermistor.a(VDAC8.o)
 .debug_ranges  0x00000170       0x30 .\ARM_GCC_493\Debug\CE210514_PSOC3_5_Thermistor.a(AMux.o)
 .debug_ranges  0x000001a0       0xd8 .\ARM_GCC_493\Debug\CE210514_PSOC3_5_Thermistor.a(ADC.o)
 .debug_ranges  0x00000278       0x28 .\ARM_GCC_493\Debug\CE210514_PSOC3_5_Thermistor.a(ADC_INT.o)
 .debug_ranges  0x000002a0       0x90 .\ARM_GCC_493\Debug\CE210514_PSOC3_5_Thermistor.a(UART.o)
 .debug_ranges  0x00000330       0x60 .\ARM_GCC_493\Debug\CE210514_PSOC3_5_Thermistor.a(ADC_Ext_CP_Clk.o)
 .debug_ranges  0x00000390       0x70 .\ARM_GCC_493\Debug\CE210514_PSOC3_5_Thermistor.a(ADC_theACLK.o)
 .debug_ranges  0x00000400       0x60 .\ARM_GCC_493\Debug\CE210514_PSOC3_5_Thermistor.a(UART_IntClock.o)
 .debug_ranges  0x00000460      0x288 .\ARM_GCC_493\Debug\CE210514_PSOC3_5_Thermistor.a(CyLib.o)
 .debug_ranges  0x000006e8       0x88 .\ARM_GCC_493\Debug\CE210514_PSOC3_5_Thermistor.a(cyPm.o)
 .debug_ranges  0x00000770       0x70 .\ARM_GCC_493\Debug\CE210514_PSOC3_5_Thermistor.a(CyFlash.o)
 .debug_ranges  0x000007e0       0x68 .\ARM_GCC_493\Debug\CE210514_PSOC3_5_Thermistor.a(CySpc.o)

.comment        0x00000000       0x70
 .comment       0x00000000       0x70 .\ARM_GCC_493\Debug\main.o
                                 0x71 (size before relaxing)
 .comment       0x00000000       0x71 .\ARM_GCC_493\Debug\measurement.o
 .comment       0x00000000       0x71 .\ARM_GCC_493\Debug\removeOffsetNoise.o
 .comment       0x00000000       0x71 .\ARM_GCC_493\Debug\cymetadata.o
 .comment       0x00000000       0x71 .\ARM_GCC_493\Debug\Cm3Start.o
 .comment       0x00000000       0x71 .\ARM_GCC_493\Debug\CE210514_PSOC3_5_Thermistor.a(cyfitter_cfg.o)
 .comment       0x00000000       0x71 .\ARM_GCC_493\Debug\CE210514_PSOC3_5_Thermistor.a(Thermistor.o)
 .comment       0x00000000       0x71 .\ARM_GCC_493\Debug\CE210514_PSOC3_5_Thermistor.a(Opamp.o)
 .comment       0x00000000       0x71 .\ARM_GCC_493\Debug\CE210514_PSOC3_5_Thermistor.a(VDAC8.o)
 .comment       0x00000000       0x71 .\ARM_GCC_493\Debug\CE210514_PSOC3_5_Thermistor.a(AMux.o)
 .comment       0x00000000       0x71 .\ARM_GCC_493\Debug\CE210514_PSOC3_5_Thermistor.a(ADC.o)
 .comment       0x00000000       0x71 .\ARM_GCC_493\Debug\CE210514_PSOC3_5_Thermistor.a(ADC_INT.o)
 .comment       0x00000000       0x71 .\ARM_GCC_493\Debug\CE210514_PSOC3_5_Thermistor.a(UART.o)
 .comment       0x00000000       0x71 .\ARM_GCC_493\Debug\CE210514_PSOC3_5_Thermistor.a(ADC_Ext_CP_Clk.o)
 .comment       0x00000000       0x71 .\ARM_GCC_493\Debug\CE210514_PSOC3_5_Thermistor.a(ADC_theACLK.o)
 .comment       0x00000000       0x71 .\ARM_GCC_493\Debug\CE210514_PSOC3_5_Thermistor.a(UART_IntClock.o)
 .comment       0x00000000       0x71 .\ARM_GCC_493\Debug\CE210514_PSOC3_5_Thermistor.a(CyLib.o)
 .comment       0x00000000       0x71 .\ARM_GCC_493\Debug\CE210514_PSOC3_5_Thermistor.a(cyPm.o)
 .comment       0x00000000       0x71 .\ARM_GCC_493\Debug\CE210514_PSOC3_5_Thermistor.a(CyFlash.o)
 .comment       0x00000000       0x71 .\ARM_GCC_493\Debug\CE210514_PSOC3_5_Thermistor.a(CySpc.o)

.debug_weaknames
 *(.debug_weaknames)

.debug_funcnames
 *(.debug_funcnames)

.debug_typenames
 *(.debug_typenames)

.debug_varnames
 *(.debug_varnames)

.note.gnu.arm.ident
 *(.note.gnu.arm.ident)

.ARM.attributes
                0x00000000       0x29
 *(.ARM.attributes)
 .ARM.attributes
                0x00000000       0x1d c:/program files (x86)/cypress/psoc creator/3.3/psoc creator/import/gnu/arm/4.9.3/bin/../lib/gcc/arm-none-eabi/4.9.3/armv7-m/crti.o
 .ARM.attributes
                0x0000001d       0x2d c:/program files (x86)/cypress/psoc creator/3.3/psoc creator/import/gnu/arm/4.9.3/bin/../lib/gcc/arm-none-eabi/4.9.3/armv7-m/crtbegin.o
 .ARM.attributes
                0x0000004a       0x1b c:/program files (x86)/cypress/psoc creator/3.3/psoc creator/import/gnu/arm/4.9.3/bin/../lib/gcc/arm-none-eabi/4.9.3/../../../../arm-none-eabi/lib/armv7-m/crt0.o
 .ARM.attributes
                0x00000065       0x33 .\ARM_GCC_493\Debug\main.o
 .ARM.attributes
                0x00000098       0x33 .\ARM_GCC_493\Debug\measurement.o
 .ARM.attributes
                0x000000cb       0x33 .\ARM_GCC_493\Debug\removeOffsetNoise.o
 .ARM.attributes
                0x000000fe       0x33 .\ARM_GCC_493\Debug\cymetadata.o
 .ARM.attributes
                0x00000131       0x33 .\ARM_GCC_493\Debug\Cm3Start.o
 .ARM.attributes
                0x00000164       0x33 .\ARM_GCC_493\Debug\CE210514_PSOC3_5_Thermistor.a(cyfitter_cfg.o)
 .ARM.attributes
                0x00000197       0x33 .\ARM_GCC_493\Debug\CE210514_PSOC3_5_Thermistor.a(Thermistor.o)
 .ARM.attributes
                0x000001ca       0x33 .\ARM_GCC_493\Debug\CE210514_PSOC3_5_Thermistor.a(Opamp.o)
 .ARM.attributes
                0x000001fd       0x33 .\ARM_GCC_493\Debug\CE210514_PSOC3_5_Thermistor.a(VDAC8.o)
 .ARM.attributes
                0x00000230       0x33 .\ARM_GCC_493\Debug\CE210514_PSOC3_5_Thermistor.a(AMux.o)
 .ARM.attributes
                0x00000263       0x33 .\ARM_GCC_493\Debug\CE210514_PSOC3_5_Thermistor.a(ADC.o)
 .ARM.attributes
                0x00000296       0x33 .\ARM_GCC_493\Debug\CE210514_PSOC3_5_Thermistor.a(ADC_INT.o)
 .ARM.attributes
                0x000002c9       0x33 .\ARM_GCC_493\Debug\CE210514_PSOC3_5_Thermistor.a(UART.o)
 .ARM.attributes
                0x000002fc       0x33 .\ARM_GCC_493\Debug\CE210514_PSOC3_5_Thermistor.a(ADC_Ext_CP_Clk.o)
 .ARM.attributes
                0x0000032f       0x33 .\ARM_GCC_493\Debug\CE210514_PSOC3_5_Thermistor.a(ADC_theACLK.o)
 .ARM.attributes
                0x00000362       0x33 .\ARM_GCC_493\Debug\CE210514_PSOC3_5_Thermistor.a(UART_IntClock.o)
 .ARM.attributes
                0x00000395       0x21 .\ARM_GCC_493\Debug\CE210514_PSOC3_5_Thermistor.a(CyBootAsmGnu.o)
 .ARM.attributes
                0x000003b6       0x33 .\ARM_GCC_493\Debug\CE210514_PSOC3_5_Thermistor.a(CyLib.o)
 .ARM.attributes
                0x000003e9       0x33 .\ARM_GCC_493\Debug\CE210514_PSOC3_5_Thermistor.a(cyPm.o)
 .ARM.attributes
                0x0000041c       0x33 .\ARM_GCC_493\Debug\CE210514_PSOC3_5_Thermistor.a(CyFlash.o)
 .ARM.attributes
                0x0000044f       0x33 .\ARM_GCC_493\Debug\CE210514_PSOC3_5_Thermistor.a(CySpc.o)
 .ARM.attributes
                0x00000482       0x2d c:/program files (x86)/cypress/psoc creator/3.3/psoc creator/import/gnu/arm/4.9.3/bin/../lib/gcc/arm-none-eabi/4.9.3/../../../../arm-none-eabi/lib/armv7-m\libm.a(lib_a-w_log.o)
 .ARM.attributes
                0x000004af       0x2d c:/program files (x86)/cypress/psoc creator/3.3/psoc creator/import/gnu/arm/4.9.3/bin/../lib/gcc/arm-none-eabi/4.9.3/../../../../arm-none-eabi/lib/armv7-m\libm.a(lib_a-w_pow.o)
 .ARM.attributes
                0x000004dc       0x2d c:/program files (x86)/cypress/psoc creator/3.3/psoc creator/import/gnu/arm/4.9.3/bin/../lib/gcc/arm-none-eabi/4.9.3/../../../../arm-none-eabi/lib/armv7-m\libm.a(lib_a-e_log.o)
 .ARM.attributes
                0x00000509       0x2d c:/program files (x86)/cypress/psoc creator/3.3/psoc creator/import/gnu/arm/4.9.3/bin/../lib/gcc/arm-none-eabi/4.9.3/../../../../arm-none-eabi/lib/armv7-m\libm.a(lib_a-e_pow.o)
 .ARM.attributes
                0x00000536       0x2d c:/program files (x86)/cypress/psoc creator/3.3/psoc creator/import/gnu/arm/4.9.3/bin/../lib/gcc/arm-none-eabi/4.9.3/../../../../arm-none-eabi/lib/armv7-m\libm.a(lib_a-e_sqrt.o)
 .ARM.attributes
                0x00000563       0x2d c:/program files (x86)/cypress/psoc creator/3.3/psoc creator/import/gnu/arm/4.9.3/bin/../lib/gcc/arm-none-eabi/4.9.3/../../../../arm-none-eabi/lib/armv7-m\libm.a(lib_a-s_fabs.o)
 .ARM.attributes
                0x00000590       0x2d c:/program files (x86)/cypress/psoc creator/3.3/psoc creator/import/gnu/arm/4.9.3/bin/../lib/gcc/arm-none-eabi/4.9.3/../../../../arm-none-eabi/lib/armv7-m\libm.a(lib_a-s_finite.o)
 .ARM.attributes
                0x000005bd       0x2d c:/program files (x86)/cypress/psoc creator/3.3/psoc creator/import/gnu/arm/4.9.3/bin/../lib/gcc/arm-none-eabi/4.9.3/../../../../arm-none-eabi/lib/armv7-m\libm.a(lib_a-s_fpclassify.o)
 .ARM.attributes
                0x000005ea       0x2d c:/program files (x86)/cypress/psoc creator/3.3/psoc creator/import/gnu/arm/4.9.3/bin/../lib/gcc/arm-none-eabi/4.9.3/../../../../arm-none-eabi/lib/armv7-m\libm.a(lib_a-s_lib_ver.o)
 .ARM.attributes
                0x00000617       0x2d c:/program files (x86)/cypress/psoc creator/3.3/psoc creator/import/gnu/arm/4.9.3/bin/../lib/gcc/arm-none-eabi/4.9.3/../../../../arm-none-eabi/lib/armv7-m\libm.a(lib_a-s_matherr.o)
 .ARM.attributes
                0x00000644       0x2d c:/program files (x86)/cypress/psoc creator/3.3/psoc creator/import/gnu/arm/4.9.3/bin/../lib/gcc/arm-none-eabi/4.9.3/../../../../arm-none-eabi/lib/armv7-m\libm.a(lib_a-s_nan.o)
 .ARM.attributes
                0x00000671       0x2d c:/program files (x86)/cypress/psoc creator/3.3/psoc creator/import/gnu/arm/4.9.3/bin/../lib/gcc/arm-none-eabi/4.9.3/../../../../arm-none-eabi/lib/armv7-m\libm.a(lib_a-s_rint.o)
 .ARM.attributes
                0x0000069e       0x2d c:/program files (x86)/cypress/psoc creator/3.3/psoc creator/import/gnu/arm/4.9.3/bin/../lib/gcc/arm-none-eabi/4.9.3/../../../../arm-none-eabi/lib/armv7-m\libm.a(lib_a-s_scalbn.o)
 .ARM.attributes
                0x000006cb       0x2d c:/program files (x86)/cypress/psoc creator/3.3/psoc creator/import/gnu/arm/4.9.3/bin/../lib/gcc/arm-none-eabi/4.9.3/../../../../arm-none-eabi/lib/armv7-m\libm.a(lib_a-s_copysign.o)
 .ARM.attributes
                0x000006f8       0x1d c:/program files (x86)/cypress/psoc creator/3.3/psoc creator/import/gnu/arm/4.9.3/bin/../lib/gcc/arm-none-eabi/4.9.3/armv7-m\libgcc.a(_arm_addsubdf3.o)
 .ARM.attributes
                0x00000715       0x1d c:/program files (x86)/cypress/psoc creator/3.3/psoc creator/import/gnu/arm/4.9.3/bin/../lib/gcc/arm-none-eabi/4.9.3/armv7-m\libgcc.a(_arm_muldivdf3.o)
 .ARM.attributes
                0x00000732       0x1d c:/program files (x86)/cypress/psoc creator/3.3/psoc creator/import/gnu/arm/4.9.3/bin/../lib/gcc/arm-none-eabi/4.9.3/armv7-m\libgcc.a(_arm_cmpdf2.o)
 .ARM.attributes
                0x0000074f       0x1d c:/program files (x86)/cypress/psoc creator/3.3/psoc creator/import/gnu/arm/4.9.3/bin/../lib/gcc/arm-none-eabi/4.9.3/armv7-m\libgcc.a(_arm_truncdfsf2.o)
 .ARM.attributes
                0x0000076c       0x1d c:/program files (x86)/cypress/psoc creator/3.3/psoc creator/import/gnu/arm/4.9.3/bin/../lib/gcc/arm-none-eabi/4.9.3/armv7-m\libgcc.a(_arm_addsubsf3.o)
 .ARM.attributes
                0x00000789       0x1d c:/program files (x86)/cypress/psoc creator/3.3/psoc creator/import/gnu/arm/4.9.3/bin/../lib/gcc/arm-none-eabi/4.9.3/armv7-m\libgcc.a(_arm_muldivsf3.o)
 .ARM.attributes
                0x000007a6       0x1d c:/program files (x86)/cypress/psoc creator/3.3/psoc creator/import/gnu/arm/4.9.3/bin/../lib/gcc/arm-none-eabi/4.9.3/armv7-m\libgcc.a(_arm_fixsfsi.o)
 .ARM.attributes
                0x000007c3       0x1d c:/program files (x86)/cypress/psoc creator/3.3/psoc creator/import/gnu/arm/4.9.3/bin/../lib/gcc/arm-none-eabi/4.9.3/armv7-m\libgcc.a(_arm_fixunssfsi.o)
 .ARM.attributes
                0x000007e0       0x2d c:/program files (x86)/cypress/psoc creator/3.3/psoc creator/import/gnu/arm/4.9.3/bin/../lib/gcc/arm-none-eabi/4.9.3/../../../../arm-none-eabi/lib/armv7-m\libg_nano.a(lib_a-errno.o)
 .ARM.attributes
                0x0000080d       0x2d c:/program files (x86)/cypress/psoc creator/3.3/psoc creator/import/gnu/arm/4.9.3/bin/../lib/gcc/arm-none-eabi/4.9.3/../../../../arm-none-eabi/lib/armv7-m\libg_nano.a(lib_a-exit.o)
 .ARM.attributes
                0x0000083a       0x2d c:/program files (x86)/cypress/psoc creator/3.3/psoc creator/import/gnu/arm/4.9.3/bin/../lib/gcc/arm-none-eabi/4.9.3/../../../../arm-none-eabi/lib/armv7-m\libg_nano.a(lib_a-impure.o)
 .ARM.attributes
                0x00000867       0x2d c:/program files (x86)/cypress/psoc creator/3.3/psoc creator/import/gnu/arm/4.9.3/bin/../lib/gcc/arm-none-eabi/4.9.3/../../../../arm-none-eabi/lib/armv7-m\libg_nano.a(lib_a-init.o)
 .ARM.attributes
                0x00000894       0x2d c:/program files (x86)/cypress/psoc creator/3.3/psoc creator/import/gnu/arm/4.9.3/bin/../lib/gcc/arm-none-eabi/4.9.3/../../../../arm-none-eabi/lib/armv7-m\libg_nano.a(lib_a-memcpy.o)
 .ARM.attributes
                0x000008c1       0x2d c:/program files (x86)/cypress/psoc creator/3.3/psoc creator/import/gnu/arm/4.9.3/bin/../lib/gcc/arm-none-eabi/4.9.3/../../../../arm-none-eabi/lib/armv7-m\libg_nano.a(lib_a-memset.o)
 .ARM.attributes
                0x000008ee       0x2d c:/program files (x86)/cypress/psoc creator/3.3/psoc creator/import/gnu/arm/4.9.3/bin/../lib/gcc/arm-none-eabi/4.9.3/../../../../arm-none-eabi/lib/armv7-m\libg_nano.a(lib_a-nano-vfprintf_float.o)
 .ARM.attributes
                0x0000091b       0x2d c:/program files (x86)/cypress/psoc creator/3.3/psoc creator/import/gnu/arm/4.9.3/bin/../lib/gcc/arm-none-eabi/4.9.3/../../../../arm-none-eabi/lib/armv7-m\libg_nano.a(lib_a-nano-vfprintf_i.o)
 .ARM.attributes
                0x00000948       0x2d c:/program files (x86)/cypress/psoc creator/3.3/psoc creator/import/gnu/arm/4.9.3/bin/../lib/gcc/arm-none-eabi/4.9.3/../../../../arm-none-eabi/lib/armv7-m\libg_nano.a(lib_a-sprintf.o)
 .ARM.attributes
                0x00000975       0x2d c:/program files (x86)/cypress/psoc creator/3.3/psoc creator/import/gnu/arm/4.9.3/bin/../lib/gcc/arm-none-eabi/4.9.3/../../../../arm-none-eabi/lib/armv7-m\libg_nano.a(lib_a-strlen.o)
 .ARM.attributes
                0x000009a2       0x2d c:/program files (x86)/cypress/psoc creator/3.3/psoc creator/import/gnu/arm/4.9.3/bin/../lib/gcc/arm-none-eabi/4.9.3/../../../../arm-none-eabi/lib/armv7-m\libg_nano.a(lib_a-dtoa.o)
 .ARM.attributes
                0x000009cf       0x2d c:/program files (x86)/cypress/psoc creator/3.3/psoc creator/import/gnu/arm/4.9.3/bin/../lib/gcc/arm-none-eabi/4.9.3/../../../../arm-none-eabi/lib/armv7-m\libg_nano.a(lib_a-locale.o)
 .ARM.attributes
                0x000009fc       0x2d c:/program files (x86)/cypress/psoc creator/3.3/psoc creator/import/gnu/arm/4.9.3/bin/../lib/gcc/arm-none-eabi/4.9.3/../../../../arm-none-eabi/lib/armv7-m\libg_nano.a(lib_a-malloc.o)
 .ARM.attributes
                0x00000a29       0x2d c:/program files (x86)/cypress/psoc creator/3.3/psoc creator/import/gnu/arm/4.9.3/bin/../lib/gcc/arm-none-eabi/4.9.3/../../../../arm-none-eabi/lib/armv7-m\libg_nano.a(lib_a-memchr.o)
 .ARM.attributes
                0x00000a56       0x2d c:/program files (x86)/cypress/psoc creator/3.3/psoc creator/import/gnu/arm/4.9.3/bin/../lib/gcc/arm-none-eabi/4.9.3/../../../../arm-none-eabi/lib/armv7-m\libg_nano.a(lib_a-mprec.o)
 .ARM.attributes
                0x00000a83       0x2d c:/program files (x86)/cypress/psoc creator/3.3/psoc creator/import/gnu/arm/4.9.3/bin/../lib/gcc/arm-none-eabi/4.9.3/../../../../arm-none-eabi/lib/armv7-m\libg_nano.a(lib_a-nano-callocr.o)
 .ARM.attributes
                0x00000ab0       0x2d c:/program files (x86)/cypress/psoc creator/3.3/psoc creator/import/gnu/arm/4.9.3/bin/../lib/gcc/arm-none-eabi/4.9.3/../../../../arm-none-eabi/lib/armv7-m\libg_nano.a(lib_a-nano-freer.o)
 .ARM.attributes
                0x00000add       0x2d c:/program files (x86)/cypress/psoc creator/3.3/psoc creator/import/gnu/arm/4.9.3/bin/../lib/gcc/arm-none-eabi/4.9.3/../../../../arm-none-eabi/lib/armv7-m\libg_nano.a(lib_a-nano-mallocr.o)
 .ARM.attributes
                0x00000b0a       0x2d c:/program files (x86)/cypress/psoc creator/3.3/psoc creator/import/gnu/arm/4.9.3/bin/../lib/gcc/arm-none-eabi/4.9.3/../../../../arm-none-eabi/lib/armv7-m\libg_nano.a(lib_a-nano-svfprintf.o)
 .ARM.attributes
                0x00000b37       0x2d c:/program files (x86)/cypress/psoc creator/3.3/psoc creator/import/gnu/arm/4.9.3/bin/../lib/gcc/arm-none-eabi/4.9.3/../../../../arm-none-eabi/lib/armv7-m\libg_nano.a(lib_a-sbrkr.o)
 .ARM.attributes
                0x00000b64       0x1b c:/program files (x86)/cypress/psoc creator/3.3/psoc creator/import/gnu/arm/4.9.3/bin/../lib/gcc/arm-none-eabi/4.9.3/../../../../arm-none-eabi/lib/armv7-m\libg_nano.a(lib_a-strcmp.o)
 .ARM.attributes
                0x00000b7f       0x2d c:/program files (x86)/cypress/psoc creator/3.3/psoc creator/import/gnu/arm/4.9.3/bin/../lib/gcc/arm-none-eabi/4.9.3/../../../../arm-none-eabi/lib/armv7-m\libg_nano.a(lib_a-memmove.o)
 .ARM.attributes
                0x00000bac       0x2d c:/program files (x86)/cypress/psoc creator/3.3/psoc creator/import/gnu/arm/4.9.3/bin/../lib/gcc/arm-none-eabi/4.9.3/../../../../arm-none-eabi/lib/armv7-m\libg_nano.a(lib_a-nano-reallocr.o)
 .ARM.attributes
                0x00000bd9       0x2d c:/program files (x86)/cypress/psoc creator/3.3/psoc creator/import/gnu/arm/4.9.3/bin/../lib/gcc/arm-none-eabi/4.9.3/../../../../arm-none-eabi/lib/armv7-m\libg_nano.a(lib_a-reent.o)
 .ARM.attributes
                0x00000c06       0x2d c:/program files (x86)/cypress/psoc creator/3.3/psoc creator/import/gnu/arm/4.9.3/bin/../lib/gcc/arm-none-eabi/4.9.3/../../../../arm-none-eabi/lib/armv7-m\libg_nano.a(lib_a-nano-msizer.o)
 .ARM.attributes
                0x00000c33       0x1d c:/program files (x86)/cypress/psoc creator/3.3/psoc creator/import/gnu/arm/4.9.3/bin/../lib/gcc/arm-none-eabi/4.9.3/armv7-m\libgcc.a(_arm_fixdfsi.o)
 .ARM.attributes
                0x00000c50       0x2d c:/program files (x86)/cypress/psoc creator/3.3/psoc creator/import/gnu/arm/4.9.3/bin/../lib/gcc/arm-none-eabi/4.9.3/armv7-m/crtend.o
 .ARM.attributes
                0x00000c7d       0x1d c:/program files (x86)/cypress/psoc creator/3.3/psoc creator/import/gnu/arm/4.9.3/bin/../lib/gcc/arm-none-eabi/4.9.3/armv7-m/crtn.o

/DISCARD/
 *(.note.GNU-stack)
OUTPUT(.\ARM_GCC_493\Debug\CE210514_PSOC3_5_Thermistor.elf elf32-littlearm)